../Core/Src/main.c:92:5:main	56	static,ignoring_inline_asm
../Core/Src/main.c:180:6:SystemClock_Config	104	static
../Core/Src/main.c:233:13:MX_RTC_Init	8	static
../Core/Src/main.c:267:13:MX_USART2_UART_Init	8	static
../Core/Src/main.c:300:13:MX_GPIO_Init	56	static
../Core/Src/main.c:435:6:rtc_report_callback	16	static
../Core/Src/main.c:442:6:led_effect_callback	24	static
../Core/Src/main.c:467:6:HAL_UART_RxCpltCallback	32	static
../Core/Src/main.c:508:6:HAL_TIM_PeriodElapsedCallback	16	static
../Core/Src/main.c:525:6:Error_Handler	4	static,ignoring_inline_asm
