Archive member included to satisfy reference by file (symbol)

/opt/st/stm32cubeide_1.19.0/plugins/com.st.stm32cube.ide.mcu.externaltools.gnu-tools-for-stm32.13.3.rel1.linux64_1.0.0.202410170706/tools/bin/../lib/gcc/arm-none-eabi/13.3.1/../../../../arm-none-eabi/lib/thumb/v7e-m+fp/hard/libc_nano.a(libc_a-exit.o)
                              /opt/st/stm32cubeide_1.19.0/plugins/com.st.stm32cube.ide.mcu.externaltools.gnu-tools-for-stm32.13.3.rel1.linux64_1.0.0.202410170706/tools/bin/../lib/gcc/arm-none-eabi/13.3.1/../../../../arm-none-eabi/lib/thumb/v7e-m+fp/hard/crt0.o (exit)
/opt/st/stm32cubeide_1.19.0/plugins/com.st.stm32cube.ide.mcu.externaltools.gnu-tools-for-stm32.13.3.rel1.linux64_1.0.0.202410170706/tools/bin/../lib/gcc/arm-none-eabi/13.3.1/../../../../arm-none-eabi/lib/thumb/v7e-m+fp/hard/libc_nano.a(libc_a-findfp.o)
                              /opt/st/stm32cubeide_1.19.0/plugins/com.st.stm32cube.ide.mcu.externaltools.gnu-tools-for-stm32.13.3.rel1.linux64_1.0.0.202410170706/tools/bin/../lib/gcc/arm-none-eabi/13.3.1/../../../../arm-none-eabi/lib/thumb/v7e-m+fp/hard/libc_nano.a(libc_a-exit.o) (__stdio_exit_handler)
/opt/st/stm32cubeide_1.19.0/plugins/com.st.stm32cube.ide.mcu.externaltools.gnu-tools-for-stm32.13.3.rel1.linux64_1.0.0.202410170706/tools/bin/../lib/gcc/arm-none-eabi/13.3.1/../../../../arm-none-eabi/lib/thumb/v7e-m+fp/hard/libc_nano.a(libc_a-fwalk.o)
                              /opt/st/stm32cubeide_1.19.0/plugins/com.st.stm32cube.ide.mcu.externaltools.gnu-tools-for-stm32.13.3.rel1.linux64_1.0.0.202410170706/tools/bin/../lib/gcc/arm-none-eabi/13.3.1/../../../../arm-none-eabi/lib/thumb/v7e-m+fp/hard/libc_nano.a(libc_a-findfp.o) (_fwalk_sglue)
/opt/st/stm32cubeide_1.19.0/plugins/com.st.stm32cube.ide.mcu.externaltools.gnu-tools-for-stm32.13.3.rel1.linux64_1.0.0.202410170706/tools/bin/../lib/gcc/arm-none-eabi/13.3.1/../../../../arm-none-eabi/lib/thumb/v7e-m+fp/hard/libc_nano.a(libc_a-printf.o)
                              ./Core/Src/rtc.o (printf)
/opt/st/stm32cubeide_1.19.0/plugins/com.st.stm32cube.ide.mcu.externaltools.gnu-tools-for-stm32.13.3.rel1.linux64_1.0.0.202410170706/tools/bin/../lib/gcc/arm-none-eabi/13.3.1/../../../../arm-none-eabi/lib/thumb/v7e-m+fp/hard/libc_nano.a(libc_a-sprintf.o)
                              ./Core/Src/rtc.o (sprintf)
/opt/st/stm32cubeide_1.19.0/plugins/com.st.stm32cube.ide.mcu.externaltools.gnu-tools-for-stm32.13.3.rel1.linux64_1.0.0.202410170706/tools/bin/../lib/gcc/arm-none-eabi/13.3.1/../../../../arm-none-eabi/lib/thumb/v7e-m+fp/hard/libc_nano.a(libc_a-stdio.o)
                              /opt/st/stm32cubeide_1.19.0/plugins/com.st.stm32cube.ide.mcu.externaltools.gnu-tools-for-stm32.13.3.rel1.linux64_1.0.0.202410170706/tools/bin/../lib/gcc/arm-none-eabi/13.3.1/../../../../arm-none-eabi/lib/thumb/v7e-m+fp/hard/libc_nano.a(libc_a-findfp.o) (__sread)
/opt/st/stm32cubeide_1.19.0/plugins/com.st.stm32cube.ide.mcu.externaltools.gnu-tools-for-stm32.13.3.rel1.linux64_1.0.0.202410170706/tools/bin/../lib/gcc/arm-none-eabi/13.3.1/../../../../arm-none-eabi/lib/thumb/v7e-m+fp/hard/libc_nano.a(libc_a-memset.o)
                              /opt/st/stm32cubeide_1.19.0/plugins/com.st.stm32cube.ide.mcu.externaltools.gnu-tools-for-stm32.13.3.rel1.linux64_1.0.0.202410170706/tools/bin/../lib/gcc/arm-none-eabi/13.3.1/../../../../arm-none-eabi/lib/thumb/v7e-m+fp/hard/crt0.o (memset)
/opt/st/stm32cubeide_1.19.0/plugins/com.st.stm32cube.ide.mcu.externaltools.gnu-tools-for-stm32.13.3.rel1.linux64_1.0.0.202410170706/tools/bin/../lib/gcc/arm-none-eabi/13.3.1/../../../../arm-none-eabi/lib/thumb/v7e-m+fp/hard/libc_nano.a(libc_a-closer.o)
                              /opt/st/stm32cubeide_1.19.0/plugins/com.st.stm32cube.ide.mcu.externaltools.gnu-tools-for-stm32.13.3.rel1.linux64_1.0.0.202410170706/tools/bin/../lib/gcc/arm-none-eabi/13.3.1/../../../../arm-none-eabi/lib/thumb/v7e-m+fp/hard/libc_nano.a(libc_a-stdio.o) (_close_r)
/opt/st/stm32cubeide_1.19.0/plugins/com.st.stm32cube.ide.mcu.externaltools.gnu-tools-for-stm32.13.3.rel1.linux64_1.0.0.202410170706/tools/bin/../lib/gcc/arm-none-eabi/13.3.1/../../../../arm-none-eabi/lib/thumb/v7e-m+fp/hard/libc_nano.a(libc_a-reent.o)
                              /opt/st/stm32cubeide_1.19.0/plugins/com.st.stm32cube.ide.mcu.externaltools.gnu-tools-for-stm32.13.3.rel1.linux64_1.0.0.202410170706/tools/bin/../lib/gcc/arm-none-eabi/13.3.1/../../../../arm-none-eabi/lib/thumb/v7e-m+fp/hard/libc_nano.a(libc_a-closer.o) (errno)
/opt/st/stm32cubeide_1.19.0/plugins/com.st.stm32cube.ide.mcu.externaltools.gnu-tools-for-stm32.13.3.rel1.linux64_1.0.0.202410170706/tools/bin/../lib/gcc/arm-none-eabi/13.3.1/../../../../arm-none-eabi/lib/thumb/v7e-m+fp/hard/libc_nano.a(libc_a-impure.o)
[...]
Memory Configuration

Name             Origin             Length             Attributes
CCMRAM           0x10000000         0x00010000         xrw
RAM              0x20000000         0x00020000         xrw
FLASH            0x08000000         0x00100000         xr
*default*        0x00000000         0xffffffff

Linker script and memory map

LOAD /opt/st/stm32cubeide_1.19.0/plugins/com.st.stm32cube.ide.mcu.externaltools.gnu-tools-for-stm32.13.3.rel1.linux64_1.0.0.202410170706/tools/bin/../lib/gcc/arm-none-eabi/13.3.1/thumb/v7e-m+fp/hard/crti.o
LOAD /opt/st/stm32cubeide_1.19.0/plugins/com.st.stm32cube.ide.mcu.externaltools.gnu-tools-for-stm32.13.3.rel1.linux64_1.0.0.202410170706/tools/bin/../lib/gcc/arm-none-eabi/13.3.1/thumb/v7e-m+fp/hard/crtbegin.o
LOAD /opt/st/stm32cubeide_1.19.0/plugins/com.st.stm32cube.ide.mcu.externaltools.gnu-tools-for-stm32.13.3.rel1.linux64_1.0.0.202410170706/tools/bin/../lib/gcc/arm-none-eabi/13.3.1/../../../../arm-none-eabi/lib/thumb/v7e-m+fp/hard/crt0.o
LOAD ./Core/Src/led_effect.o
LOAD ./Core/Src/main.o
LOAD ./Core/Src/rtc.o
LOAD ./Core/Src/stm32f4xx_hal_msp.o
LOAD ./Core/Src/stm32f4xx_hal_timebase_tim.o
LOAD ./Core/Src/stm32f4xx_it.o
LOAD ./Core/Src/syscalls.o
LOAD ./Core/Src/sysmem.o
LOAD ./Core/Src/system_stm32f4xx.o
LOAD ./Core/Src/task_handler.o
LOAD ./Core/Startup/startup_stm32f407vgtx.o
LOAD ./Drivers/STM32F4xx_HAL_Driver/Src/stm32f4xx_hal.o
LOAD ./Drivers/STM32F4xx_HAL_Driver/Src/stm32f4xx_hal_cortex.o
LOAD ./Drivers/STM32F4xx_HAL_Driver/Src/stm32f4xx_hal_dma.o
LOAD ./Drivers/STM32F4xx_HAL_Driver/Src/stm32f4xx_hal_dma_ex.o
LOAD ./Drivers/STM32F4xx_HAL_Driver/Src/stm32f4xx_hal_exti.o
LOAD ./Drivers/STM32F4xx_HAL_Driver/Src/stm32f4xx_hal_flash.o
LOAD ./Drivers/STM32F4xx_HAL_Driver/Src/stm32f4xx_hal_flash_ex.o
LOAD ./Drivers/STM32F4xx_HAL_Driver/Src/stm32f4xx_hal_flash_ramfunc.o
LOAD ./Drivers/STM32F4xx_HAL_Driver/Src/stm32f4xx_hal_gpio.o
LOAD ./Drivers/STM32F4xx_HAL_Driver/Src/stm32f4xx_hal_pwr.o
LOAD ./Drivers/STM32F4xx_HAL_Driver/Src/stm32f4xx_hal_pwr_ex.o
LOAD ./Drivers/STM32F4xx_HAL_Driver/Src/stm32f4xx_hal_rcc.o
LOAD ./Drivers/STM32F4xx_HAL_Driver/Src/stm32f4xx_hal_rcc_ex.o
LOAD ./Drivers/STM32F4xx_HAL_Driver/Src/stm32f4xx_hal_rtc.o
LOAD ./Drivers/STM32F4xx_HAL_Driver/Src/stm32f4xx_hal_rtc_ex.o
LOAD ./Drivers/STM32F4xx_HAL_Driver/Src/stm32f4xx_hal_tim.o
LOAD ./Drivers/STM32F4xx_HAL_Driver/Src/stm32f4xx_hal_tim_ex.o
LOAD ./Drivers/STM32F4xx_HAL_Driver/Src/stm32f4xx_hal_uart.o
LOAD ./common/ThirdParty/FreeRTOS/croutine.o
LOAD ./common/ThirdParty/FreeRTOS/event_groups.o
LOAD ./common/ThirdParty/FreeRTOS/list.o
LOAD ./common/ThirdParty/FreeRTOS/queue.o
LOAD ./common/ThirdParty/FreeRTOS/stream_buffer.o
LOAD ./common/ThirdParty/FreeRTOS/tasks.o
LOAD ./common/ThirdParty/FreeRTOS/timers.o
LOAD ./common/ThirdParty/FreeRTOS/portable/GCC/ARM_CM4F/port.o
LOAD ./common/ThirdParty/FreeRTOS/portable/MemMang/heap_4.o
START GROUP
LOAD /opt/st/stm32cubeide_1.19.0/plugins/com.st.stm32cube.ide.mcu.externaltools.gnu-tools-for-stm32.13.3.rel1.linux64_1.0.0.202410170706/tools/bin/../lib/gcc/arm-none-eabi/13.3.1/../../../../arm-none-eabi/lib/thumb/v7e-m+fp/hard/libc_nano.a
LOAD /opt/st/stm32cubeide_1.19.0/plugins/com.st.stm32cube.ide.mcu.externaltools.gnu-tools-for-stm32.13.3.rel1.linux64_1.0.0.202410170706/tools/bin/../lib/gcc/arm-none-eabi/13.3.1/../../../../arm-none-eabi/lib/thumb/v7e-m+fp/hard/libm.a
END GROUP
START GROUP
LOAD /opt/st/stm32cubeide_1.19.0/plugins/com.st.stm32cube.ide.mcu.externaltools.gnu-tools-for-stm32.13.3.rel1.linux64_1.0.0.202410170706/tools/bin/../lib/gcc/arm-none-eabi/13.3.1/thumb/v7e-m+fp/hard/libgcc.a
LOAD /opt/st/stm32cubeide_1.19.0/plugins/com.st.stm32cube.ide.mcu.externaltools.gnu-tools-for-stm32.13.3.rel1.linux64_1.0.0.202410170706/tools/bin/../lib/gcc/arm-none-eabi/13.3.1/../../../../arm-none-eabi/lib/thumb/v7e-m+fp/hard/libc_nano.a
END GROUP
START GROUP
LOAD /opt/st/stm32cubeide_1.19.0/plugins/com.st.stm32cube.ide.mcu.externaltools.gnu-tools-for-stm32.13.3.rel1.linux64_1.0.0.202410170706/tools/bin/../lib/gcc/arm-none-eabi/13.3.1/thumb/v7e-m+fp/hard/libgcc.a
LOAD /opt/st/stm32cubeide_1.19.0/plugins/com.st.stm32cube.ide.mcu.externaltools.gnu-tools-for-stm32.13.3.rel1.linux64_1.0.0.202410170706/tools/bin/../lib/gcc/arm-none-eabi/13.3.1/../../../../arm-none-eabi/lib/thumb/v7e-m+fp/hard/libc_nano.a
LOAD /opt/st/stm32cubeide_1.19.0/plugins/com.st.stm32cube.ide.mcu.externaltools.gnu-tools-for-stm32.13.3.rel1.linux64_1.0.0.202410170706/tools/bin/../lib/gcc/arm-none-eabi/13.3.1/../../../../arm-none-eabi/lib/thumb/v7e-m+fp/hard/libnosys.a
END GROUP
START GROUP
LOAD /opt/st/stm32cubeide_1.19.0/plugins/com.st.stm32cube.ide.mcu.externaltools.gnu-tools-for-stm32.13.3.rel1.linux64_1.0.0.202410170706/tools/bin/../lib/gcc/arm-none-eabi/13.3.1/thumb/v7e-m+fp/hard/libgcc.a
LOAD /opt/st/stm32cubeide_1.19.0/plugins/com.st.stm32cube.ide.mcu.externaltools.gnu-tools-for-stm32.13.3.rel1.linux64_1.0.0.202410170706/tools/bin/../lib/gcc/arm-none-eabi/13.3.1/../../../../arm-none-eabi/lib/thumb/v7e-m+fp/hard/libc_nano.a
LOAD /opt/st/stm32cubeide_1.19.0/plugins/com.st.stm32cube.ide.mcu.externaltools.gnu-tools-for-stm32.13.3.rel1.linux64_1.0.0.202410170706/tools/bin/../lib/gcc/arm-none-eabi/13.3.1/../../../../arm-none-eabi/lib/thumb/v7e-m+fp/hard/libnosys.a
END GROUP
LOAD /opt/st/stm32cubeide_1.19.0/plugins/com.st.stm32cube.ide.mcu.externaltools.gnu-tools-for-stm32.13.3.rel1.linux64_1.0.0.202410170706/tools/bin/../lib/gcc/arm-none-eabi/13.3.1/thumb/v7e-m+fp/hard/crtend.o
LOAD /opt/st/stm32cubeide_1.19.0/plugins/com.st.stm32cube.ide.mcu.externaltools.gnu-tools-for-stm32.13.3.rel1.linux64_1.0.0.202410170706/tools/bin/../lib/gcc/arm-none-eabi/13.3.1/thumb/v7e-m+fp/hard/crtn.o
                0x20020000                        _estack = (ORIGIN (RAM) + LENGTH (RAM))
                0x00000200                        _Min_Heap_Size = 0x200
                0x00000400                        _Min_Stack_Size = 0x400

.isr_vector     0x08000000      0x188
                0x08000000                        . = ALIGN (0x4)
 *(.isr_vector)
 .isr_vector    0x08000000      0x188 ./Core/Startup/startup_stm32f407vgtx.o
                0x08000000                g_pfnVectors
                0x08000188                        . = ALIGN (0x4)

.text           0x08000190     0x8c78
                0x08000190                        . = ALIGN (0x4)
 *(.text)
 .text          0x08000190       0x40 /opt/st/stm32cubeide_1.19.0/plugins/com.st.stm32cube.ide.mcu.externaltools.gnu-tools-for-stm32.13.3.rel1.linux64_1.0.0.202410170706/tools/bin/../lib/gcc/arm-none-eabi/13.3.1/thumb/v7e-m+fp/hard/crtbegin.o
 .text          0x080001d0       0x14 /opt/st/stm32cubeide_1.19.0/plugins/com.st.stm32cube.ide.mcu.externaltools.gnu-tools-for-stm32.13.3.rel1.linux64_1.0.0.202410170706/tools/bin/../lib/gcc/arm-none-eabi/13.3.1/../../../../arm-none-eabi/lib/thumb/v7e-m+fp/hard/libc_nano.a(libc_a-strcmp.o)
                0x080001d0                strcmp
 .text          0x080001e4       0x10 /opt/st/stm32cubeide_1.19.0/plugins/com.st.stm32cube.ide.mcu.externaltools.gnu-tools-for-stm32.13.3.rel1.linux64_1.0.0.202410170706/tools/bin/../lib/gcc/arm-none-eabi/13.3.1/../../../../arm-none-eabi/lib/thumb/v7e-m+fp/hard/libc_nano.a(libc_a-strlen.o)
                0x080001e4                strlen
 *fill*         0x080001f4        0xc 
 .text          0x08000200       0xa0 /opt/st/stm32cubeide_1.19.0/plugins/com.st.stm32cube.ide.mcu.externaltools.gnu-tools-for-stm32.13.3.rel1.linux64_1.0.0.202410170706/tools/bin/../lib/gcc/arm-none-eabi/13.3.1/../../../../arm-none-eabi/lib/thumb/v7e-m+fp/hard/libc_nano.a(libc_a-memchr.o)
                0x08000200                memchr
 .text          0x080002a0       0x30 /opt/st/stm32cubeide_1.19.0/plugins/com.st.stm32cube.ide.mcu.externaltools.gnu-tools-for-stm32.13.3.rel1.linux64_1.0.0.202410170706/tools/bin/../lib/gcc/arm-none-eabi/13.3.1/thumb/v7e-m+fp/hard/libgcc.a(_aeabi_uldivmod.o)
                0x080002a0                __aeabi_uldivmod
 .text          0x080002d0      0x2f8 /opt/st/stm32cubeide_1.19.0/plugins/com.st.stm32cube.ide.mcu.externaltools.gnu-tools-for-stm32.13.3.rel1.linux64_1.0.0.202410170706/tools/bin/../lib/gcc/arm-none-eabi/13.3.1/thumb/v7e-m+fp/hard/libgcc.a(_udivmoddi4.o)
                0x080002d0                __udivmoddi4
 .text          0x080005c8        0x4 /opt/st/stm32cubeide_1.19.0/plugins/com.st.stm32cube.ide.mcu.externaltools.gnu-tools-for-stm32.13.3.rel1.linux64_1.0.0.202410170706/tools/bin/../lib/gcc/arm-none-eabi/13.3.1/thumb/v7e-m+fp/hard/libgcc.a(_dvmd_tls.o)
                0x080005c8                __aeabi_ldiv0
                0x080005c8                __aeabi_idiv0
 *(.text*)
 .text.led_effect_stop
                0x080005cc       0x40 ./Core/Src/led_effect.o
                0x080005cc                led_effect_stop
 .text.led_effect
                0x0800060c       0x38 ./Core/Src/led_effect.o
                0x0800060c                led_effect
 .text.turn_off_all_leds
                0x08000644       0x3c ./Core/Src/led_effect.o
                0x08000644                turn_off_all_leds
 .text.turn_on_all_leds
                0x08000680       0x3c ./Core/Src/led_effect.o
                0x08000680                turn_on_all_leds
 .text.turn_on_odd_leds
                0x080006bc       0x3c ./Core/Src/led_effect.o
                0x080006bc                turn_on_odd_leds
 .text.turn_on_even_leds
                0x080006f8       0x3c ./Core/Src/led_effect.o
                0x080006f8                turn_on_even_leds
 .text.LED_control
                0x08000734       0x4c ./Core/Src/led_effect.o
                0x08000734                LED_control
 .text.LED_effect1
                0x08000780       0x2c ./Core/Src/led_effect.o
                0x08000780                LED_effect1
 .text.LED_effect2
                0x080007ac       0x2c ./Core/Src/led_effect.o
                0x080007ac                LED_effect2
 .text.LED_effect3
                0x080007d8       0x30 ./Core/Src/led_effect.o
                0x080007d8                LED_effect3
 .text.LED_effect4
                0x08000808       0x30 ./Core/Src/led_effect.o
                0x08000808                LED_effect4
 .text.main     0x08000838      0x240 ./Core/Src/main.o
                0x08000838                main
 .text.SystemClock_Config
                0x08000a78      0x104 ./Core/Src/main.o
                0x08000a78                SystemClock_Config
 .text.MX_RTC_Init
                0x08000b7c       0x4c ./Core/Src/main.o
 .text.MX_USART2_UART_Init
                0x08000bc8       0x54 ./Core/Src/main.o
 .text.MX_GPIO_Init
                0x08000c1c      0x2bc ./Core/Src/main.o
 .text.rtc_report_callback
                0x08000ed8       0x14 ./Core/Src/main.o
                0x08000ed8                rtc_report_callback
 .text.led_effect_callback
                0x08000eec       0x50 ./Core/Src/main.o
                0x08000eec                led_effect_callback
 .text.HAL_UART_RxCpltCallback
                0x08000f3c       0xa8 ./Core/Src/main.o
                0x08000f3c                HAL_UART_RxCpltCallback
 .text.HAL_TIM_PeriodElapsedCallback
                0x08000fe4       0x24 ./Core/Src/main.o
                0x08000fe4                HAL_TIM_PeriodElapsedCallback
 .text.Error_Handler
                0x08001008        0xc ./Core/Src/main.o
                0x08001008                Error_Handler
 .text.show_time_date_itm
                0x08001014       0x90 ./Core/Src/rtc.o
                0x08001014                show_time_date_itm
 .text.show_time_date
                0x080010a4       0xd8 ./Core/Src/rtc.o
                0x080010a4                show_time_date
 .text.rtc_configure_time
                0x0800117c       0x30 ./Core/Src/rtc.o
                0x0800117c                rtc_configure_time
 .text.rtc_configure_date
                0x080011ac       0x20 ./Core/Src/rtc.o
                0x080011ac                rtc_configure_date
 .text.validate_rtc_information
                0x080011cc       0x64 ./Core/Src/rtc.o
                0x080011cc                validate_rtc_information
 .text.HAL_MspInit
                0x08001230       0x50 ./Core/Src/stm32f4xx_hal_msp.o
                0x08001230                HAL_MspInit
 .text.HAL_RTC_MspInit
                0x08001280       0x54 ./Core/Src/stm32f4xx_hal_msp.o
                0x08001280                HAL_RTC_MspInit
 .text.HAL_UART_MspInit
                0x080012d4       0xa0 ./Core/Src/stm32f4xx_hal_msp.o
                0x080012d4                HAL_UART_MspInit
 .text.HAL_InitTick
                0x08001374       0xf8 ./Core/Src/stm32f4xx_hal_timebase_tim.o
                0x08001374                HAL_InitTick
 .text.NMI_Handler
                0x0800146c        0x8 ./Core/Src/stm32f4xx_it.o
                0x0800146c                NMI_Handler
 .text.HardFault_Handler
                0x08001474        0x8 ./Core/Src/stm32f4xx_it.o
                0x08001474                HardFault_Handler
 .text.MemManage_Handler
                0x0800147c        0x8 ./Core/Src/stm32f4xx_it.o
                0x0800147c                MemManage_Handler
 .text.BusFault_Handler
                0x08001484        0x8 ./Core/Src/stm32f4xx_it.o
                0x08001484                BusFault_Handler
 .text.UsageFault_Handler
                0x0800148c        0x8 ./Core/Src/stm32f4xx_it.o
                0x0800148c                UsageFault_Handler
 .text.DebugMon_Handler
                0x08001494        0xe ./Core/Src/stm32f4xx_it.o
                0x08001494                DebugMon_Handler
 *fill*         0x080014a2        0x2 
 .text.USART2_IRQHandler
                0x080014a4       0x14 ./Core/Src/stm32f4xx_it.o
                0x080014a4                USART2_IRQHandler
 .text.TIM6_DAC_IRQHandler
                0x080014b8       0x14 ./Core/Src/stm32f4xx_it.o
                0x080014b8                TIM6_DAC_IRQHandler
 .text._read    0x080014cc       0x3a ./Core/Src/syscalls.o
                0x080014cc                _read
 .text._write   0x08001506       0x38 ./Core/Src/syscalls.o
                0x08001506                _write
 .text._close   0x0800153e       0x18 ./Core/Src/syscalls.o
                0x0800153e                _close
 .text._fstat   0x08001556       0x20 ./Core/Src/syscalls.o
                0x08001556                _fstat
 .text._isatty  0x08001576       0x16 ./Core/Src/syscalls.o
                0x08001576                _isatty
 .text._lseek   0x0800158c       0x1a ./Core/Src/syscalls.o
                0x0800158c                _lseek
 *fill*         0x080015a6        0x2 
 .text._sbrk    0x080015a8       0x6c ./Core/Src/sysmem.o
                0x080015a8                _sbrk
 .text.SystemInit
                0x08001614       0x24 ./Core/Src/system_stm32f4xx.o
                0x08001614                SystemInit
 .text.menu_task
                0x08001638       0xe8 ./Core/Src/task_handler.o
                0x08001638                menu_task
 .text.led_task
                0x08001720      0x12c ./Core/Src/task_handler.o
                0x08001720                led_task
 .text.getnumber
                0x0800184c       0x48 ./Core/Src/task_handler.o
                0x0800184c                getnumber
 .text.rtc_task
                0x08001894      0x478 ./Core/Src/task_handler.o
                0x08001894                rtc_task
 .text.print_task
                0x08001d0c       0x40 ./Core/Src/task_handler.o
                0x08001d0c                print_task
 .text.cmd_handler_task
                0x08001d4c       0x2e ./Core/Src/task_handler.o
                0x08001d4c                cmd_handler_task
 *fill*         0x08001d7a        0x2 
 .text.process_command
                0x08001d7c       0x78 ./Core/Src/task_handler.o
                0x08001d7c                process_command
 .text.extract_command
                0x08001df4       0x74 ./Core/Src/task_handler.o
                0x08001df4                extract_command
 .text.Reset_Handler
                0x08001e68       0x50 ./Core/Startup/startup_stm32f407vgtx.o
                0x08001e68                Reset_Handler
 .text.Default_Handler
                0x08001eb8        0x2 ./Core/Startup/startup_stm32f407vgtx.o
                0x08001eb8                RTC_Alarm_IRQHandler
                0x08001eb8                HASH_RNG_IRQHandler
                0x08001eb8                EXTI2_IRQHandler
                0x08001eb8                TIM8_CC_IRQHandler
                0x08001eb8                TIM1_CC_IRQHandler
                0x08001eb8                DMA2_Stream5_IRQHandler
                0x08001eb8                DMA1_Stream5_IRQHandler
                0x08001eb8                PVD_IRQHandler
                0x08001eb8                SDIO_IRQHandler
                0x08001eb8                TAMP_STAMP_IRQHandler
                0x08001eb8                CAN2_RX1_IRQHandler
                0x08001eb8                EXTI3_IRQHandler
                0x08001eb8                TIM8_TRG_COM_TIM14_IRQHandler
                0x08001eb8                TIM1_UP_TIM10_IRQHandler
                0x08001eb8                TIM8_UP_TIM13_IRQHandler
                0x08001eb8                I2C3_ER_IRQHandler
                0x08001eb8                EXTI0_IRQHandler
                0x08001eb8                I2C2_EV_IRQHandler
                0x08001eb8                DMA1_Stream2_IRQHandler
                0x08001eb8                CAN1_RX0_IRQHandler
                0x08001eb8                FPU_IRQHandler
                0x08001eb8                OTG_HS_WKUP_IRQHandler
                0x08001eb8                CAN2_SCE_IRQHandler
                0x08001eb8                DMA2_Stream2_IRQHandler
                0x08001eb8                SPI1_IRQHandler
                0x08001eb8                TIM1_BRK_TIM9_IRQHandler
                0x08001eb8                DCMI_IRQHandler
                0x08001eb8                CAN2_RX0_IRQHandler
                0x08001eb8                DMA2_Stream3_IRQHandler
                0x08001eb8                USART6_IRQHandler
                0x08001eb8                USART3_IRQHandler
                0x08001eb8                CAN1_RX1_IRQHandler
                0x08001eb8                UART5_IRQHandler
                0x08001eb8                DMA2_Stream0_IRQHandler
                0x08001eb8                TIM4_IRQHandler
                0x08001eb8                I2C1_EV_IRQHandler
                0x08001eb8                DMA1_Stream6_IRQHandler
                0x08001eb8                DMA1_Stream1_IRQHandler
                0x08001eb8                UART4_IRQHandler
                0x08001eb8                TIM3_IRQHandler
                0x08001eb8                RCC_IRQHandler
                0x08001eb8                TIM8_BRK_TIM12_IRQHandler
                0x08001eb8                Default_Handler
                0x08001eb8                EXTI15_10_IRQHandler
                0x08001eb8                ADC_IRQHandler
                0x08001eb8                DMA1_Stream7_IRQHandler
                0x08001eb8                TIM7_IRQHandler
                0x08001eb8                CAN2_TX_IRQHandler
                0x08001eb8                TIM5_IRQHandler
                0x08001eb8                DMA2_Stream7_IRQHandler
                0x08001eb8                I2C3_EV_IRQHandler
                0x08001eb8                EXTI9_5_IRQHandler
                0x08001eb8                RTC_WKUP_IRQHandler
                0x08001eb8                ETH_WKUP_IRQHandler
                0x08001eb8                SPI2_IRQHandler
                0x08001eb8                OTG_HS_EP1_IN_IRQHandler
                0x08001eb8                DMA1_Stream0_IRQHandler
                0x08001eb8                CAN1_TX_IRQHandler
                0x08001eb8                EXTI4_IRQHandler
                0x08001eb8                FSMC_IRQHandler
                0x08001eb8                ETH_IRQHandler
                0x08001eb8                OTG_HS_EP1_OUT_IRQHandler
                0x08001eb8                WWDG_IRQHandler
                0x08001eb8                TIM2_IRQHandler
                0x08001eb8                OTG_FS_WKUP_IRQHandler
                0x08001eb8                TIM1_TRG_COM_TIM11_IRQHandler
                0x08001eb8                OTG_HS_IRQHandler
                0x08001eb8                EXTI1_IRQHandler
                0x08001eb8                I2C2_ER_IRQHandler
                0x08001eb8                DMA2_Stream1_IRQHandler
                0x08001eb8                CAN1_SCE_IRQHandler
                0x08001eb8                FLASH_IRQHandler
                0x08001eb8                DMA2_Stream4_IRQHandler
                0x08001eb8                USART1_IRQHandler
                0x08001eb8                OTG_FS_IRQHandler
                0x08001eb8                SPI3_IRQHandler
                0x08001eb8                DMA1_Stream4_IRQHandler
                0x08001eb8                I2C1_ER_IRQHandler
                0x08001eb8                DMA2_Stream6_IRQHandler
                0x08001eb8                DMA1_Stream3_IRQHandler
 *fill*         0x08001eba        0x2 
 .text.HAL_Init
                0x08001ebc       0x44 ./Drivers/STM32F4xx_HAL_Driver/Src/stm32f4xx_hal.o
                0x08001ebc                HAL_Init
 .text.HAL_IncTick
                0x08001f00       0x28 ./Drivers/STM32F4xx_HAL_Driver/Src/stm32f4xx_hal.o
                0x08001f00                HAL_IncTick
 .text.HAL_GetTick
                0x08001f28       0x18 ./Drivers/STM32F4xx_HAL_Driver/Src/stm32f4xx_hal.o
                0x08001f28                HAL_GetTick
 .text.__NVIC_SetPriorityGrouping
                0x08001f40       0x48 ./Drivers/STM32F4xx_HAL_Driver/Src/stm32f4xx_hal_cortex.o
 .text.__NVIC_GetPriorityGrouping
                0x08001f88       0x1c ./Drivers/STM32F4xx_HAL_Driver/Src/stm32f4xx_hal_cortex.o
 .text.__NVIC_EnableIRQ
                0x08001fa4       0x3c ./Drivers/STM32F4xx_HAL_Driver/Src/stm32f4xx_hal_cortex.o
 .text.__NVIC_SetPriority
                0x08001fe0       0x54 ./Drivers/STM32F4xx_HAL_Driver/Src/stm32f4xx_hal_cortex.o
 .text.NVIC_EncodePriority
                0x08002034       0x66 ./Drivers/STM32F4xx_HAL_Driver/Src/stm32f4xx_hal_cortex.o
 .text.HAL_NVIC_SetPriorityGrouping
                0x0800209a       0x16 ./Drivers/STM32F4xx_HAL_Driver/Src/stm32f4xx_hal_cortex.o
                0x0800209a                HAL_NVIC_SetPriorityGrouping
 .text.HAL_NVIC_SetPriority
                0x080020b0       0x38 ./Drivers/STM32F4xx_HAL_Driver/Src/stm32f4xx_hal_cortex.o
                0x080020b0                HAL_NVIC_SetPriority
 .text.HAL_NVIC_EnableIRQ
                0x080020e8       0x1c ./Drivers/STM32F4xx_HAL_Driver/Src/stm32f4xx_hal_cortex.o
                0x080020e8                HAL_NVIC_EnableIRQ
 .text.HAL_DMA_Abort
                0x08002104       0xe0 ./Drivers/STM32F4xx_HAL_Driver/Src/stm32f4xx_hal_dma.o
                0x08002104                HAL_DMA_Abort
 .text.HAL_DMA_Abort_IT
                0x080021e4       0x44 ./Drivers/STM32F4xx_HAL_Driver/Src/stm32f4xx_hal_dma.o
                0x080021e4                HAL_DMA_Abort_IT
 .text.HAL_GPIO_Init
                0x08002228      0x338 ./Drivers/STM32F4xx_HAL_Driver/Src/stm32f4xx_hal_gpio.o
                0x08002228                HAL_GPIO_Init
 .text.HAL_GPIO_WritePin
                0x08002560       0x32 ./Drivers/STM32F4xx_HAL_Driver/Src/stm32f4xx_hal_gpio.o
                0x08002560                HAL_GPIO_WritePin
 *fill*         0x08002592        0x2 
 .text.HAL_RCC_OscConfig
                0x08002594      0x4f0 ./Drivers/STM32F4xx_HAL_Driver/Src/stm32f4xx_hal_rcc.o
                0x08002594                HAL_RCC_OscConfig
 .text.HAL_RCC_ClockConfig
                0x08002a84      0x1cc ./Drivers/STM32F4xx_HAL_Driver/Src/stm32f4xx_hal_rcc.o
                0x08002a84                HAL_RCC_ClockConfig
 .text.HAL_RCC_GetSysClockFreq
                0x08002c50      0x20c ./Drivers/STM32F4xx_HAL_Driver/Src/stm32f4xx_hal_rcc.o
                0x08002c50                HAL_RCC_GetSysClockFreq
 .text.HAL_RCC_GetHCLKFreq
                0x08002e5c       0x18 ./Drivers/STM32F4xx_HAL_Driver/Src/stm32f4xx_hal_rcc.o
                0x08002e5c                HAL_RCC_GetHCLKFreq
 .text.HAL_RCC_GetPCLK1Freq
                0x08002e74       0x28 ./Drivers/STM32F4xx_HAL_Driver/Src/stm32f4xx_hal_rcc.o
                0x08002e74                HAL_RCC_GetPCLK1Freq
 .text.HAL_RCC_GetPCLK2Freq
                0x08002e9c       0x28 ./Drivers/STM32F4xx_HAL_Driver/Src/stm32f4xx_hal_rcc.o
                0x08002e9c                HAL_RCC_GetPCLK2Freq
 .text.HAL_RCC_GetClockConfig
                0x08002ec4       0x64 ./Drivers/STM32F4xx_HAL_Driver/Src/stm32f4xx_hal_rcc.o
                0x08002ec4                HAL_RCC_GetClockConfig
 .text.HAL_RCCEx_PeriphCLKConfig
                0x08002f28      0x1c4 ./Drivers/STM32F4xx_HAL_Driver/Src/stm32f4xx_hal_rcc_ex.o
                0x08002f28                HAL_RCCEx_PeriphCLKConfig
 .text.HAL_RTC_Init
                0x080030ec      0x102 ./Drivers/STM32F4xx_HAL_Driver/Src/stm32f4xx_hal_rtc.o
                0x080030ec                HAL_RTC_Init
 .text.HAL_RTC_SetTime
                0x080031ee      0x134 ./Drivers/STM32F4xx_HAL_Driver/Src/stm32f4xx_hal_rtc.o
                0x080031ee                HAL_RTC_SetTime
 .text.HAL_RTC_GetTime
                0x08003322       0xbc ./Drivers/STM32F4xx_HAL_Driver/Src/stm32f4xx_hal_rtc.o
                0x08003322                HAL_RTC_GetTime
 .text.HAL_RTC_SetDate
                0x080033de      0x108 ./Drivers/STM32F4xx_HAL_Driver/Src/stm32f4xx_hal_rtc.o
                0x080033de                HAL_RTC_SetDate
 .text.HAL_RTC_GetDate
                0x080034e6       0x9e ./Drivers/STM32F4xx_HAL_Driver/Src/stm32f4xx_hal_rtc.o
                0x080034e6                HAL_RTC_GetDate
 .text.HAL_RTC_WaitForSynchro
                0x08003584       0x4c ./Drivers/STM32F4xx_HAL_Driver/Src/stm32f4xx_hal_rtc.o
                0x08003584                HAL_RTC_WaitForSynchro
 .text.RTC_EnterInitMode
                0x080035d0       0x6e ./Drivers/STM32F4xx_HAL_Driver/Src/stm32f4xx_hal_rtc.o
                0x080035d0                RTC_EnterInitMode
 .text.RTC_ExitInitMode
                0x0800363e       0x4a ./Drivers/STM32F4xx_HAL_Driver/Src/stm32f4xx_hal_rtc.o
                0x0800363e                RTC_ExitInitMode
 .text.RTC_ByteToBcd2
                0x08003688       0x3c ./Drivers/STM32F4xx_HAL_Driver/Src/stm32f4xx_hal_rtc.o
                0x08003688                RTC_ByteToBcd2
 .text.RTC_Bcd2ToByte
                0x080036c4       0x3c ./Drivers/STM32F4xx_HAL_Driver/Src/stm32f4xx_hal_rtc.o
                0x080036c4                RTC_Bcd2ToByte
 .text.HAL_TIM_Base_Init
                0x08003700       0x9e ./Drivers/STM32F4xx_HAL_Driver/Src/stm32f4xx_hal_tim.o
                0x08003700                HAL_TIM_Base_Init
 .text.HAL_TIM_Base_MspInit
                0x0800379e       0x14 ./Drivers/STM32F4xx_HAL_Driver/Src/stm32f4xx_hal_tim.o
                0x0800379e                HAL_TIM_Base_MspInit
 *fill*         0x080037b2        0x2 
 .text.HAL_TIM_Base_Start_IT
                0x080037b4       0xe0 ./Drivers/STM32F4xx_HAL_Driver/Src/stm32f4xx_hal_tim.o
                0x080037b4                HAL_TIM_Base_Start_IT
 .text.HAL_TIM_IRQHandler
                0x08003894      0x1e0 ./Drivers/STM32F4xx_HAL_Driver/Src/stm32f4xx_hal_tim.o
                0x08003894                HAL_TIM_IRQHandler
 .text.HAL_TIM_OC_DelayElapsedCallback
                0x08003a74       0x14 ./Drivers/STM32F4xx_HAL_Driver/Src/stm32f4xx_hal_tim.o
                0x08003a74                HAL_TIM_OC_DelayElapsedCallback
 .text.HAL_TIM_IC_CaptureCallback
                0x08003a88       0x14 ./Drivers/STM32F4xx_HAL_Driver/Src/stm32f4xx_hal_tim.o
                0x08003a88                HAL_TIM_IC_CaptureCallback
 .text.HAL_TIM_PWM_PulseFinishedCallback
                0x08003a9c       0x14 ./Drivers/STM32F4xx_HAL_Driver/Src/stm32f4xx_hal_tim.o
                0x08003a9c                HAL_TIM_PWM_PulseFinishedCallback
 .text.HAL_TIM_TriggerCallback
                0x08003ab0       0x14 ./Drivers/STM32F4xx_HAL_Driver/Src/stm32f4xx_hal_tim.o
                0x08003ab0                HAL_TIM_TriggerCallback
 .text.TIM_Base_SetConfig
                0x08003ac4      0x14c ./Drivers/STM32F4xx_HAL_Driver/Src/stm32f4xx_hal_tim.o
                0x08003ac4                TIM_Base_SetConfig
 .text.HAL_TIMEx_CommutCallback
                0x08003c10       0x14 ./Drivers/STM32F4xx_HAL_Driver/Src/stm32f4xx_hal_tim_ex.o
                0x08003c10                HAL_TIMEx_CommutCallback
 .text.HAL_TIMEx_BreakCallback
                0x08003c24       0x14 ./Drivers/STM32F4xx_HAL_Driver/Src/stm32f4xx_hal_tim_ex.o
                0x08003c24                HAL_TIMEx_BreakCallback
 .text.HAL_UART_Init
                0x08003c38       0xa0 ./Drivers/STM32F4xx_HAL_Driver/Src/stm32f4xx_hal_uart.o
                0x08003c38                HAL_UART_Init
 .text.HAL_UART_Transmit
                0x08003cd8      0x116 ./Drivers/STM32F4xx_HAL_Driver/Src/stm32f4xx_hal_uart.o
                0x08003cd8                HAL_UART_Transmit
 .text.HAL_UART_Receive_IT
                0x08003dee       0x4a ./Drivers/STM32F4xx_HAL_Driver/Src/stm32f4xx_hal_uart.o
                0x08003dee                HAL_UART_Receive_IT
 .text.HAL_UART_IRQHandler
                0x08003e38      0x554 ./Drivers/STM32F4xx_HAL_Driver/Src/stm32f4xx_hal_uart.o
                0x08003e38                HAL_UART_IRQHandler
 .text.HAL_UART_TxCpltCallback
                0x0800438c       0x14 ./Drivers/STM32F4xx_HAL_Driver/Src/stm32f4xx_hal_uart.o
                0x0800438c                HAL_UART_TxCpltCallback
 .text.HAL_UART_ErrorCallback
                0x080043a0       0x14 ./Drivers/STM32F4xx_HAL_Driver/Src/stm32f4xx_hal_uart.o
                0x080043a0                HAL_UART_ErrorCallback
 .text.HAL_UARTEx_RxEventCallback
                0x080043b4       0x18 ./Drivers/STM32F4xx_HAL_Driver/Src/stm32f4xx_hal_uart.o
                0x080043b4                HAL_UARTEx_RxEventCallback
 .text.UART_WaitOnFlagUntilTimeout
                0x080043cc       0xb2 ./Drivers/STM32F4xx_HAL_Driver/Src/stm32f4xx_hal_uart.o
 .text.UART_Start_Receive_IT
                0x0800447e       0x74 ./Drivers/STM32F4xx_HAL_Driver/Src/stm32f4xx_hal_uart.o
                0x0800447e                UART_Start_Receive_IT
 .text.UART_EndRxTransfer
                0x080044f2       0xc6 ./Drivers/STM32F4xx_HAL_Driver/Src/stm32f4xx_hal_uart.o
 .text.UART_DMAAbortOnError
                0x080045b8       0x22 ./Drivers/STM32F4xx_HAL_Driver/Src/stm32f4xx_hal_uart.o
 .text.UART_Transmit_IT
                0x080045da       0xa0 ./Drivers/STM32F4xx_HAL_Driver/Src/stm32f4xx_hal_uart.o
 .text.UART_EndTransmit_IT
                0x0800467a       0x30 ./Drivers/STM32F4xx_HAL_Driver/Src/stm32f4xx_hal_uart.o
 .text.UART_Receive_IT
                0x080046aa      0x17c ./Drivers/STM32F4xx_HAL_Driver/Src/stm32f4xx_hal_uart.o
 *fill*         0x08004826        0x2 
 .text.UART_SetConfig
                0x08004828      0x4e8 ./Drivers/STM32F4xx_HAL_Driver/Src/stm32f4xx_hal_uart.o
 .text.vListInitialise
                0x08004d10       0x40 ./common/ThirdParty/FreeRTOS/list.o
                0x08004d10                vListInitialise
 .text.vListInitialiseItem
                0x08004d50       0x1a ./common/ThirdParty/FreeRTOS/list.o
                0x08004d50                vListInitialiseItem
 .text.vListInsertEnd
                0x08004d6a       0x48 ./common/ThirdParty/FreeRTOS/list.o
                0x08004d6a                vListInsertEnd
 .text.vListInsert
                0x08004db2       0x72 ./common/ThirdParty/FreeRTOS/list.o
                0x08004db2                vListInsert
 .text.uxListRemove
                0x08004e24       0x54 ./common/ThirdParty/FreeRTOS/list.o
                0x08004e24                uxListRemove
 .text.xQueueGenericReset
                0x08004e78       0xd4 ./common/ThirdParty/FreeRTOS/queue.o
                0x08004e78                xQueueGenericReset
 .text.xQueueGenericCreate
                0x08004f4c       0xc4 ./common/ThirdParty/FreeRTOS/queue.o
                0x08004f4c                xQueueGenericCreate
 .text.prvInitialiseNewQueue
                0x08005010       0x46 ./common/ThirdParty/FreeRTOS/queue.o
 *fill*         0x08005056        0x2 
 .text.xQueueGenericSend
                0x08005058      0x204 ./common/ThirdParty/FreeRTOS/queue.o
                0x08005058                xQueueGenericSend
 .text.xQueueGenericSendFromISR
                0x0800525c      0x15c ./common/ThirdParty/FreeRTOS/queue.o
                0x0800525c                xQueueGenericSendFromISR
 .text.xQueueReceive
                0x080053b8      0x1c4 ./common/ThirdParty/FreeRTOS/queue.o
                0x080053b8                xQueueReceive
 .text.xQueueReceiveFromISR
                0x0800557c      0x124 ./common/ThirdParty/FreeRTOS/queue.o
                0x0800557c                xQueueReceiveFromISR
 .text.uxQueueMessagesWaiting
                0x080056a0       0x3e ./common/ThirdParty/FreeRTOS/queue.o
                0x080056a0                uxQueueMessagesWaiting
 .text.prvCopyDataToQueue
                0x080056de       0xd4 ./common/ThirdParty/FreeRTOS/queue.o
 .text.prvCopyDataFromQueue
                0x080057b2       0x4c ./common/ThirdParty/FreeRTOS/queue.o
 .text.prvUnlockQueue
                0x080057fe       0xa4 ./common/ThirdParty/FreeRTOS/queue.o
 .text.prvIsQueueEmpty
                0x080058a2       0x2c ./common/ThirdParty/FreeRTOS/queue.o
 .text.prvIsQueueFull
                0x080058ce       0x30 ./common/ThirdParty/FreeRTOS/queue.o
 .text.xQueueIsQueueFullFromISR
                0x080058fe       0x4e ./common/ThirdParty/FreeRTOS/queue.o
                0x080058fe                xQueueIsQueueFullFromISR
 .text.vQueueAddToRegistry
                0x0800594c       0x54 ./common/ThirdParty/FreeRTOS/queue.o
                0x0800594c                vQueueAddToRegistry
 .text.vQueueWaitForMessageRestricted
                0x080059a0       0x68 ./common/ThirdParty/FreeRTOS/queue.o
                0x080059a0                vQueueWaitForMessageRestricted
 .text.xTaskCreate
                0x08005a08       0x82 ./common/ThirdParty/FreeRTOS/tasks.o
                0x08005a08                xTaskCreate
 .text.prvInitialiseNewTask
                0x08005a8a      0x12e ./common/ThirdParty/FreeRTOS/tasks.o
 .text.prvAddNewTaskToReadyList
                0x08005bb8       0xdc ./common/ThirdParty/FreeRTOS/tasks.o
 .text.vTaskStartScheduler
                0x08005c94       0xa4 ./common/ThirdParty/FreeRTOS/tasks.o
                0x08005c94                vTaskStartScheduler
 .text.vTaskSuspendAll
                0x08005d38       0x1c ./common/ThirdParty/FreeRTOS/tasks.o
                0x08005d38                vTaskSuspendAll
 .text.xTaskResumeAll
                0x08005d54      0x13c ./common/ThirdParty/FreeRTOS/tasks.o
                0x08005d54                xTaskResumeAll
 .text.xTaskGetTickCount
                0x08005e90       0x20 ./common/ThirdParty/FreeRTOS/tasks.o
                0x08005e90                xTaskGetTickCount
 .text.xTaskIncrementTick
                0x08005eb0      0x174 ./common/ThirdParty/FreeRTOS/tasks.o
                0x08005eb0                xTaskIncrementTick
 .text.vTaskSwitchContext
                0x08006024       0xb8 ./common/ThirdParty/FreeRTOS/tasks.o
                0x08006024                vTaskSwitchContext
 .text.vTaskPlaceOnEventList
                0x080060dc       0x4c ./common/ThirdParty/FreeRTOS/tasks.o
                0x080060dc                vTaskPlaceOnEventList
 .text.vTaskPlaceOnEventListRestricted
                0x08006128       0x58 ./common/ThirdParty/FreeRTOS/tasks.o
                0x08006128                vTaskPlaceOnEventListRestricted
 .text.xTaskRemoveFromEventList
                0x08006180       0xc8 ./common/ThirdParty/FreeRTOS/tasks.o
                0x08006180                xTaskRemoveFromEventList
 .text.vTaskInternalSetTimeOutState
                0x08006248       0x2c ./common/ThirdParty/FreeRTOS/tasks.o
                0x08006248                vTaskInternalSetTimeOutState
 .text.xTaskCheckForTimeOut
                0x08006274       0xd0 ./common/ThirdParty/FreeRTOS/tasks.o
                0x08006274                xTaskCheckForTimeOut
 .text.vTaskMissedYield
                0x08006344       0x18 ./common/ThirdParty/FreeRTOS/tasks.o
                0x08006344                vTaskMissedYield
 .text.prvIdleTask
                0x0800635c       0x30 ./common/ThirdParty/FreeRTOS/tasks.o
 .text.prvInitialiseTaskLists
                0x0800638c       0x80 ./common/ThirdParty/FreeRTOS/tasks.o
 .text.prvCheckTasksWaitingTermination
                0x0800640c       0x5c ./common/ThirdParty/FreeRTOS/tasks.o
 .text.prvDeleteTCB
                0x08006468       0x20 ./common/ThirdParty/FreeRTOS/tasks.o
 .text.prvResetNextTaskUnblockTime
                0x08006488       0x38 ./common/ThirdParty/FreeRTOS/tasks.o
 .text.xTaskGetSchedulerState
                0x080064c0       0x3c ./common/ThirdParty/FreeRTOS/tasks.o
                0x080064c0                xTaskGetSchedulerState
 .text.xTaskPriorityDisinherit
                0x080064fc       0xf8 ./common/ThirdParty/FreeRTOS/tasks.o
                0x080064fc                xTaskPriorityDisinherit
 .text.xTaskGenericNotifyWait
                0x080065f4      0x100 ./common/ThirdParty/FreeRTOS/tasks.o
                0x080065f4                xTaskGenericNotifyWait
 .text.xTaskGenericNotify
                0x080066f4      0x1c8 ./common/ThirdParty/FreeRTOS/tasks.o
                0x080066f4                xTaskGenericNotify
 .text.xTaskGenericNotifyFromISR
                0x080068bc      0x20c ./common/ThirdParty/FreeRTOS/tasks.o
                0x080068bc                xTaskGenericNotifyFromISR
 .text.prvAddCurrentTaskToDelayedList
                0x08006ac8       0xcc ./common/ThirdParty/FreeRTOS/tasks.o
 .text.xTimerCreateTimerTask
                0x08006b94       0x68 ./common/ThirdParty/FreeRTOS/timers.o
                0x08006b94                xTimerCreateTimerTask
 .text.xTimerCreate
                0x08006bfc       0x42 ./common/ThirdParty/FreeRTOS/timers.o
                0x08006bfc                xTimerCreate
 .text.prvInitialiseNewTimer
                0x08006c3e       0x78 ./common/ThirdParty/FreeRTOS/timers.o
 *fill*         0x08006cb6        0x2 
 .text.xTimerGenericCommand
                0x08006cb8       0x9c ./common/ThirdParty/FreeRTOS/timers.o
                0x08006cb8                xTimerGenericCommand
 .text.prvProcessExpiredTimer
                0x08006d54       0x9c ./common/ThirdParty/FreeRTOS/timers.o
 .text.prvTimerTask
                0x08006df0       0x26 ./common/ThirdParty/FreeRTOS/timers.o
 *fill*         0x08006e16        0x2 
 .text.prvProcessTimerOrBlockTask
                0x08006e18       0x9c ./common/ThirdParty/FreeRTOS/timers.o
 .text.prvGetNextExpireTime
                0x08006eb4       0x48 ./common/ThirdParty/FreeRTOS/timers.o
 .text.prvSampleTimeNow
                0x08006efc       0x40 ./common/ThirdParty/FreeRTOS/timers.o
 .text.prvInsertTimerInActiveList
                0x08006f3c       0x84 ./common/ThirdParty/FreeRTOS/timers.o
 .text.prvProcessReceivedCommands
                0x08006fc0      0x194 ./common/ThirdParty/FreeRTOS/timers.o
 .text.prvSwitchTimerLists
                0x08007154       0xcc ./common/ThirdParty/FreeRTOS/timers.o
 .text.prvCheckForValidListAndQueue
                0x08007220       0x6c ./common/ThirdParty/FreeRTOS/timers.o
 .text.xTimerIsTimerActive
                0x0800728c       0x54 ./common/ThirdParty/FreeRTOS/timers.o
                0x0800728c                xTimerIsTimerActive
 .text.pvTimerGetTimerID
                0x080072e0       0x42 ./common/ThirdParty/FreeRTOS/timers.o
                0x080072e0                pvTimerGetTimerID
 *fill*         0x08007322        0x2 
 .text.pxPortInitialiseStack
                0x08007324       0x68 ./common/ThirdParty/FreeRTOS/portable/GCC/ARM_CM4F/port.o
                0x08007324                pxPortInitialiseStack
 .text.prvTaskExitError
                0x0800738c       0x5c ./common/ThirdParty/FreeRTOS/portable/GCC/ARM_CM4F/port.o
 *fill*         0x080073e8        0x8 
 .text.SVC_Handler
                0x080073f0       0x28 ./common/ThirdParty/FreeRTOS/portable/GCC/ARM_CM4F/port.o
                0x080073f0                SVC_Handler
 .text.prvPortStartFirstTask
                0x08007418       0x2c ./common/ThirdParty/FreeRTOS/portable/GCC/ARM_CM4F/port.o
 .text.xPortStartScheduler
                0x08007444      0x148 ./common/ThirdParty/FreeRTOS/portable/GCC/ARM_CM4F/port.o
                0x08007444                xPortStartScheduler
 .text.vPortEnterCritical
                0x0800758c       0x64 ./common/ThirdParty/FreeRTOS/portable/GCC/ARM_CM4F/port.o
                0x0800758c                vPortEnterCritical
 .text.vPortExitCritical
                0x080075f0       0x54 ./common/ThirdParty/FreeRTOS/portable/GCC/ARM_CM4F/port.o
                0x080075f0                vPortExitCritical
 *fill*         0x08007644        0xc 
 .text.PendSV_Handler
                0x08007650       0x68 ./common/ThirdParty/FreeRTOS/portable/GCC/ARM_CM4F/port.o
                0x08007650                PendSV_Handler
 .text.SysTick_Handler
                0x080076b8       0x44 ./common/ThirdParty/FreeRTOS/portable/GCC/ARM_CM4F/port.o
                0x080076b8                SysTick_Handler
 .text.vPortSetupTimerInterrupt
                0x080076fc       0x48 ./common/ThirdParty/FreeRTOS/portable/GCC/ARM_CM4F/port.o
                0x080076fc                vPortSetupTimerInterrupt
 .text.vPortEnableVFP
                0x08007744       0x18 ./common/ThirdParty/FreeRTOS/portable/GCC/ARM_CM4F/port.o
 .text.vPortValidateInterruptPriority
                0x0800775c       0x84 ./common/ThirdParty/FreeRTOS/portable/GCC/ARM_CM4F/port.o
                0x0800775c                vPortValidateInterruptPriority
 .text.pvPortMalloc
                0x080077e0      0x1c4 ./common/ThirdParty/FreeRTOS/portable/MemMang/heap_4.o
                0x080077e0                pvPortMalloc
 .text.vPortFree
                0x080079a4       0xc8 ./common/ThirdParty/FreeRTOS/portable/MemMang/heap_4.o
                0x080079a4                vPortFree
 .text.prvHeapInit
                0x08007a6c       0xc4 ./common/ThirdParty/FreeRTOS/portable/MemMang/heap_4.o
 .text.prvInsertBlockIntoFreeList
                0x08007b30       0xb4 ./common/ThirdParty/FreeRTOS/portable/MemMang/heap_4.o
 .text.std      0x08007be4       0x6c /opt/st/stm32cubeide_1.19.0/plugins/com.st.stm32cube.ide.mcu.externaltools.gnu-tools-for-stm32.13.3.rel1.linux64_1.0.0.202410170706/tools/bin/../lib/gcc/arm-none-eabi/13.3.1/../../../../arm-none-eabi/lib/thumb/v7e-m+fp/hard/libc_nano.a(libc_a-findfp.o)
 .text.stdio_exit_handler
                0x08007c50       0x18 /opt/st/stm32cubeide_1.19.0/plugins/com.st.stm32cube.ide.mcu.externaltools.gnu-tools-for-stm32.13.3.rel1.linux64_1.0.0.202410170706/tools/bin/../lib/gcc/arm-none-eabi/13.3.1/../../../../arm-none-eabi/lib/thumb/v7e-m+fp/hard/libc_nano.a(libc_a-findfp.o)
 .text.cleanup_stdio
                0x08007c68       0x40 /opt/st/stm32cubeide_1.19.0/plugins/com.st.stm32cube.ide.mcu.externaltools.gnu-tools-for-stm32.13.3.rel1.linux64_1.0.0.202410170706/tools/bin/../lib/gcc/arm-none-eabi/13.3.1/../../../../arm-none-eabi/lib/thumb/v7e-m+fp/hard/libc_nano.a(libc_a-findfp.o)
 .text.global_stdio_init.part.0
                0x08007ca8       0x3c /opt/st/stm32cubeide_1.19.0/plugins/com.st.stm32cube.ide.mcu.externaltools.gnu-tools-for-stm32.13.3.rel1.linux64_1.0.0.202410170706/tools/bin/../lib/gcc/arm-none-eabi/13.3.1/../../../../arm-none-eabi/lib/thumb/v7e-m+fp/hard/libc_nano.a(libc_a-findfp.o)
 .text.__sfp_lock_acquire
                0x08007ce4        0xc /opt/st/stm32cubeide_1.19.0/plugins/com.st.stm32cube.ide.mcu.externaltools.gnu-tools-for-stm32.13.3.rel1.linux64_1.0.0.202410170706/tools/bin/../lib/gcc/arm-none-eabi/13.3.1/../../../../arm-none-eabi/lib/thumb/v7e-m+fp/hard/libc_nano.a(libc_a-findfp.o)
                0x08007ce4                __sfp_lock_acquire
 .text.__sfp_lock_release
                0x08007cf0        0xc /opt/st/stm32cubeide_1.19.0/plugins/com.st.stm32cube.ide.mcu.externaltools.gnu-tools-for-stm32.13.3.rel1.linux64_1.0.0.202410170706/tools/bin/../lib/gcc/arm-none-eabi/13.3.1/../../../../arm-none-eabi/lib/thumb/v7e-m+fp/hard/libc_nano.a(libc_a-findfp.o)
                0x08007cf0                __sfp_lock_release
 .text.__sinit  0x08007cfc       0x30 /opt/st/stm32cubeide_1.19.0/plugins/com.st.stm32cube.ide.mcu.externaltools.gnu-tools-for-stm32.13.3.rel1.linux64_1.0.0.202410170706/tools/bin/../lib/gcc/arm-none-eabi/13.3.1/../../../../arm-none-eabi/lib/thumb/v7e-m+fp/hard/libc_nano.a(libc_a-findfp.o)
                0x08007cfc                __sinit
 .text._fwalk_sglue
                0x08007d2c       0x3c /opt/st/stm32cubeide_1.19.0/plugins/com.st.stm32cube.ide.mcu.externaltools.gnu-tools-for-stm32.13.3.rel1.linux64_1.0.0.202410170706/tools/bin/../lib/gcc/arm-none-eabi/13.3.1/../../../../arm-none-eabi/lib/thumb/v7e-m+fp/hard/libc_nano.a(libc_a-fwalk.o)
                0x08007d2c                _fwalk_sglue
 .text.printf   0x08007d68       0x24 /opt/st/stm32cubeide_1.19.0/plugins/com.st.stm32cube.ide.mcu.externaltools.gnu-tools-for-stm32.13.3.rel1.linux64_1.0.0.202410170706/tools/bin/../lib/gcc/arm-none-eabi/13.3.1/../../../../arm-none-eabi/lib/thumb/v7e-m+fp/hard/libc_nano.a(libc_a-printf.o)
                0x08007d68                printf
                0x08007d68                iprintf
 .text.sprintf  0x08007d8c       0x44 /opt/st/stm32cubeide_1.19.0/plugins/com.st.stm32cube.ide.mcu.externaltools.gnu-tools-for-stm32.13.3.rel1.linux64_1.0.0.202410170706/tools/bin/../lib/gcc/arm-none-eabi/13.3.1/../../../../arm-none-eabi/lib/thumb/v7e-m+fp/hard/libc_nano.a(libc_a-sprintf.o)
                0x08007d8c                sprintf
                0x08007d8c                siprintf
 .text.__sread  0x08007dd0       0x22 /opt/st/stm32cubeide_1.19.0/plugins/com.st.stm32cube.ide.mcu.externaltools.gnu-tools-for-stm32.13.3.rel1.linux64_1.0.0.202410170706/tools/bin/../lib/gcc/arm-none-eabi/13.3.1/../../../../arm-none-eabi/lib/thumb/v7e-m+fp/hard/libc_nano.a(libc_a-stdio.o)
                0x08007dd0                __sread
 .text.__swrite
                0x08007df2       0x38 /opt/st/stm32cubeide_1.19.0/plugins/com.st.stm32cube.ide.mcu.externaltools.gnu-tools-for-stm32.13.3.rel1.linux64_1.0.0.202410170706/tools/bin/../lib/gcc/arm-none-eabi/13.3.1/../../../../arm-none-eabi/lib/thumb/v7e-m+fp/hard/libc_nano.a(libc_a-stdio.o)
                0x08007df2                __swrite
 .text.__sseek  0x08007e2a       0x24 /opt/st/stm32cubeide_1.19.0/plugins/com.st.stm32cube.ide.mcu.externaltools.gnu-tools-for-stm32.13.3.rel1.linux64_1.0.0.202410170706/tools/bin/../lib/gcc/arm-none-eabi/13.3.1/../../../../arm-none-eabi/lib/thumb/v7e-m+fp/hard/libc_nano.a(libc_a-stdio.o)
                0x08007e2a                __sseek
 .text.__sclose
                0x08007e4e        0x8 /opt/st/stm32cubeide_1.19.0/plugins/com.st.stm32cube.ide.mcu.externaltools.gnu-tools-for-stm32.13.3.rel1.linux64_1.0.0.202410170706/tools/bin/../lib/gcc/arm-none-eabi/13.3.1/../../../../arm-none-eabi/lib/thumb/v7e-m+fp/hard/libc_nano.a(libc_a-stdio.o)
                0x08007e4e                __sclose
 .text.memset   0x08007e56       0x10 /opt/st/stm32cubeide_1.19.0/plugins/com.st.stm32cube.ide.mcu.externaltools.gnu-tools-for-stm32.13.3.rel1.linux64_1.0.0.202410170706/tools/bin/../lib/gcc/arm-none-eabi/13.3.1/../../../../arm-none-eabi/lib/thumb/v7e-m+fp/hard/libc_nano.a(libc_a-memset.o)
                0x08007e56                memset
 *fill*         0x08007e66        0x2 
 .text._close_r
                0x08007e68       0x20 /opt/st/stm32cubeide_1.19.0/plugins/com.st.stm32cube.ide.mcu.externaltools.gnu-tools-for-stm32.13.3.rel1.linux64_1.0.0.202410170706/tools/bin/../lib/gcc/arm-none-eabi/13.3.1/../../../../arm-none-eabi/lib/thumb/v7e-m+fp/hard/libc_nano.a(libc_a-closer.o)
                0x08007e68                _close_r
 .text._lseek_r
                0x08007e88       0x24 /opt/st/stm32cubeide_1.19.0/plugins/com.st.stm32cube.ide.mcu.externaltools.gnu-tools-for-stm32.13.3.rel1.linux64_1.0.0.202410170706/tools/bin/../lib/gcc/arm-none-eabi/13.3.1/../../../../arm-none-eabi/lib/thumb/v7e-m+fp/hard/libc_nano.a(libc_a-lseekr.o)
                0x08007e88                _lseek_r
 .text._read_r  0x08007eac       0x24 /opt/st/stm32cubeide_1.19.0/plugins/com.st.stm32cube.ide.mcu.externaltools.gnu-tools-for-stm32.13.3.rel1.linux64_1.0.0.202410170706/tools/bin/../lib/gcc/arm-none-eabi/13.3.1/../../../../arm-none-eabi/lib/thumb/v7e-m+fp/hard/libc_nano.a(libc_a-readr.o)
                0x08007eac                _read_r
 .text._write_r
                0x08007ed0       0x24 /opt/st/stm32cubeide_1.19.0/plugins/com.st.stm32cube.ide.mcu.externaltools.gnu-tools-for-stm32.13.3.rel1.linux64_1.0.0.202410170706/tools/bin/../lib/gcc/arm-none-eabi/13.3.1/../../../../arm-none-eabi/lib/thumb/v7e-m+fp/hard/libc_nano.a(libc_a-writer.o)
                0x08007ed0                _write_r
 .text.__errno  0x08007ef4        0xc /opt/st/stm32cubeide_1.19.0/plugins/com.st.stm32cube.ide.mcu.externaltools.gnu-tools-for-stm32.13.3.rel1.linux64_1.0.0.202410170706/tools/bin/../lib/gcc/arm-none-eabi/13.3.1/../../../../arm-none-eabi/lib/thumb/v7e-m+fp/hard/libc_nano.a(libc_a-errno.o)
                0x08007ef4                __errno
 .text.__libc_init_array
                0x08007f00       0x48 /opt/st/stm32cubeide_1.19.0/plugins/com.st.stm32cube.ide.mcu.externaltools.gnu-tools-for-stm32.13.3.rel1.linux64_1.0.0.202410170706/tools/bin/../lib/gcc/arm-none-eabi/13.3.1/../../../../arm-none-eabi/lib/thumb/v7e-m+fp/hard/libc_nano.a(libc_a-init.o)
                0x08007f00                __libc_init_array
 .text.__retarget_lock_init_recursive
                0x08007f48        0x2 /opt/st/stm32cubeide_1.19.0/plugins/com.st.stm32cube.ide.mcu.externaltools.gnu-tools-for-stm32.13.3.rel1.linux64_1.0.0.202410170706/tools/bin/../lib/gcc/arm-none-eabi/13.3.1/../../../../arm-none-eabi/lib/thumb/v7e-m+fp/hard/libc_nano.a(libc_a-lock.o)
                0x08007f48                __retarget_lock_init_recursive
 .text.__retarget_lock_acquire_recursive
                0x08007f4a        0x2 /opt/st/stm32cubeide_1.19.0/plugins/com.st.stm32cube.ide.mcu.externaltools.gnu-tools-for-stm32.13.3.rel1.linux64_1.0.0.202410170706/tools/bin/../lib/gcc/arm-none-eabi/13.3.1/../../../../arm-none-eabi/lib/thumb/v7e-m+fp/hard/libc_nano.a(libc_a-lock.o)
                0x08007f4a                __retarget_lock_acquire_recursive
 .text.__retarget_lock_release_recursive
                0x08007f4c        0x2 /opt/st/stm32cubeide_1.19.0/plugins/com.st.stm32cube.ide.mcu.externaltools.gnu-tools-for-stm32.13.3.rel1.linux64_1.0.0.202410170706/tools/bin/../lib/gcc/arm-none-eabi/13.3.1/../../../../arm-none-eabi/lib/thumb/v7e-m+fp/hard/libc_nano.a(libc_a-lock.o)
                0x08007f4c                __retarget_lock_release_recursive
 .text.memcpy   0x08007f4e       0x1c /opt/st/stm32cubeide_1.19.0/plugins/com.st.stm32cube.ide.mcu.externaltools.gnu-tools-for-stm32.13.3.rel1.linux64_1.0.0.202410170706/tools/bin/../lib/gcc/arm-none-eabi/13.3.1/../../../../arm-none-eabi/lib/thumb/v7e-m+fp/hard/libc_nano.a(libc_a-memcpy-stub.o)
                0x08007f4e                memcpy
 *fill*         0x08007f6a        0x2 
 .text._free_r  0x08007f6c       0x94 /opt/st/stm32cubeide_1.19.0/plugins/com.st.stm32cube.ide.mcu.externaltools.gnu-tools-for-stm32.13.3.rel1.linux64_1.0.0.202410170706/tools/bin/../lib/gcc/arm-none-eabi/13.3.1/../../../../arm-none-eabi/lib/thumb/v7e-m+fp/hard/libc_nano.a(libc_a-freer.o)
                0x08007f6c                _free_r
 .text.sbrk_aligned
                0x08008000       0x44 /opt/st/stm32cubeide_1.19.0/plugins/com.st.stm32cube.ide.mcu.externaltools.gnu-tools-for-stm32.13.3.rel1.linux64_1.0.0.202410170706/tools/bin/../lib/gcc/arm-none-eabi/13.3.1/../../../../arm-none-eabi/lib/thumb/v7e-m+fp/hard/libc_nano.a(libc_a-mallocr.o)
 .text._malloc_r
                0x08008044      0x100 /opt/st/stm32cubeide_1.19.0/plugins/com.st.stm32cube.ide.mcu.externaltools.gnu-tools-for-stm32.13.3.rel1.linux64_1.0.0.202410170706/tools/bin/../lib/gcc/arm-none-eabi/13.3.1/../../../../arm-none-eabi/lib/thumb/v7e-m+fp/hard/libc_nano.a(libc_a-mallocr.o)
                0x08008044                _malloc_r
 .text.__malloc_lock
                0x08008144        0xc /opt/st/stm32cubeide_1.19.0/plugins/com.st.stm32cube.ide.mcu.externaltools.gnu-tools-for-stm32.13.3.rel1.linux64_1.0.0.202410170706/tools/bin/../lib/gcc/arm-none-eabi/13.3.1/../../../../arm-none-eabi/lib/thumb/v7e-m+fp/hard/libc_nano.a(libc_a-mlock.o)
                0x08008144                __malloc_lock
 .text.__malloc_unlock
                0x08008150        0xc /opt/st/stm32cubeide_1.19.0/plugins/com.st.stm32cube.ide.mcu.externaltools.gnu-tools-for-stm32.13.3.rel1.linux64_1.0.0.202410170706/tools/bin/../lib/gcc/arm-none-eabi/13.3.1/../../../../arm-none-eabi/lib/thumb/v7e-m+fp/hard/libc_nano.a(libc_a-mlock.o)
                0x08008150                __malloc_unlock
 .text.__ssputs_r
                0x0800815c       0xb6 /opt/st/stm32cubeide_1.19.0/plugins/com.st.stm32cube.ide.mcu.externaltools.gnu-tools-for-stm32.13.3.rel1.linux64_1.0.0.202410170706/tools/bin/../lib/gcc/arm-none-eabi/13.3.1/../../../../arm-none-eabi/lib/thumb/v7e-m+fp/hard/libc_nano.a(libc_a-nano-svfprintf.o)
                0x0800815c                __ssputs_r
 *fill*         0x08008212        0x2 
 .text._svfprintf_r
                0x08008214      0x1f8 /opt/st/stm32cubeide_1.19.0/plugins/com.st.stm32cube.ide.mcu.externaltools.gnu-tools-for-stm32.13.3.rel1.linux64_1.0.0.202410170706/tools/bin/../lib/gcc/arm-none-eabi/13.3.1/../../../../arm-none-eabi/lib/thumb/v7e-m+fp/hard/libc_nano.a(libc_a-nano-svfprintf.o)
                0x08008214                _svfprintf_r
                0x08008214                _svfiprintf_r
 .text.__sfputc_r
                0x0800840c       0x2e /opt/st/stm32cubeide_1.19.0/plugins/com.st.stm32cube.ide.mcu.externaltools.gnu-tools-for-stm32.13.3.rel1.linux64_1.0.0.202410170706/tools/bin/../lib/gcc/arm-none-eabi/13.3.1/../../../../arm-none-eabi/lib/thumb/v7e-m+fp/hard/libc_nano.a(libc_a-nano-vfprintf.o)
 .text.__sfputs_r
                0x0800843a       0x24 /opt/st/stm32cubeide_1.19.0/plugins/com.st.stm32cube.ide.mcu.externaltools.gnu-tools-for-stm32.13.3.rel1.linux64_1.0.0.202410170706/tools/bin/../lib/gcc/arm-none-eabi/13.3.1/../../../../arm-none-eabi/lib/thumb/v7e-m+fp/hard/libc_nano.a(libc_a-nano-vfprintf.o)
                0x0800843a                __sfputs_r
 *fill*         0x0800845e        0x2 
 .text._vfprintf_r
                0x08008460      0x230 /opt/st/stm32cubeide_1.19.0/plugins/com.st.stm32cube.ide.mcu.externaltools.gnu-tools-for-stm32.13.3.rel1.linux64_1.0.0.202410170706/tools/bin/../lib/gcc/arm-none-eabi/13.3.1/../../../../arm-none-eabi/lib/thumb/v7e-m+fp/hard/libc_nano.a(libc_a-nano-vfprintf.o)
                0x08008460                _vfiprintf_r
                0x08008460                _vfprintf_r
 .text._printf_common
                0x08008690       0xda /opt/st/stm32cubeide_1.19.0/plugins/com.st.stm32cube.ide.mcu.externaltools.gnu-tools-for-stm32.13.3.rel1.linux64_1.0.0.202410170706/tools/bin/../lib/gcc/arm-none-eabi/13.3.1/../../../../arm-none-eabi/lib/thumb/v7e-m+fp/hard/libc_nano.a(libc_a-nano-vfprintf_i.o)
                0x08008690                _printf_common
 *fill*         0x0800876a        0x2 
 .text._printf_i
                0x0800876c      0x23c /opt/st/stm32cubeide_1.19.0/plugins/com.st.stm32cube.ide.mcu.externaltools.gnu-tools-for-stm32.13.3.rel1.linux64_1.0.0.202410170706/tools/bin/../lib/gcc/arm-none-eabi/13.3.1/../../../../arm-none-eabi/lib/thumb/v7e-m+fp/hard/libc_nano.a(libc_a-nano-vfprintf_i.o)
                0x0800876c                _printf_i
 .text.__sflush_r
                0x080089a8      0x108 /opt/st/stm32cubeide_1.19.0/plugins/com.st.stm32cube.ide.mcu.externaltools.gnu-tools-for-stm32.13.3.rel1.linux64_1.0.0.202410170706/tools/bin/../lib/gcc/arm-none-eabi/13.3.1/../../../../arm-none-eabi/lib/thumb/v7e-m+fp/hard/libc_nano.a(libc_a-fflush.o)
                0x080089a8                __sflush_r
 .text._fflush_r
                0x08008ab0       0x50 /opt/st/stm32cubeide_1.19.0/plugins/com.st.stm32cube.ide.mcu.externaltools.gnu-tools-for-stm32.13.3.rel1.linux64_1.0.0.202410170706/tools/bin/../lib/gcc/arm-none-eabi/13.3.1/../../../../arm-none-eabi/lib/thumb/v7e-m+fp/hard/libc_nano.a(libc_a-fflush.o)
                0x08008ab0                _fflush_r
 .text.__swbuf_r
                0x08008b00       0x7c /opt/st/stm32cubeide_1.19.0/plugins/com.st.stm32cube.ide.mcu.externaltools.gnu-tools-for-stm32.13.3.rel1.linux64_1.0.0.202410170706/tools/bin/../lib/gcc/arm-none-eabi/13.3.1/../../../../arm-none-eabi/lib/thumb/v7e-m+fp/hard/libc_nano.a(libc_a-wbuf.o)
                0x08008b00                __swbuf_r
 .text.__swsetup_r
                0x08008b7c       0xac /opt/st/stm32cubeide_1.19.0/plugins/com.st.stm32cube.ide.mcu.externaltools.gnu-tools-for-stm32.13.3.rel1.linux64_1.0.0.202410170706/tools/bin/../lib/gcc/arm-none-eabi/13.3.1/../../../../arm-none-eabi/lib/thumb/v7e-m+fp/hard/libc_nano.a(libc_a-wsetup.o)
                0x08008b7c                __swsetup_r
 .text.memmove  0x08008c28       0x34 /opt/st/stm32cubeide_1.19.0/plugins/com.st.stm32cube.ide.mcu.externaltools.gnu-tools-for-stm32.13.3.rel1.linux64_1.0.0.202410170706/tools/bin/../lib/gcc/arm-none-eabi/13.3.1/../../../../arm-none-eabi/lib/thumb/v7e-m+fp/hard/libc_nano.a(libc_a-memmove.o)
                0x08008c28                memmove
 .text._sbrk_r  0x08008c5c       0x20 /opt/st/stm32cubeide_1.19.0/plugins/com.st.stm32cube.ide.mcu.externaltools.gnu-tools-for-stm32.13.3.rel1.linux64_1.0.0.202410170706/tools/bin/../lib/gcc/arm-none-eabi/13.3.1/../../../../arm-none-eabi/lib/thumb/v7e-m+fp/hard/libc_nano.a(libc_a-sbrkr.o)
                0x08008c5c                _sbrk_r
 .text._realloc_r
                0x08008c7c       0x5c /opt/st/stm32cubeide_1.19.0/plugins/com.st.stm32cube.ide.mcu.externaltools.gnu-tools-for-stm32.13.3.rel1.linux64_1.0.0.202410170706/tools/bin/../lib/gcc/arm-none-eabi/13.3.1/../../../../arm-none-eabi/lib/thumb/v7e-m+fp/hard/libc_nano.a(libc_a-reallocr.o)
                0x08008c7c                _realloc_r
 .text.__swhatbuf_r
                0x08008cd8       0x4c /opt/st/stm32cubeide_1.19.0/plugins/com.st.stm32cube.ide.mcu.externaltools.gnu-tools-for-stm32.13.3.rel1.linux64_1.0.0.202410170706/tools/bin/../lib/gcc/arm-none-eabi/13.3.1/../../../../arm-none-eabi/lib/thumb/v7e-m+fp/hard/libc_nano.a(libc_a-makebuf.o)
                0x08008cd8                __swhatbuf_r
 .text.__smakebuf_r
                0x08008d24       0x78 /opt/st/stm32cubeide_1.19.0/plugins/com.st.stm32cube.ide.mcu.externaltools.gnu-tools-for-stm32.13.3.rel1.linux64_1.0.0.202410170706/tools/bin/../lib/gcc/arm-none-eabi/13.3.1/../../../../arm-none-eabi/lib/thumb/v7e-m+fp/hard/libc_nano.a(libc_a-makebuf.o)
                0x08008d24                __smakebuf_r
 .text._fstat_r
                0x08008d9c       0x24 /opt/st/stm32cubeide_1.19.0/plugins/com.st.stm32cube.ide.mcu.externaltools.gnu-tools-for-stm32.13.3.rel1.linux64_1.0.0.202410170706/tools/bin/../lib/gcc/arm-none-eabi/13.3.1/../../../../arm-none-eabi/lib/thumb/v7e-m+fp/hard/libc_nano.a(libc_a-fstatr.o)
                0x08008d9c                _fstat_r
 .text._isatty_r
                0x08008dc0       0x20 /opt/st/stm32cubeide_1.19.0/plugins/com.st.stm32cube.ide.mcu.externaltools.gnu-tools-for-stm32.13.3.rel1.linux64_1.0.0.202410170706/tools/bin/../lib/gcc/arm-none-eabi/13.3.1/../../../../arm-none-eabi/lib/thumb/v7e-m+fp/hard/libc_nano.a(libc_a-isattyr.o)
                0x08008dc0                _isatty_r
 .text._malloc_usable_size_r
                0x08008de0       0x10 /opt/st/stm32cubeide_1.19.0/plugins/com.st.stm32cube.ide.mcu.externaltools.gnu-tools-for-stm32.13.3.rel1.linux64_1.0.0.202410170706/tools/bin/../lib/gcc/arm-none-eabi/13.3.1/../../../../arm-none-eabi/lib/thumb/v7e-m+fp/hard/libc_nano.a(libc_a-msizer.o)
                0x08008de0                _malloc_usable_size_r
 *(.glue_7)
 .glue_7        0x08008df0        0x0 linker stubs
 *(.glue_7t)
 .glue_7t       0x08008df0        0x0 linker stubs
 *(.eh_frame)
 .eh_frame      0x08008df0        0x0 /opt/st/stm32cubeide_1.19.0/plugins/com.st.stm32cube.ide.mcu.externaltools.gnu-tools-for-stm32.13.3.rel1.linux64_1.0.0.202410170706/tools/bin/../lib/gcc/arm-none-eabi/13.3.1/thumb/v7e-m+fp/hard/crtbegin.o
 *(.init)
 .init          0x08008df0        0x4 /opt/st/stm32cubeide_1.19.0/plugins/com.st.stm32cube.ide.mcu.externaltools.gnu-tools-for-stm32.13.3.rel1.linux64_1.0.0.202410170706/tools/bin/../lib/gcc/arm-none-eabi/13.3.1/thumb/v7e-m+fp/hard/crti.o
                0x08008df0                _init
 .init          0x08008df4        0x8 /opt/st/stm32cubeide_1.19.0/plugins/com.st.stm32cube.ide.mcu.externaltools.gnu-tools-for-stm32.13.3.rel1.linux64_1.0.0.202410170706/tools/bin/../lib/gcc/arm-none-eabi/13.3.1/thumb/v7e-m+fp/hard/crtn.o
 *(.fini)
 .fini          0x08008dfc        0x4 /opt/st/stm32cubeide_1.19.0/plugins/com.st.stm32cube.ide.mcu.externaltools.gnu-tools-for-stm32.13.3.rel1.linux64_1.0.0.202410170706/tools/bin/../lib/gcc/arm-none-eabi/13.3.1/thumb/v7e-m+fp/hard/crti.o
                0x08008dfc                _fini
 .fini          0x08008e00        0x8 /opt/st/stm32cubeide_1.19.0/plugins/com.st.stm32cube.ide.mcu.externaltools.gnu-tools-for-stm32.13.3.rel1.linux64_1.0.0.202410170706/tools/bin/../lib/gcc/arm-none-eabi/13.3.1/thumb/v7e-m+fp/hard/crtn.o
                0x08008e08                        . = ALIGN (0x4)
                0x08008e08                        _etext = .

.vfp11_veneer   0x08008e08        0x0
 .vfp11_veneer  0x08008e08        0x0 linker stubs

.v4_bx          0x08008e08        0x0
 .v4_bx         0x08008e08        0x0 linker stubs

.iplt           0x08008e08        0x0
 .iplt          0x08008e08        0x0 /opt/st/stm32cubeide_1.19.0/plugins/com.st.stm32cube.ide.mcu.externaltools.gnu-tools-for-stm32.13.3.rel1.linux64_1.0.0.202410170706/tools/bin/../lib/gcc/arm-none-eabi/13.3.1/thumb/v7e-m+fp/hard/crtbegin.o

.rodata         0x08008e08      0x434
                0x08008e08                        . = ALIGN (0x4)
 *(.rodata)
 .rodata        0x08008e08       0x59 ./Core/Src/main.o
 *fill*         0x08008e61        0x3 
 .rodata        0x08008e64       0x58 ./Core/Src/rtc.o
 .rodata        0x08008ebc      0x317 ./Core/Src/task_handler.o
 *fill*         0x080091d3        0x1 
 .rodata        0x080091d4        0x5 ./common/ThirdParty/FreeRTOS/tasks.o
 *fill*         0x080091d9        0x3 
 .rodata        0x080091dc        0xd ./common/ThirdParty/FreeRTOS/timers.o
 *(.rodata*)
 *fill*         0x080091e9        0x3 
 .rodata.AHBPrescTable
                0x080091ec       0x10 ./Core/Src/system_stm32f4xx.o
                0x080091ec                AHBPrescTable
 .rodata.APBPrescTable
                0x080091fc        0x8 ./Core/Src/system_stm32f4xx.o
                0x080091fc                APBPrescTable
 .rodata.uxTopUsedPriority
                0x08009204        0x4 ./common/ThirdParty/FreeRTOS/tasks.o
                0x08009204                uxTopUsedPriority
 .rodata._svfprintf_r.str1.1
                0x08009208       0x33 /opt/st/stm32cubeide_1.19.0/plugins/com.st.stm32cube.ide.mcu.externaltools.gnu-tools-for-stm32.13.3.rel1.linux64_1.0.0.202410170706/tools/bin/../lib/gcc/arm-none-eabi/13.3.1/../../../../arm-none-eabi/lib/thumb/v7e-m+fp/hard/libc_nano.a(libc_a-nano-svfprintf.o)
                                 0x11 (size before relaxing)
 .rodata._vfprintf_r.str1.1
                0x0800923b       0x11 /opt/st/stm32cubeide_1.19.0/plugins/com.st.stm32cube.ide.mcu.externaltools.gnu-tools-for-stm32.13.3.rel1.linux64_1.0.0.202410170706/tools/bin/../lib/gcc/arm-none-eabi/13.3.1/../../../../arm-none-eabi/lib/thumb/v7e-m+fp/hard/libc_nano.a(libc_a-nano-vfprintf.o)
 .rodata._printf_i.str1.1
                0x0800923b       0x22 /opt/st/stm32cubeide_1.19.0/plugins/com.st.stm32cube.ide.mcu.externaltools.gnu-tools-for-stm32.13.3.rel1.linux64_1.0.0.202410170706/tools/bin/../lib/gcc/arm-none-eabi/13.3.1/../../../../arm-none-eabi/lib/thumb/v7e-m+fp/hard/libc_nano.a(libc_a-nano-vfprintf_i.o)
                0x08009260                        . = ALIGN (0x4)
 *fill*         0x0800923b        0x1 

.ARM.extab      0x0800923c        0x0
                0x0800923c                        . = ALIGN (0x4)
 *(.ARM.extab* .gnu.linkonce.armextab.*)
                0x0800923c                        . = ALIGN (0x4)

.ARM            0x0800923c        0x8
                0x0800923c                        . = ALIGN (0x4)
                0x0800923c                        __exidx_start = .
 *(.ARM.exidx*)
 .ARM.exidx     0x0800923c        0x8 /opt/st/stm32cubeide_1.19.0/plugins/com.st.stm32cube.ide.mcu.externaltools.gnu-tools-for-stm32.13.3.rel1.linux64_1.0.0.202410170706/tools/bin/../lib/gcc/arm-none-eabi/13.3.1/../../../../arm-none-eabi/lib/thumb/v7e-m+fp/hard/libc_nano.a(libc_a-strcmp.o)
 .ARM.exidx     0x08009244        0x0 /opt/st/stm32cubeide_1.19.0/plugins/com.st.stm32cube.ide.mcu.externaltools.gnu-tools-for-stm32.13.3.rel1.linux64_1.0.0.202410170706/tools/bin/../lib/gcc/arm-none-eabi/13.3.1/../../../../arm-none-eabi/lib/thumb/v7e-m+fp/hard/libc_nano.a(libc_a-strlen.o)
                                  0x8 (size before relaxing)
 .ARM.exidx     0x08009244        0x0 /opt/st/stm32cubeide_1.19.0/plugins/com.st.stm32cube.ide.mcu.externaltools.gnu-tools-for-stm32.13.3.rel1.linux64_1.0.0.202410170706/tools/bin/../lib/gcc/arm-none-eabi/13.3.1/../../../../arm-none-eabi/lib/thumb/v7e-m+fp/hard/libc_nano.a(libc_a-memchr.o)
                                  0x8 (size before relaxing)
 .ARM.exidx     0x08009244        0x0 /opt/st/stm32cubeide_1.19.0/plugins/com.st.stm32cube.ide.mcu.externaltools.gnu-tools-for-stm32.13.3.rel1.linux64_1.0.0.202410170706/tools/bin/../lib/gcc/arm-none-eabi/13.3.1/thumb/v7e-m+fp/hard/libgcc.a(_udivmoddi4.o)
                                  0x8 (size before relaxing)
                0x08009244                        __exidx_end = .
                0x08009244                        . = ALIGN (0x4)

.preinit_array  0x08009244        0x0
                0x08009244                        . = ALIGN (0x4)
                0x08009244                        PROVIDE (__preinit_array_start = .)
 *(.preinit_array*)
                0x08009244                        PROVIDE (__preinit_array_end = .)
                0x08009244                        . = ALIGN (0x4)

.init_array     0x08009244        0x4
                0x08009244                        . = ALIGN (0x4)
                0x08009244                        PROVIDE (__init_array_start = .)
 *(SORT_BY_NAME(.init_array.*))
 *(.init_array*)
 .init_array    0x08009244        0x4 /opt/st/stm32cubeide_1.19.0/plugins/com.st.stm32cube.ide.mcu.externaltools.gnu-tools-for-stm32.13.3.rel1.linux64_1.0.0.202410170706/tools/bin/../lib/gcc/arm-none-eabi/13.3.1/thumb/v7e-m+fp/hard/crtbegin.o
                0x08009248                        PROVIDE (__init_array_end = .)
                0x08009248                        . = ALIGN (0x4)

.fini_array     0x08009248        0x4
                0x08009248                        . = ALIGN (0x4)
                [!provide]                        PROVIDE (__fini_array_start = .)
 *(SORT_BY_NAME(.fini_array.*))
 *(.fini_array*)
 .fini_array    0x08009248        0x4 /opt/st/stm32cubeide_1.19.0/plugins/com.st.stm32cube.ide.mcu.externaltools.gnu-tools-for-stm32.13.3.rel1.linux64_1.0.0.202410170706/tools/bin/../lib/gcc/arm-none-eabi/13.3.1/thumb/v7e-m+fp/hard/crtbegin.o
                [!provide]                        PROVIDE (__fini_array_end = .)
                0x0800924c                        . = ALIGN (0x4)
                0x0800924c                        _sidata = LOADADDR (.data)

.rel.dyn        0x0800924c        0x0
 .rel.iplt      0x0800924c        0x0 /opt/st/stm32cubeide_1.19.0/plugins/com.st.stm32cube.ide.mcu.externaltools.gnu-tools-for-stm32.13.3.rel1.linux64_1.0.0.202410170706/tools/bin/../lib/gcc/arm-none-eabi/13.3.1/thumb/v7e-m+fp/hard/crtbegin.o

.data           0x20000000       0x80 load address 0x0800924c
                0x20000000                        . = ALIGN (0x4)
                0x20000000                        _sdata = .
 *(.data)
 *(.data*)
 .data.flag.3   0x20000000        0x4 ./Core/Src/led_effect.o
 .data.flag.2   0x20000004        0x4 ./Core/Src/led_effect.o
 .data.time.2   0x20000008        0x4 ./Core/Src/rtc.o
 .data.date.0   0x2000000c        0x4 ./Core/Src/rtc.o
 .data.SystemCoreClock
                0x20000010        0x4 ./Core/Src/system_stm32f4xx.o
                0x20000010                SystemCoreClock
 .data.msg_inv  0x20000014        0x4 ./Core/Src/task_handler.o
                0x20000014                msg_inv
 .data.uwTickPrio
                0x20000018        0x4 ./Drivers/STM32F4xx_HAL_Driver/Src/stm32f4xx_hal.o
                0x20000018                uwTickPrio
 .data.uwTickFreq
                0x2000001c        0x1 ./Drivers/STM32F4xx_HAL_Driver/Src/stm32f4xx_hal.o
                0x2000001c                uwTickFreq
 *fill*         0x2000001d        0x3 
 .data.uxCriticalNesting
                0x20000020        0x4 ./common/ThirdParty/FreeRTOS/portable/GCC/ARM_CM4F/port.o
 .data.__sglue  0x20000024        0xc /opt/st/stm32cubeide_1.19.0/plugins/com.st.stm32cube.ide.mcu.externaltools.gnu-tools-for-stm32.13.3.rel1.linux64_1.0.0.202410170706/tools/bin/../lib/gcc/arm-none-eabi/13.3.1/../../../../arm-none-eabi/lib/thumb/v7e-m+fp/hard/libc_nano.a(libc_a-findfp.o)
                0x20000024                __sglue
 .data._impure_ptr
                0x20000030        0x4 /opt/st/stm32cubeide_1.19.0/plugins/com.st.stm32cube.ide.mcu.externaltools.gnu-tools-for-stm32.13.3.rel1.linux64_1.0.0.202410170706/tools/bin/../lib/gcc/arm-none-eabi/13.3.1/../../../../arm-none-eabi/lib/thumb/v7e-m+fp/hard/libc_nano.a(libc_a-impure.o)
                0x20000030                _impure_ptr
 .data._impure_data
                0x20000034       0x4c /opt/st/stm32cubeide_1.19.0/plugins/com.st.stm32cube.ide.mcu.externaltools.gnu-tools-for-stm32.13.3.rel1.linux64_1.0.0.202410170706/tools/bin/../lib/gcc/arm-none-eabi/13.3.1/../../../../arm-none-eabi/lib/thumb/v7e-m+fp/hard/libc_nano.a(libc_a-impure.o)
                0x20000034                _impure_data
 *(.RamFunc)
 *(.RamFunc*)
                0x20000080                        . = ALIGN (0x4)
                0x20000080                        _edata = .
                0x080092cc                        _siccmram = LOADADDR (.ccmram)

.igot.plt       0x20000080        0x0 load address 0x080092cc
 .igot.plt      0x20000080        0x0 /opt/st/stm32cubeide_1.19.0/plugins/com.st.stm32cube.ide.mcu.externaltools.gnu-tools-for-stm32.13.3.rel1.linux64_1.0.0.202410170706/tools/bin/../lib/gcc/arm-none-eabi/13.3.1/thumb/v7e-m+fp/hard/crtbegin.o

.ccmram         0x10000000        0x0 load address 0x080092cc
                0x10000000                        . = ALIGN (0x4)
                0x10000000                        _sccmram = .
 *(.ccmram)
 *(.ccmram*)
                0x10000000                        . = ALIGN (0x4)
                0x10000000                        _eccmram = .
                0x10000000                        . = ALIGN (0x4)

.bss            0x20000080    0x13058
                0x20000080                        _sbss = .
                0x20000080                        __bss_start__ = _sbss
 *(.bss)
 .bss           0x20000080       0x1c /opt/st/stm32cubeide_1.19.0/plugins/com.st.stm32cube.ide.mcu.externaltools.gnu-tools-for-stm32.13.3.rel1.linux64_1.0.0.202410170706/tools/bin/../lib/gcc/arm-none-eabi/13.3.1/thumb/v7e-m+fp/hard/crtbegin.o
 *(.bss*)
 .bss.i.1       0x2000009c        0x4 ./Core/Src/led_effect.o
 .bss.i.0       0x200000a0        0x4 ./Core/Src/led_effect.o
 .bss.hrtc      0x200000a4       0x20 ./Core/Src/main.o
                0x200000a4                hrtc
 .bss.huart2    0x200000c4       0x48 ./Core/Src/main.o
                0x200000c4                huart2
 .bss.handle_cmd_task
                0x2000010c        0x4 ./Core/Src/main.o
                0x2000010c                handle_cmd_task
 .bss.handle_menu_task
                0x20000110        0x4 ./Core/Src/main.o
                0x20000110                handle_menu_task
 .bss.handle_print_task
                0x20000114        0x4 ./Core/Src/main.o
                0x20000114                handle_print_task
 .bss.handle_led_task
                0x20000118        0x4 ./Core/Src/main.o
                0x20000118                handle_led_task
 .bss.handle_rtc_task
                0x2000011c        0x4 ./Core/Src/main.o
                0x2000011c                handle_rtc_task
 .bss.q_data    0x20000120        0x4 ./Core/Src/main.o
                0x20000120                q_data
 .bss.q_print   0x20000124        0x4 ./Core/Src/main.o
                0x20000124                q_print
 .bss.handle_led_timer
                0x20000128       0x10 ./Core/Src/main.o
                0x20000128                handle_led_timer
 .bss.rtc_timer
                0x20000138        0x4 ./Core/Src/main.o
                0x20000138                rtc_timer
 .bss.user_data
                0x2000013c        0x1 ./Core/Src/main.o
                0x2000013c                user_data
 .bss.curr_state
                0x2000013d        0x1 ./Core/Src/main.o
                0x2000013d                curr_state
 *fill*         0x2000013e        0x2 
 .bss.showtime.3
                0x20000140       0x28 ./Core/Src/rtc.o
 .bss.showdate.1
                0x20000168       0x28 ./Core/Src/rtc.o
 .bss.htim6     0x20000190       0x48 ./Core/Src/stm32f4xx_hal_timebase_tim.o
                0x20000190                htim6
 .bss.__sbrk_heap_end
                0x200001d8        0x4 ./Core/Src/sysmem.o
 .bss.rtc_state.0
                0x200001dc        0x4 ./Core/Src/task_handler.o
 .bss.uwTick    0x200001e0        0x4 ./Drivers/STM32F4xx_HAL_Driver/Src/stm32f4xx_hal.o
                0x200001e0                uwTick
 .bss.xQueueRegistry
                0x200001e4       0x40 ./common/ThirdParty/FreeRTOS/queue.o
                0x200001e4                xQueueRegistry
 .bss.pxCurrentTCB
                0x20000224        0x4 ./common/ThirdParty/FreeRTOS/tasks.o
                0x20000224                pxCurrentTCB
 .bss.pxReadyTasksLists
                0x20000228       0x64 ./common/ThirdParty/FreeRTOS/tasks.o
 .bss.xDelayedTaskList1
                0x2000028c       0x14 ./common/ThirdParty/FreeRTOS/tasks.o
 .bss.xDelayedTaskList2
                0x200002a0       0x14 ./common/ThirdParty/FreeRTOS/tasks.o
 .bss.pxDelayedTaskList
                0x200002b4        0x4 ./common/ThirdParty/FreeRTOS/tasks.o
 .bss.pxOverflowDelayedTaskList
                0x200002b8        0x4 ./common/ThirdParty/FreeRTOS/tasks.o
 .bss.xPendingReadyList
                0x200002bc       0x14 ./common/ThirdParty/FreeRTOS/tasks.o
 .bss.xTasksWaitingTermination
                0x200002d0       0x14 ./common/ThirdParty/FreeRTOS/tasks.o
 .bss.uxDeletedTasksWaitingCleanUp
                0x200002e4        0x4 ./common/ThirdParty/FreeRTOS/tasks.o
 .bss.xSuspendedTaskList
                0x200002e8       0x14 ./common/ThirdParty/FreeRTOS/tasks.o
 .bss.uxCurrentNumberOfTasks
                0x200002fc        0x4 ./common/ThirdParty/FreeRTOS/tasks.o
 .bss.xTickCount
                0x20000300        0x4 ./common/ThirdParty/FreeRTOS/tasks.o
 .bss.uxTopReadyPriority
                0x20000304        0x4 ./common/ThirdParty/FreeRTOS/tasks.o
 .bss.xSchedulerRunning
                0x20000308        0x4 ./common/ThirdParty/FreeRTOS/tasks.o
 .bss.xPendedTicks
                0x2000030c        0x4 ./common/ThirdParty/FreeRTOS/tasks.o
 .bss.xYieldPending
                0x20000310        0x4 ./common/ThirdParty/FreeRTOS/tasks.o
 .bss.xNumOfOverflows
                0x20000314        0x4 ./common/ThirdParty/FreeRTOS/tasks.o
 .bss.uxTaskNumber
                0x20000318        0x4 ./common/ThirdParty/FreeRTOS/tasks.o
 .bss.xNextTaskUnblockTime
                0x2000031c        0x4 ./common/ThirdParty/FreeRTOS/tasks.o
 .bss.xIdleTaskHandle
                0x20000320        0x4 ./common/ThirdParty/FreeRTOS/tasks.o
 .bss.uxSchedulerSuspended
                0x20000324        0x4 ./common/ThirdParty/FreeRTOS/tasks.o
 .bss.xActiveTimerList1
                0x20000328       0x14 ./common/ThirdParty/FreeRTOS/timers.o
 .bss.xActiveTimerList2
                0x2000033c       0x14 ./common/ThirdParty/FreeRTOS/timers.o
 .bss.pxCurrentTimerList
                0x20000350        0x4 ./common/ThirdParty/FreeRTOS/timers.o
 .bss.pxOverflowTimerList
                0x20000354        0x4 ./common/ThirdParty/FreeRTOS/timers.o
 .bss.xTimerQueue
                0x20000358        0x4 ./common/ThirdParty/FreeRTOS/timers.o
 .bss.xTimerTaskHandle
                0x2000035c        0x4 ./common/ThirdParty/FreeRTOS/timers.o
 .bss.xLastTime.0
                0x20000360        0x4 ./common/ThirdParty/FreeRTOS/timers.o
 .bss.ucMaxSysCallPriority
                0x20000364        0x1 ./common/ThirdParty/FreeRTOS/portable/GCC/ARM_CM4F/port.o
 *fill*         0x20000365        0x3 
 .bss.ulMaxPRIGROUPValue
                0x20000368        0x4 ./common/ThirdParty/FreeRTOS/portable/GCC/ARM_CM4F/port.o
 .bss.ucHeap    0x2000036c    0x12c00 ./common/ThirdParty/FreeRTOS/portable/MemMang/heap_4.o
 .bss.xStart    0x20012f6c        0x8 ./common/ThirdParty/FreeRTOS/portable/MemMang/heap_4.o
 .bss.pxEnd     0x20012f74        0x4 ./common/ThirdParty/FreeRTOS/portable/MemMang/heap_4.o
 .bss.xFreeBytesRemaining
                0x20012f78        0x4 ./common/ThirdParty/FreeRTOS/portable/MemMang/heap_4.o
 .bss.xMinimumEverFreeBytesRemaining
                0x20012f7c        0x4 ./common/ThirdParty/FreeRTOS/portable/MemMang/heap_4.o
 .bss.xNumberOfSuccessfulAllocations
                0x20012f80        0x4 ./common/ThirdParty/FreeRTOS/portable/MemMang/heap_4.o
 .bss.xNumberOfSuccessfulFrees
                0x20012f84        0x4 ./common/ThirdParty/FreeRTOS/portable/MemMang/heap_4.o
 .bss.xBlockAllocatedBit
                0x20012f88        0x4 ./common/ThirdParty/FreeRTOS/portable/MemMang/heap_4.o
 .bss.__sf      0x20012f8c      0x138 /opt/st/stm32cubeide_1.19.0/plugins/com.st.stm32cube.ide.mcu.externaltools.gnu-tools-for-stm32.13.3.rel1.linux64_1.0.0.202410170706/tools/bin/../lib/gcc/arm-none-eabi/13.3.1/../../../../arm-none-eabi/lib/thumb/v7e-m+fp/hard/libc_nano.a(libc_a-findfp.o)
                0x20012f8c                __sf
 .bss.__stdio_exit_handler
                0x200130c4        0x4 /opt/st/stm32cubeide_1.19.0/plugins/com.st.stm32cube.ide.mcu.externaltools.gnu-tools-for-stm32.13.3.rel1.linux64_1.0.0.202410170706/tools/bin/../lib/gcc/arm-none-eabi/13.3.1/../../../../arm-none-eabi/lib/thumb/v7e-m+fp/hard/libc_nano.a(libc_a-findfp.o)
                0x200130c4                __stdio_exit_handler
 .bss.errno     0x200130c8        0x4 /opt/st/stm32cubeide_1.19.0/plugins/com.st.stm32cube.ide.mcu.externaltools.gnu-tools-for-stm32.13.3.rel1.linux64_1.0.0.202410170706/tools/bin/../lib/gcc/arm-none-eabi/13.3.1/../../../../arm-none-eabi/lib/thumb/v7e-m+fp/hard/libc_nano.a(libc_a-reent.o)
                0x200130c8                errno
 .bss.__lock___malloc_recursive_mutex
                0x200130cc        0x1 /opt/st/stm32cubeide_1.19.0/plugins/com.st.stm32cube.ide.mcu.externaltools.gnu-tools-for-stm32.13.3.rel1.linux64_1.0.0.202410170706/tools/bin/../lib/gcc/arm-none-eabi/13.3.1/../../../../arm-none-eabi/lib/thumb/v7e-m+fp/hard/libc_nano.a(libc_a-lock.o)
                0x200130cc                __lock___malloc_recursive_mutex
 .bss.__lock___sfp_recursive_mutex
                0x200130cd        0x1 /opt/st/stm32cubeide_1.19.0/plugins/com.st.stm32cube.ide.mcu.externaltools.gnu-tools-for-stm32.13.3.rel1.linux64_1.0.0.202410170706/tools/bin/../lib/gcc/arm-none-eabi/13.3.1/../../../../arm-none-eabi/lib/thumb/v7e-m+fp/hard/libc_nano.a(libc_a-lock.o)
                0x200130cd                __lock___sfp_recursive_mutex
 *fill*         0x200130ce        0x2 
 .bss.__malloc_sbrk_start
                0x200130d0        0x4 /opt/st/stm32cubeide_1.19.0/plugins/com.st.stm32cube.ide.mcu.externaltools.gnu-tools-for-stm32.13.3.rel1.linux64_1.0.0.202410170706/tools/bin/../lib/gcc/arm-none-eabi/13.3.1/../../../../arm-none-eabi/lib/thumb/v7e-m+fp/hard/libc_nano.a(libc_a-mallocr.o)
                0x200130d0                __malloc_sbrk_start
 .bss.__malloc_free_list
                0x200130d4        0x4 /opt/st/stm32cubeide_1.19.0/plugins/com.st.stm32cube.ide.mcu.externaltools.gnu-tools-for-stm32.13.3.rel1.linux64_1.0.0.202410170706/tools/bin/../lib/gcc/arm-none-eabi/13.3.1/../../../../arm-none-eabi/lib/thumb/v7e-m+fp/hard/libc_nano.a(libc_a-mallocr.o)
                0x200130d4                __malloc_free_list
 *(COMMON)
                0x200130d8                        . = ALIGN (0x4)
                0x200130d8                        _ebss = .
                0x200130d8                        __bss_end__ = _ebss

._user_heap_stack
                0x200130d8      0x600
                0x200130d8                        . = ALIGN (0x8)
                [!provide]                        PROVIDE (end = .)
                0x200130d8                        PROVIDE (_end = .)
                0x200132d8                        . = (. + _Min_Heap_Size)
 *fill*         0x200130d8      0x200 
                0x200136d8                        . = (. + _Min_Stack_Size)
 *fill*         0x200132d8      0x400 
                0x200136d8                        . = ALIGN (0x8)

/DISCARD/
 libc.a(*)
 libm.a(*)
 libgcc.a(*)

.ARM.attributes
                0x00000000       0x30
 *(.ARM.attributes)
 .ARM.attributes
                0x00000000       0x22 /opt/st/stm32cubeide_1.19.0/plugins/com.st.stm32cube.ide.mcu.externaltools.gnu-tools-for-stm32.13.3.rel1.linux64_1.0.0.202410170706/tools/bin/../lib/gcc/arm-none-eabi/13.3.1/thumb/v7e-m+fp/hard/crti.o
 .ARM.attributes
                0x00000022       0x34 /opt/st/stm32cubeide_1.19.0/plugins/com.st.stm32cube.ide.mcu.externaltools.gnu-tools-for-stm32.13.3.rel1.linux64_1.0.0.202410170706/tools/bin/../lib/gcc/arm-none-eabi/13.3.1/thumb/v7e-m+fp/hard/crtbegin.o
 .ARM.attributes
                0x00000056       0x34 ./Core/Src/led_effect.o
 .ARM.attributes
                0x0000008a       0x34 ./Core/Src/main.o
 .ARM.attributes
                0x000000be       0x34 ./Core/Src/rtc.o
 .ARM.attributes
                0x000000f2       0x34 ./Core/Src/stm32f4xx_hal_msp.o
 .ARM.attributes
                0x00000126       0x34 ./Core/Src/stm32f4xx_hal_timebase_tim.o
 .ARM.attributes
                0x0000015a       0x34 ./Core/Src/stm32f4xx_it.o
 .ARM.attributes
                0x0000018e       0x34 ./Core/Src/syscalls.o
 .ARM.attributes
                0x000001c2       0x34 ./Core/Src/sysmem.o
 .ARM.attributes
                0x000001f6       0x34 ./Core/Src/system_stm32f4xx.o
 .ARM.attributes
                0x0000022a       0x34 ./Core/Src/task_handler.o
 .ARM.attributes
                0x0000025e       0x21 ./Core/Startup/startup_stm32f407vgtx.o
 .ARM.attributes
                0x0000027f       0x34 ./Drivers/STM32F4xx_HAL_Driver/Src/stm32f4xx_hal.o
 .ARM.attributes
                0x000002b3       0x34 ./Drivers/STM32F4xx_HAL_Driver/Src/stm32f4xx_hal_cortex.o
 .ARM.attributes
                0x000002e7       0x34 ./Drivers/STM32F4xx_HAL_Driver/Src/stm32f4xx_hal_dma.o
 .ARM.attributes
                0x0000031b       0x34 ./Drivers/STM32F4xx_HAL_Driver/Src/stm32f4xx_hal_gpio.o
 .ARM.attributes
                0x0000034f       0x34 ./Drivers/STM32F4xx_HAL_Driver/Src/stm32f4xx_hal_rcc.o
 .ARM.attributes
                0x00000383       0x34 ./Drivers/STM32F4xx_HAL_Driver/Src/stm32f4xx_hal_rcc_ex.o
 .ARM.attributes
                0x000003b7       0x34 ./Drivers/STM32F4xx_HAL_Driver/Src/stm32f4xx_hal_rtc.o
 .ARM.attributes
                0x000003eb       0x34 ./Drivers/STM32F4xx_HAL_Driver/Src/stm32f4xx_hal_tim.o
 .ARM.attributes
                0x0000041f       0x34 ./Drivers/STM32F4xx_HAL_Driver/Src/stm32f4xx_hal_tim_ex.o
 .ARM.attributes
                0x00000453       0x34 ./Drivers/STM32F4xx_HAL_Driver/Src/stm32f4xx_hal_uart.o
 .ARM.attributes
                0x00000487       0x34 ./common/ThirdParty/FreeRTOS/list.o
 .ARM.attributes
                0x000004bb       0x34 ./common/ThirdParty/FreeRTOS/queue.o
 .ARM.attributes
                0x000004ef       0x34 ./common/ThirdParty/FreeRTOS/tasks.o
 .ARM.attributes
                0x00000523       0x34 ./common/ThirdParty/FreeRTOS/timers.o
 .ARM.attributes
                0x00000557       0x34 ./common/ThirdParty/FreeRTOS/portable/GCC/ARM_CM4F/port.o
 .ARM.attributes
                0x0000058b       0x34 ./common/ThirdParty/FreeRTOS/portable/MemMang/heap_4.o
 .ARM.attributes
                0x000005bf       0x34 /opt/st/stm32cubeide_1.19.0/plugins/com.st.stm32cube.ide.mcu.externaltools.gnu-tools-for-stm32.13.3.rel1.linux64_1.0.0.202410170706/tools/bin/../lib/gcc/arm-none-eabi/13.3.1/../../../../arm-none-eabi/lib/thumb/v7e-m+fp/hard/libc_nano.a(libc_a-findfp.o)
 .ARM.attributes
                0x000005f3       0x34 /opt/st/stm32cubeide_1.19.0/plugins/com.st.stm32cube.ide.mcu.externaltools.gnu-tools-for-stm32.13.3.rel1.linux64_1.0.0.202410170706/tools/bin/../lib/gcc/arm-none-eabi/13.3.1/../../../../arm-none-eabi/lib/thumb/v7e-m+fp/hard/libc_nano.a(libc_a-fwalk.o)
 .ARM.attributes
                0x00000627       0x34 /opt/st/stm32cubeide_1.19.0/plugins/com.st.stm32cube.ide.mcu.externaltools.gnu-tools-for-stm32.13.3.rel1.linux64_1.0.0.202410170706/tools/bin/../lib/gcc/arm-none-eabi/13.3.1/../../../../arm-none-eabi/lib/thumb/v7e-m+fp/hard/libc_nano.a(libc_a-printf.o)
 .ARM.attributes
                0x0000065b       0x34 /opt/st/stm32cubeide_1.19.0/plugins/com.st.stm32cube.ide.mcu.externaltools.gnu-tools-for-stm32.13.3.rel1.linux64_1.0.0.202410170706/tools/bin/../lib/gcc/arm-none-eabi/13.3.1/../../../../arm-none-eabi/lib/thumb/v7e-m+fp/hard/libc_nano.a(libc_a-sprintf.o)
 .ARM.attributes
                0x0000068f       0x34 /opt/st/stm32cubeide_1.19.0/plugins/com.st.stm32cube.ide.mcu.externaltools.gnu-tools-for-stm32.13.3.rel1.linux64_1.0.0.202410170706/tools/bin/../lib/gcc/arm-none-eabi/13.3.1/../../../../arm-none-eabi/lib/thumb/v7e-m+fp/hard/libc_nano.a(libc_a-stdio.o)
 .ARM.attributes
                0x000006c3       0x34 /opt/st/stm32cubeide_1.19.0/plugins/com.st.stm32cube.ide.mcu.externaltools.gnu-tools-for-stm32.13.3.rel1.linux64_1.0.0.202410170706/tools/bin/../lib/gcc/arm-none-eabi/13.3.1/../../../../arm-none-eabi/lib/thumb/v7e-m+fp/hard/libc_nano.a(libc_a-memset.o)
 .ARM.attributes
                0x000006f7       0x34 /opt/st/stm32cubeide_1.19.0/plugins/com.st.stm32cube.ide.mcu.externaltools.gnu-tools-for-stm32.13.3.rel1.linux64_1.0.0.202410170706/tools/bin/../lib/gcc/arm-none-eabi/13.3.1/../../../../arm-none-eabi/lib/thumb/v7e-m+fp/hard/libc_nano.a(libc_a-closer.o)
 .ARM.attributes
                0x0000072b       0x34 /opt/st/stm32cubeide_1.19.0/plugins/com.st.stm32cube.ide.mcu.externaltools.gnu-tools-for-stm32.13.3.rel1.linux64_1.0.0.202410170706/tools/bin/../lib/gcc/arm-none-eabi/13.3.1/../../../../arm-none-eabi/lib/thumb/v7e-m+fp/hard/libc_nano.a(libc_a-reent.o)
 .ARM.attributes
                0x0000075f       0x34 /opt/st/stm32cubeide_1.19.0/plugins/com.st.stm32cube.ide.mcu.externaltools.gnu-tools-for-stm32.13.3.rel1.linux64_1.0.0.202410170706/tools/bin/../lib/gcc/arm-none-eabi/13.3.1/../../../../arm-none-eabi/lib/thumb/v7e-m+fp/hard/libc_nano.a(libc_a-impure.o)
 .ARM.attributes
                0x00000793       0x34 /opt/st/stm32cubeide_1.19.0/plugins/com.st.stm32cube.ide.mcu.externaltools.gnu-tools-for-stm32.13.3.rel1.linux64_1.0.0.202410170706/tools/bin/../lib/gcc/arm-none-eabi/13.3.1/../../../../arm-none-eabi/lib/thumb/v7e-m+fp/hard/libc_nano.a(libc_a-lseekr.o)
 .ARM.attributes
                0x000007c7       0x34 /opt/st/stm32cubeide_1.19.0/plugins/com.st.stm32cube.ide.mcu.externaltools.gnu-tools-for-stm32.13.3.rel1.linux64_1.0.0.202410170706/tools/bin/../lib/gcc/arm-none-eabi/13.3.1/../../../../arm-none-eabi/lib/thumb/v7e-m+fp/hard/libc_nano.a(libc_a-readr.o)
 .ARM.attributes
                0x000007fb       0x34 /opt/st/stm32cubeide_1.19.0/plugins/com.st.stm32cube.ide.mcu.externaltools.gnu-tools-for-stm32.13.3.rel1.linux64_1.0.0.202410170706/tools/bin/../lib/gcc/arm-none-eabi/13.3.1/../../../../arm-none-eabi/lib/thumb/v7e-m+fp/hard/libc_nano.a(libc_a-writer.o)
 .ARM.attributes
                0x0000082f       0x34 /opt/st/stm32cubeide_1.19.0/plugins/com.st.stm32cube.ide.mcu.externaltools.gnu-tools-for-stm32.13.3.rel1.linux64_1.0.0.202410170706/tools/bin/../lib/gcc/arm-none-eabi/13.3.1/../../../../arm-none-eabi/lib/thumb/v7e-m+fp/hard/libc_nano.a(libc_a-errno.o)
 .ARM.attributes
                0x00000863       0x34 /opt/st/stm32cubeide_1.19.0/plugins/com.st.stm32cube.ide.mcu.externaltools.gnu-tools-for-stm32.13.3.rel1.linux64_1.0.0.202410170706/tools/bin/../lib/gcc/arm-none-eabi/13.3.1/../../../../arm-none-eabi/lib/thumb/v7e-m+fp/hard/libc_nano.a(libc_a-init.o)
 .ARM.attributes
                0x00000897       0x34 /opt/st/stm32cubeide_1.19.0/plugins/com.st.stm32cube.ide.mcu.externaltools.gnu-tools-for-stm32.13.3.rel1.linux64_1.0.0.202410170706/tools/bin/../lib/gcc/arm-none-eabi/13.3.1/../../../../arm-none-eabi/lib/thumb/v7e-m+fp/hard/libc_nano.a(libc_a-lock.o)
 .ARM.attributes
                0x000008cb       0x20 /opt/st/stm32cubeide_1.19.0/plugins/com.st.stm32cube.ide.mcu.externaltools.gnu-tools-for-stm32.13.3.rel1.linux64_1.0.0.202410170706/tools/bin/../lib/gcc/arm-none-eabi/13.3.1/../../../../arm-none-eabi/lib/thumb/v7e-m+fp/hard/libc_nano.a(libc_a-strcmp.o)
 .ARM.attributes
                0x000008eb       0x34 /opt/st/stm32cubeide_1.19.0/plugins/com.st.stm32cube.ide.mcu.externaltools.gnu-tools-for-stm32.13.3.rel1.linux64_1.0.0.202410170706/tools/bin/../lib/gcc/arm-none-eabi/13.3.1/../../../../arm-none-eabi/lib/thumb/v7e-m+fp/hard/libc_nano.a(libc_a-memcpy-stub.o)
 .ARM.attributes
                0x0000091f       0x17 /opt/st/stm32cubeide_1.19.0/plugins/com.st.stm32cube.ide.mcu.externaltools.gnu-tools-for-stm32.13.3.rel1.linux64_1.0.0.202410170706/tools/bin/../lib/gcc/arm-none-eabi/13.3.1/../../../../arm-none-eabi/lib/thumb/v7e-m+fp/hard/libc_nano.a(libc_a-strlen.o)
 .ARM.attributes
                0x00000936       0x34 /opt/st/stm32cubeide_1.19.0/plugins/com.st.stm32cube.ide.mcu.externaltools.gnu-tools-for-stm32.13.3.rel1.linux64_1.0.0.202410170706/tools/bin/../lib/gcc/arm-none-eabi/13.3.1/../../../../arm-none-eabi/lib/thumb/v7e-m+fp/hard/libc_nano.a(libc_a-freer.o)
 .ARM.attributes
                0x0000096a       0x34 /opt/st/stm32cubeide_1.19.0/plugins/com.st.stm32cube.ide.mcu.externaltools.gnu-tools-for-stm32.13.3.rel1.linux64_1.0.0.202410170706/tools/bin/../lib/gcc/arm-none-eabi/13.3.1/../../../../arm-none-eabi/lib/thumb/v7e-m+fp/hard/libc_nano.a(libc_a-mallocr.o)
 .ARM.attributes
                0x0000099e       0x34 /opt/st/stm32cubeide_1.19.0/plugins/com.st.stm32cube.ide.mcu.externaltools.gnu-tools-for-stm32.13.3.rel1.linux64_1.0.0.202410170706/tools/bin/../lib/gcc/arm-none-eabi/13.3.1/../../../../arm-none-eabi/lib/thumb/v7e-m+fp/hard/libc_nano.a(libc_a-mlock.o)
 .ARM.attributes
                0x000009d2       0x34 /opt/st/stm32cubeide_1.19.0/plugins/com.st.stm32cube.ide.mcu.externaltools.gnu-tools-for-stm32.13.3.rel1.linux64_1.0.0.202410170706/tools/bin/../lib/gcc/arm-none-eabi/13.3.1/../../../../arm-none-eabi/lib/thumb/v7e-m+fp/hard/libc_nano.a(libc_a-nano-svfprintf.o)
 .ARM.attributes
                0x00000a06       0x34 /opt/st/stm32cubeide_1.19.0/plugins/com.st.stm32cube.ide.mcu.externaltools.gnu-tools-for-stm32.13.3.rel1.linux64_1.0.0.202410170706/tools/bin/../lib/gcc/arm-none-eabi/13.3.1/../../../../arm-none-eabi/lib/thumb/v7e-m+fp/hard/libc_nano.a(libc_a-nano-vfprintf.o)
 .ARM.attributes
                0x00000a3a       0x34 /opt/st/stm32cubeide_1.19.0/plugins/com.st.stm32cube.ide.mcu.externaltools.gnu-tools-for-stm32.13.3.rel1.linux64_1.0.0.202410170706/tools/bin/../lib/gcc/arm-none-eabi/13.3.1/../../../../arm-none-eabi/lib/thumb/v7e-m+fp/hard/libc_nano.a(libc_a-nano-vfprintf_i.o)
 .ARM.attributes
                0x00000a6e       0x34 /opt/st/stm32cubeide_1.19.0/plugins/com.st.stm32cube.ide.mcu.externaltools.gnu-tools-for-stm32.13.3.rel1.linux64_1.0.0.202410170706/tools/bin/../lib/gcc/arm-none-eabi/13.3.1/../../../../arm-none-eabi/lib/thumb/v7e-m+fp/hard/libc_nano.a(libc_a-fflush.o)
 .ARM.attributes
                0x00000aa2       0x34 /opt/st/stm32cubeide_1.19.0/plugins/com.st.stm32cube.ide.mcu.externaltools.gnu-tools-for-stm32.13.3.rel1.linux64_1.0.0.202410170706/tools/bin/../lib/gcc/arm-none-eabi/13.3.1/../../../../arm-none-eabi/lib/thumb/v7e-m+fp/hard/libc_nano.a(libc_a-wbuf.o)
 .ARM.attributes
                0x00000ad6       0x34 /opt/st/stm32cubeide_1.19.0/plugins/com.st.stm32cube.ide.mcu.externaltools.gnu-tools-for-stm32.13.3.rel1.linux64_1.0.0.202410170706/tools/bin/../lib/gcc/arm-none-eabi/13.3.1/../../../../arm-none-eabi/lib/thumb/v7e-m+fp/hard/libc_nano.a(libc_a-wsetup.o)
 .ARM.attributes
                0x00000b0a       0x34 /opt/st/stm32cubeide_1.19.0/plugins/com.st.stm32cube.ide.mcu.externaltools.gnu-tools-for-stm32.13.3.rel1.linux64_1.0.0.202410170706/tools/bin/../lib/gcc/arm-none-eabi/13.3.1/../../../../arm-none-eabi/lib/thumb/v7e-m+fp/hard/libc_nano.a(libc_a-memmove.o)
 .ARM.attributes
                0x00000b3e       0x34 /opt/st/stm32cubeide_1.19.0/plugins/com.st.stm32cube.ide.mcu.externaltools.gnu-tools-for-stm32.13.3.rel1.linux64_1.0.0.202410170706/tools/bin/../lib/gcc/arm-none-eabi/13.3.1/../../../../arm-none-eabi/lib/thumb/v7e-m+fp/hard/libc_nano.a(libc_a-sbrkr.o)
 .ARM.attributes
                0x00000b72       0x1c /opt/st/stm32cubeide_1.19.0/plugins/com.st.stm32cube.ide.mcu.externaltools.gnu-tools-for-stm32.13.3.rel1.linux64_1.0.0.202410170706/tools/bin/../lib/gcc/arm-none-eabi/13.3.1/../../../../arm-none-eabi/lib/thumb/v7e-m+fp/hard/libc_nano.a(libc_a-memchr.o)