2026-04-06 11:01:19,511 [INFO] Activator:176 - 


2026-04-06 11:01:19,515 [INFO] Activator:177 - !SESSION log4j initialized
2026-04-06 11:01:24,064 [INFO] LogOutputStream:77 - [STDOUT_REDIRECT] 
2026-04-06 11:01:26,083 [INFO] ApplicationProperties:184 - Using Application install path: /opt/st/stm32cubeide_1.19.0/plugins/com.st.stm32cube.common.mx_6.15.0.202507011659
2026-04-06 11:01:26,100 [INFO] DbMcusXml:78 - Set database path to: /opt/st/stm32cubeide_1.19.0/plugins/com.st.stm32cube.common.mx_6.15.0.202507011659//db//mcu/
2026-04-06 11:01:26,100 [INFO] ApiDb:274 - Set plugin database path to: /opt/st/stm32cubeide_1.19.0/plugins/com.st.stm32cube.common.mx_6.15.0.202507011659//db//plugins/boardmanager/
2026-04-06 11:01:26,100 [WARN] ApiDb:259 - Overriding images path with different value:  => /opt/st/stm32cubeide_1.19.0/plugins/com.st.stm32cube.common.mx_6.15.0.202507011659//db//plugins/mcufinder/images/
2026-04-06 11:01:26,107 [INFO] ApiDb:250 - Set database path to: /home/sunbeam/.stmcufinder/plugins/mcufinder//mcu/
2026-04-06 11:01:26,109 [INFO] DbMcusAds:125 - Set database path to: /home/sunbeam/.stmcufinder/plugins/mcufinder//mcu/
2026-04-06 11:01:26,308 [INFO] CrossReferenceDbSqlite:203 - Set database path to: /home/sunbeam/.stmcufinder/plugins/mcufinder//mcu/cs/
2026-04-06 11:01:26,465 [INFO] RulesReader:64 - Compatibility file has been processed (317 Rules)
2026-04-06 11:01:26,525 [INFO] DbMcusXml:78 - Set database path to: /opt/st/stm32cubeide_1.19.0/plugins/com.st.stm32cube.common.mx_6.15.0.202507011659//db//mcu/
2026-04-06 11:01:26,526 [INFO] ApiDb:274 - Set plugin database path to: /opt/st/stm32cubeide_1.19.0/plugins/com.st.stm32cube.common.mx_6.15.0.202507011659//db//plugins/boardmanager/
2026-04-06 11:01:26,526 [INFO] ApiDb:261 - Set plugin images path to: /opt/st/stm32cubeide_1.19.0/plugins/com.st.stm32cube.common.mx_6.15.0.202507011659//db//plugins/mcufinder/images/
2026-04-06 11:01:26,526 [WARN] DbFile:41 - Overriding database path with different value: /home/sunbeam/.stmcufinder/plugins/mcufinder/ => /home/sunbeam/.stmcufinder/plugins/mcufinder
2026-04-06 11:01:26,526 [INFO] ApiDb:250 - Set database path to: /home/sunbeam/.stmcufinder/plugins/mcufinder//mcu/
2026-04-06 11:01:26,526 [WARN] DbFile:41 - Overriding database path with different value: /home/sunbeam/.stmcufinder/plugins/mcufinder/ => /home/sunbeam/.stmcufinder/plugins/mcufinder
2026-04-06 11:01:26,526 [INFO] DbMcusAds:125 - Set database path to: /home/sunbeam/.stmcufinder/plugins/mcufinder//mcu/
2026-04-06 11:01:26,526 [WARN] DbFile:41 - Overriding database path with different value: /home/sunbeam/.stmcufinder/plugins/mcufinder/ => /home/sunbeam/.stmcufinder/plugins/mcufinder
2026-04-06 11:01:26,526 [WARN] DbFile:41 - Overriding database path with different value: /home/sunbeam/.stmcufinder/plugins/mcufinder/ => /home/sunbeam/.stmcufinder/plugins/mcufinder
2026-04-06 11:01:26,718 [INFO] CrossReferenceDbSqlite:203 - Set database path to: /home/sunbeam/.stmcufinder/plugins/mcufinder//mcu/cs/
2026-04-06 11:01:26,818 [INFO] MainPanel:274 - HeapMemory: 268435456
2026-04-06 11:01:26,933 [INFO] DbMcusXml:78 - Set database path to: /opt/st/stm32cubeide_1.19.0/plugins/com.st.stm32cube.common.mx_6.15.0.202507011659//db//mcu/
2026-04-06 11:01:26,933 [INFO] ApiDb:274 - Set plugin database path to: /opt/st/stm32cubeide_1.19.0/plugins/com.st.stm32cube.common.mx_6.15.0.202507011659//db//plugins/boardmanager/
2026-04-06 11:01:26,933 [INFO] ApiDb:261 - Set plugin images path to: /opt/st/stm32cubeide_1.19.0/plugins/com.st.stm32cube.common.mx_6.15.0.202507011659//db//plugins/mcufinder/images/
2026-04-06 11:01:26,933 [WARN] DbFile:41 - Overriding database path with different value: /home/sunbeam/.stmcufinder/plugins/mcufinder/ => /home/sunbeam/.stmcufinder/plugins/mcufinder
2026-04-06 11:01:26,934 [INFO] ApiDb:250 - Set database path to: /home/sunbeam/.stmcufinder/plugins/mcufinder//mcu/
2026-04-06 11:01:26,934 [WARN] DbFile:41 - Overriding database path with different value: /home/sunbeam/.stmcufinder/plugins/mcufinder/ => /home/sunbeam/.stmcufinder/plugins/mcufinder
2026-04-06 11:01:26,934 [INFO] DbMcusAds:125 - Set database path to: /home/sunbeam/.stmcufinder/plugins/mcufinder//mcu/
2026-04-06 11:01:26,934 [WARN] DbFile:41 - Overriding database path with different value: /home/sunbeam/.stmcufinder/plugins/mcufinder/ => /home/sunbeam/.stmcufinder/plugins/mcufinder
2026-04-06 11:01:26,934 [WARN] DbFile:41 - Overriding database path with different value: /home/sunbeam/.stmcufinder/plugins/mcufinder/ => /home/sunbeam/.stmcufinder/plugins/mcufinder
2026-04-06 11:01:27,025 [INFO] CrossReferenceDbSqlite:203 - Set database path to: /home/sunbeam/.stmcufinder/plugins/mcufinder//mcu/cs/
2026-04-06 11:01:27,052 [INFO] ApplicationProperties:184 - Using Application install path: /opt/st/stm32cubeide_1.19.0/plugins/com.st.stm32cube.common.mx_6.15.0.202507011659
2026-04-06 11:01:27,054 [INFO] PluginManage:196 - Search for loadable plugins [exclusion list=, ]
2026-04-06 11:01:27,056 [INFO] PluginManage:310 - Check plugin analytics
2026-04-06 11:01:27,547 [INFO] AnalyticsPlugin:253 - Accepted Software Licenses: 
2026-04-06 11:01:27,547 [INFO] AnalyticsPlugin:255 - Accepted CMSIS Pack Licenses: 
2026-04-06 11:01:27,547 [INFO] AnalyticsPlugin:257 - Accepted Firmware Licenses: FW.F4.1.28.0
2026-04-06 11:01:27,549 [INFO] PluginManage:359 - Loaded plugin analytics (category:tool,tabindex:-1)
2026-04-06 11:01:27,550 [INFO] PluginManage:310 - Check plugin cadmodel
2026-04-06 11:01:27,557 [INFO] CADModel:105 - Init CAD model plugin
2026-04-06 11:01:27,557 [INFO] PluginManage:359 - Loaded plugin cadmodel (category:power,tabindex:5)
2026-04-06 11:01:27,557 [INFO] PluginManage:310 - Check plugin clock
2026-04-06 11:01:27,567 [INFO] PluginManage:359 - Loaded plugin clock (category:base,tabindex:2)
2026-04-06 11:01:27,567 [INFO] PluginManage:310 - Check plugin ddr
2026-04-06 11:01:27,570 [INFO] PluginManage:359 - Loaded plugin ddr (category:tool,tabindex:6)
2026-04-06 11:01:27,570 [INFO] PluginManage:310 - Check plugin filemanager
2026-04-06 11:01:27,775 [INFO] PluginManage:359 - Loaded plugin filemanager (category:base,tabindex:10)
2026-04-06 11:01:27,776 [INFO] PluginManage:310 - Check plugin ipmanager
2026-04-06 11:01:27,781 [INFO] PluginManage:359 - Loaded plugin ipmanager (category:base,tabindex:5)
2026-04-06 11:01:27,781 [INFO] PluginManage:310 - Check plugin lpbam
2026-04-06 11:01:27,791 [INFO] PluginManage:359 - Loaded plugin lpbam (category:base,tabindex:0)
2026-04-06 11:01:27,791 [INFO] PluginManage:310 - Check plugin memorymap
2026-04-06 11:01:27,804 [INFO] PluginManage:359 - Loaded plugin memorymap (category:base,tabindex:4)
2026-04-06 11:01:27,804 [INFO] PluginManage:310 - Check plugin pinoutandconfiguration
2026-04-06 11:01:27,813 [INFO] PluginManage:359 - Loaded plugin pinoutandconfiguration (category:base,tabindex:1)
2026-04-06 11:01:27,813 [INFO] PluginManage:310 - Check plugin pinoutconfig
2026-04-06 11:01:27,899 [WARN] SupportedApi:132 - Cannot load RTOS API schema: s4s-elt-must-match.1: The content of 'definitions' must match (annotation?, (simpleType | complexType)?, (unique | key | keyref)*)). A problem was found starting at: attribute.
2026-04-06 11:01:28,028 [INFO] PluginManage:359 - Loaded plugin pinoutconfig (category:base,tabindex:0)
2026-04-06 11:01:28,029 [INFO] PluginManage:310 - Check plugin power
2026-04-06 11:01:28,038 [INFO] PluginManage:359 - Loaded plugin power (category:power,tabindex:4)
2026-04-06 11:01:28,038 [INFO] PluginManage:310 - Check plugin projectmanager
2026-04-06 11:01:28,052 [INFO] PluginManage:359 - Loaded plugin projectmanager (category:projectmanager,tabindex:4)
2026-04-06 11:01:28,053 [INFO] PluginManage:310 - Check plugin rif
2026-04-06 11:01:28,061 [INFO] PluginManage:359 - Loaded plugin rif (category:base,tabindex:3)
2026-04-06 11:01:28,061 [INFO] PluginManage:310 - Check plugin thirdparty
2026-04-06 11:01:28,188 [INFO] PluginManage:359 - Loaded plugin thirdparty (category:base,tabindex:-1)
2026-04-06 11:01:28,187 [WARN] IntegrityCheckThread:84 - waiting for thirdparty lock release [integrity check]
2026-04-06 11:01:28,188 [INFO] PluginManage:310 - Check plugin tools
2026-04-06 11:01:28,188 [INFO] IntegrityCheckThread:86 - entering critical section [integrity check]
2026-04-06 11:01:28,188 [INFO] ThirdPartyUpdaterWithRetryManager:70 - Updater plugin not ready yet. [1/15]
2026-04-06 11:01:28,190 [INFO] PluginManage:359 - Loaded plugin tools (category:base,tabindex:7)
2026-04-06 11:01:28,190 [INFO] PluginManage:310 - Check plugin tutovideos
2026-04-06 11:01:28,405 [INFO] PluginManage:359 - Loaded plugin tutovideos (category:base,tabindex:-1)
2026-04-06 11:01:28,405 [INFO] PluginManage:310 - Check plugin updater
2026-04-06 11:01:28,432 [INFO] PluginManage:359 - Loaded plugin updater (category:base,tabindex:12)
2026-04-06 11:01:28,433 [INFO] PluginManage:310 - Check plugin userauth
2026-04-06 11:01:28,439 [INFO] UserAuth:118 - Init User Auth plugin
2026-04-06 11:01:28,440 [INFO] PluginManage:359 - Loaded plugin userauth (category:base,tabindex:14)
2026-04-06 11:01:28,441 [INFO] PluginManage:283 - PluginManage : Loaded plugins [18]
2026-04-06 11:01:28,649 [INFO] PinOutPanel:1589 - setPackage(No Configuration,No Configuration)
2026-04-06 11:01:28,718 [INFO] CADModel:165 - CPN selected for project level
2026-04-06 11:01:28,718 [INFO] CADModel:114 - Register for checkConnection events
2026-04-06 11:01:28,727 [INFO] IPUIPlugin:80 - create IPUIPlugin
2026-04-06 11:01:28,727 [INFO] PluginManager:220 - loadIPPluginJar : add dfsdm
2026-04-06 11:01:28,732 [INFO] IPUIPlugin:80 - create IPUIPlugin
2026-04-06 11:01:28,732 [INFO] PluginManager:220 - loadIPPluginJar : add gfxmmu
2026-04-06 11:01:28,734 [INFO] IPUIPlugin:80 - create IPUIPlugin
2026-04-06 11:01:28,734 [INFO] PluginManager:220 - loadIPPluginJar : add i3c
2026-04-06 11:01:28,736 [INFO] IPUIPlugin:80 - create IPUIPlugin
2026-04-06 11:01:28,737 [INFO] PluginManager:220 - loadIPPluginJar : add sai
2026-04-06 11:01:28,742 [INFO] IPUIPlugin:80 - create IPUIPlugin
2026-04-06 11:01:28,742 [INFO] PluginManager:220 - loadIPPluginJar : add dma
2026-04-06 11:01:28,743 [INFO] IPUIPlugin:80 - create IPUIPlugin
2026-04-06 11:01:28,743 [INFO] PluginManager:220 - loadIPPluginJar : add quadspi
2026-04-06 11:01:28,747 [INFO] IPUIPlugin:80 - create IPUIPlugin
2026-04-06 11:01:28,747 [INFO] PluginManager:220 - loadIPPluginJar : add opamp
2026-04-06 11:01:28,748 [INFO] IPUIPlugin:80 - create IPUIPlugin
2026-04-06 11:01:28,748 [INFO] PluginManager:220 - loadIPPluginJar : add comp
2026-04-06 11:01:28,755 [INFO] IPUIPlugin:80 - create IPUIPlugin
2026-04-06 11:01:28,757 [INFO] PluginManager:220 - loadIPPluginJar : add plateformsettings
2026-04-06 11:01:28,759 [INFO] IPUIPlugin:80 - create IPUIPlugin
2026-04-06 11:01:28,759 [INFO] PluginManager:220 - loadIPPluginJar : add ltdc
2026-04-06 11:01:28,762 [INFO] IPUIPlugin:80 - create IPUIPlugin
2026-04-06 11:01:28,762 [INFO] PluginManager:220 - loadIPPluginJar : add nvic
2026-04-06 11:01:28,763 [INFO] IPUIPlugin:80 - create IPUIPlugin
2026-04-06 11:01:28,764 [INFO] PluginManager:220 - loadIPPluginJar : add fatfs
2026-04-06 11:01:28,768 [INFO] IPUIPlugin:80 - create IPUIPlugin
2026-04-06 11:01:28,768 [INFO] PluginManager:220 - loadIPPluginJar : add gpio
2026-04-06 11:01:28,770 [INFO] IPUIPlugin:80 - create IPUIPlugin
2026-04-06 11:01:28,770 [INFO] PluginManager:220 - loadIPPluginJar : add aes
2026-04-06 11:01:28,775 [INFO] IPUIPlugin:80 - create IPUIPlugin
2026-04-06 11:01:28,776 [INFO] PluginManager:220 - loadIPPluginJar : add mdma
2026-04-06 11:01:28,778 [INFO] IPUIPlugin:80 - create IPUIPlugin
2026-04-06 11:01:28,778 [INFO] PluginManager:220 - loadIPPluginJar : add pdm2pcm
2026-04-06 11:01:28,784 [INFO] IPUIPlugin:80 - create IPUIPlugin
2026-04-06 11:01:28,784 [INFO] PluginManager:220 - loadIPPluginJar : add linkedlist
2026-04-06 11:01:28,786 [INFO] IPUIPlugin:80 - create IPUIPlugin
2026-04-06 11:01:28,786 [INFO] PluginManager:220 - loadIPPluginJar : add usart
2026-04-06 11:01:28,788 [INFO] IPUIPlugin:80 - create IPUIPlugin
2026-04-06 11:01:28,788 [INFO] PluginManager:220 - loadIPPluginJar : add i2c
2026-04-06 11:01:28,791 [INFO] IPUIPlugin:80 - create IPUIPlugin
2026-04-06 11:01:28,791 [INFO] PluginManager:220 - loadIPPluginJar : add lorawan
2026-04-06 11:01:28,794 [INFO] IPUIPlugin:80 - create IPUIPlugin
2026-04-06 11:01:28,794 [INFO] PluginManager:220 - loadIPPluginJar : add usbx
2026-04-06 11:01:28,798 [INFO] IPUIPlugin:80 - create IPUIPlugin
2026-04-06 11:01:28,798 [INFO] PluginManager:220 - loadIPPluginJar : add fmc
2026-04-06 11:01:28,800 [INFO] IPUIPlugin:80 - create IPUIPlugin
2026-04-06 11:01:28,800 [INFO] PluginManager:220 - loadIPPluginJar : add extmemmanager
2026-04-06 11:01:28,805 [INFO] IPUIPlugin:80 - create IPUIPlugin
2026-04-06 11:01:28,805 [INFO] PluginManager:220 - loadIPPluginJar : add freertos
2026-04-06 11:01:28,808 [INFO] IPUIPlugin:80 - create IPUIPlugin
2026-04-06 11:01:28,808 [INFO] PluginManager:220 - loadIPPluginJar : add can
2026-04-06 11:01:28,810 [INFO] IPUIPlugin:80 - create IPUIPlugin
2026-04-06 11:01:28,810 [INFO] PluginManager:220 - loadIPPluginJar : add touchsensing
2026-04-06 11:01:28,813 [INFO] IPUIPlugin:80 - create IPUIPlugin
2026-04-06 11:01:28,814 [INFO] PluginManager:220 - loadIPPluginJar : add tracer_emb
2026-04-06 11:01:28,815 [INFO] IPUIPlugin:80 - create IPUIPlugin
2026-04-06 11:01:28,816 [INFO] PluginManager:220 - loadIPPluginJar : add ucpd
2026-04-06 11:01:28,817 [INFO] IPUIPlugin:80 - create IPUIPlugin
2026-04-06 11:01:28,817 [INFO] PluginManager:220 - loadIPPluginJar : add ts
2026-04-06 11:01:28,819 [INFO] IPUIPlugin:80 - create IPUIPlugin
2026-04-06 11:01:28,819 [INFO] PluginManager:220 - loadIPPluginJar : add tsc
2026-04-06 11:01:28,823 [INFO] IPUIPlugin:80 - create IPUIPlugin
2026-04-06 11:01:28,823 [INFO] PluginManager:220 - loadIPPluginJar : add resmgrutility
2026-04-06 11:01:28,825 [INFO] IPUIPlugin:80 - create IPUIPlugin
2026-04-06 11:01:28,825 [INFO] PluginManager:220 - loadIPPluginJar : add cryp
2026-04-06 11:01:28,828 [INFO] IPUIPlugin:80 - create IPUIPlugin
2026-04-06 11:01:28,828 [INFO] PluginManager:220 - loadIPPluginJar : add openamp
2026-04-06 11:01:28,835 [INFO] IPUIPlugin:80 - create IPUIPlugin
2026-04-06 11:01:28,835 [INFO] PluginManager:220 - loadIPPluginJar : add adc
2026-04-06 11:01:28,837 [INFO] IPUIPlugin:80 - create IPUIPlugin
2026-04-06 11:01:28,837 [INFO] PluginManager:220 - loadIPPluginJar : add spi
2026-04-06 11:01:28,840 [INFO] IPUIPlugin:80 - create IPUIPlugin
2026-04-06 11:01:28,840 [INFO] PluginManager:220 - loadIPPluginJar : add ipddr
2026-04-06 11:01:28,846 [INFO] IPUIPlugin:80 - create IPUIPlugin
2026-04-06 11:01:28,846 [INFO] PluginManager:220 - loadIPPluginJar : add stm32_wpan
2026-04-06 11:01:28,851 [INFO] IPUIPlugin:80 - create IPUIPlugin
2026-04-06 11:01:28,851 [INFO] PluginManager:220 - loadIPPluginJar : add gic
2026-04-06 11:01:28,854 [INFO] IPUIPlugin:80 - create IPUIPlugin
2026-04-06 11:01:28,854 [INFO] PluginManager:220 - loadIPPluginJar : add ddr_ctrl_phy
2026-04-06 11:01:28,855 [INFO] IPUIPlugin:80 - create IPUIPlugin
2026-04-06 11:01:28,855 [INFO] PluginManager:220 - loadIPPluginJar : add genericplugin
2026-04-06 11:01:28,857 [INFO] IPUIPlugin:80 - create IPUIPlugin
2026-04-06 11:01:28,857 [INFO] PluginManager:220 - loadIPPluginJar : add hash
2026-04-06 11:01:28,858 [INFO] IPUIPlugin:80 - create IPUIPlugin
2026-04-06 11:01:28,858 [INFO] PluginManager:220 - loadIPPluginJar : add tim
2026-04-06 11:01:28,860 [INFO] IPUIPlugin:80 - create IPUIPlugin
2026-04-06 11:01:28,860 [INFO] PluginManager:220 - loadIPPluginJar : add radio
2026-04-06 11:01:28,862 [INFO] IPUIPlugin:80 - create IPUIPlugin
2026-04-06 11:01:28,863 [INFO] PluginManager:220 - loadIPPluginJar : add gtzc
2026-04-06 11:01:28,864 [INFO] IPUIPlugin:80 - create IPUIPlugin
2026-04-06 11:01:28,865 [INFO] PluginManager:220 - loadIPPluginJar : add i2s
2026-04-06 11:01:28,866 [INFO] IPUIPlugin:80 - create IPUIPlugin
2026-04-06 11:01:28,866 [INFO] PluginManager:220 - loadIPPluginJar : add dma3
2026-04-06 11:01:28,973 [FATAL] Updater:351 - Updater called before beeing initialized
2026-04-06 11:01:29,024 [INFO] RulesReader:64 - Compatibility file has been processed (317 Rules)
2026-04-06 11:01:29,037 [INFO] RulesReader:64 - Compatibility file has been processed (317 Rules)
2026-04-06 11:01:29,044 [INFO] CADModel:165 - CPN selected for project level
2026-04-06 11:01:29,044 [INFO] CADModel:114 - Register for checkConnection events
2026-04-06 11:01:29,044 [FATAL] Updater:351 - Updater called before beeing initialized
2026-04-06 11:01:29,044 [ERROR] CADModel:125 - Updater not yet initialized, retry later 
2026-04-06 11:01:29,169 [FATAL] Updater:351 - Updater called before beeing initialized
2026-04-06 11:01:29,171 [INFO] CADModel:165 - CPN selected for project level
2026-04-06 11:01:29,171 [INFO] CADModel:114 - Register for checkConnection events
2026-04-06 11:01:29,172 [FATAL] Updater:351 - Updater called before beeing initialized
2026-04-06 11:01:29,172 [ERROR] CADModel:125 - Updater not yet initialized, retry later 
2026-04-06 11:01:29,175 [FATAL] Updater:351 - Updater called before beeing initialized
2026-04-06 11:01:29,261 [FATAL] Updater:351 - Updater called before beeing initialized
2026-04-06 11:01:29,265 [INFO] DbMcusAds:53 - JSON generation date=Thu Mar 05 20:02:52 IST 2026 (1772721172890)
2026-04-06 11:01:29,265 [FATAL] Updater:351 - Updater called before beeing initialized
2026-04-06 11:01:29,298 [WARN] DetailPanel:346 - Failed to get advertising image, set to default
2026-04-06 11:01:29,365 [FATAL] Updater:351 - Updater called before beeing initialized
2026-04-06 11:01:29,368 [FATAL] Updater:351 - Updater called before beeing initialized
2026-04-06 11:01:29,368 [FATAL] Updater:351 - Updater called before beeing initialized
2026-04-06 11:01:29,368 [WARN] DetailPanel:346 - Failed to get advertising image, set to default
2026-04-06 11:01:29,369 [FATAL] Updater:351 - Updater called before beeing initialized
2026-04-06 11:01:29,425 [ERROR] Updater:1198 - MainUpdater not yet initialized. External WinMGr cannot be set.
2026-04-06 11:01:29,428 [INFO] Updater:1134 - Updater Version found : 6.15.0
2026-04-06 11:01:29,458 [INFO] ApplicationProperties:184 - Using Application install path: /opt/st/stm32cubeide_1.19.0/plugins/com.st.stm32cube.common.mx_6.15.0.202507011659
2026-04-06 11:01:30,422 [INFO] MainUpdater:2872 - connection check result : 10
2026-04-06 11:01:30,427 [INFO] MainUpdater:3604 - Updater definition file requires update
2026-04-06 11:01:30,428 [INFO] MainUpdater:289 - Updater Check For Update Now.
2026-04-06 11:01:30,429 [INFO] MicroXplorer:498 - Change Database Version : DB.6.0.150
2026-04-06 11:01:30,436 [INFO] McuFinderGlobals:63 - Set McuFinder mode to 2 (CubeIDE integrated)
2026-04-06 11:01:30,437 [INFO] UserAuth:171 - activating auth plugin
2026-04-06 11:01:30,440 [INFO] UserAuth:487 - Internet connection configuration mode: 1
2026-04-06 11:01:30,472 [INFO] JxBrowserEngine:152 - Initiate JxBrowser Engine with user profile folder
2026-04-06 11:01:30,715 [INFO] ServerAccessManage:452 - Complete download http(s) 200
2026-04-06 11:01:30,717 [INFO] ServerAccessManage:509 - Download File updaters.zip
2026-04-06 11:01:31,202 [WARN] MainUpdater:1193 - Updater busy. Cannot search thirdparties
2026-04-06 11:01:31,202 [INFO] ThirdPartyUpdaterWithRetryManager:96 - Updater plugin is busy. [1/15]
2026-04-06 11:01:31,233 [INFO] FileExtend:248 - Unzip File : updaters.zip
2026-04-06 11:01:31,233 [INFO] FileExtend:263 - Standard Zip Deflate
2026-04-06 11:01:31,581 [INFO] WebApp:169 - Instantiating new browser for Auth
2026-04-06 11:01:31,737 [INFO] ServerAccessManage:452 - Complete download http(s) 200
2026-04-06 11:01:31,737 [INFO] ServerAccessManage:509 - Download File PacksControlFlags.xml
2026-04-06 11:01:32,094 [INFO] ServerAccessManage:452 - Complete download http(s) 200
2026-04-06 11:01:32,095 [INFO] ServerAccessManage:509 - Download File cubemx.pidx
2026-04-06 11:01:32,505 [INFO] WebApp:463 - Apply proxy settings
2026-04-06 11:01:32,505 [INFO] WebApp:548 - Chromium requires no authentication
2026-04-06 11:01:32,518 [INFO] WebApp:491 - Direct internet connection detected
2026-04-06 11:01:32,553 [INFO] WebApp:900 - Register for checkConnection events
2026-04-06 11:01:32,553 [INFO] WebApp:463 - Apply proxy settings
2026-04-06 11:01:32,553 [INFO] WebApp:548 - Chromium requires no authentication
2026-04-06 11:01:32,554 [INFO] WebApp:491 - Direct internet connection detected
2026-04-06 11:01:32,756 [INFO] WebApp:225 - Starting web application
2026-04-06 11:01:32,757 [INFO] WebApp:593 - Web application path used /opt/st/stm32cubeide_1.19.0/plugins/com.st.stm32cube.common.mx_6.15.0.202507011659/db/plugins/mcufinder/reactClient1/index.html
2026-04-06 11:01:33,207 [INFO] ServerAccessManage:452 - Complete download http(s) 200
2026-04-06 11:01:33,207 [INFO] ServerAccessManage:509 - Download File STMicroelectronics.X-CUBE-AZRTOS-H7.pdsc
2026-04-06 11:01:33,436 [INFO] WebApp:191 - Connection restablished
2026-04-06 11:01:34,203 [WARN] MainUpdater:1193 - Updater busy. Cannot search thirdparties
2026-04-06 11:01:34,203 [INFO] ThirdPartyUpdaterWithRetryManager:96 - Updater plugin is busy. [2/15]
2026-04-06 11:01:35,360 [INFO] ServerAccessManage:452 - Complete download http(s) 200
2026-04-06 11:01:35,361 [INFO] ServerAccessManage:509 - Download File STMicroelectronics.eDS-WB_DPC_VIENNA.pdsc
2026-04-06 11:01:36,308 [ERROR] ServerAccessManage:1212 - Problem, file not found on Server
2026-04-06 11:01:36,494 [ERROR] ServerAccessManage:1212 - Problem, file not found on Server
2026-04-06 11:01:36,678 [ERROR] ServerAccessManage:1212 - Problem, file not found on Server
2026-04-06 11:01:36,882 [ERROR] ServerAccessManage:1212 - Problem, file not found on Server
2026-04-06 11:01:37,161 [ERROR] ServerAccessManage:1212 - Problem, file not found on Server
2026-04-06 11:01:37,203 [WARN] MainUpdater:1193 - Updater busy. Cannot search thirdparties
2026-04-06 11:01:37,203 [INFO] ThirdPartyUpdaterWithRetryManager:96 - Updater plugin is busy. [3/15]
2026-04-06 11:01:37,367 [INFO] ServerAccessManage:452 - Complete download http(s) 200
2026-04-06 11:01:37,367 [INFO] ServerAccessManage:509 - Download File STMicroelectronics.eDS-WB_DPC_TT-BIDIR.pdsc
2026-04-06 11:01:37,859 [ERROR] ServerAccessManage:1212 - Problem, file not found on Server
2026-04-06 11:01:38,083 [ERROR] ServerAccessManage:1212 - Problem, file not found on Server
2026-04-06 11:01:38,395 [ERROR] ServerAccessManage:1212 - Problem, file not found on Server
2026-04-06 11:01:38,698 [ERROR] ServerAccessManage:1212 - Problem, file not found on Server
2026-04-06 11:01:38,908 [INFO] ServerAccessManage:452 - Complete download http(s) 200
2026-04-06 11:01:38,908 [INFO] ServerAccessManage:509 - Download File STMicroelectronics.eDS-WB_DPC_3PH2L-BIDIR.pdsc
2026-04-06 11:01:39,517 [ERROR] ServerAccessManage:1212 - Problem, file not found on Server
2026-04-06 11:01:39,784 [WARN] PackLoader:240 - Cannot read IP mode file for STMicroelectronics.X-CUBE-AZRTOS-H7.3.5.0
2026-04-06 11:01:39,793 [WARN] PackLoader:240 - Cannot read IP mode file for STMicroelectronics.eDS-WB_DPC_VIENNA.1.2.0
2026-04-06 11:01:39,795 [WARN] PackLoader:240 - Cannot read IP mode file for STMicroelectronics.eDS-WB_DPC_TT-BIDIR.2.1.1
2026-04-06 11:01:39,796 [WARN] PackLoader:240 - Cannot read IP mode file for STMicroelectronics.eDS-WB_DPC_3PH2L-BIDIR.1.1.1
2026-04-06 11:01:39,797 [INFO] PopulateThirdPartyThread:66 - Ending populate Thread
2026-04-06 11:01:39,798 [INFO] ThirdParty:1030 - CMSIS Pack Vendor :STMicroelectronics X-CUBE-AZRTOS-H7 3.5.0
2026-04-06 11:01:39,798 [INFO] ThirdParty:1030 - CMSIS Pack Vendor :STMicroelectronics eDS-WB_DPC_TT-BIDIR 2.1.1
2026-04-06 11:01:39,798 [INFO] ThirdParty:1030 - CMSIS Pack Vendor :STMicroelectronics eDS-WB_DPC_VIENNA 1.2.0
2026-04-06 11:01:39,798 [INFO] ThirdParty:1030 - CMSIS Pack Vendor :STMicroelectronics eDS-WB_DPC_3PH2L-BIDIR 1.1.1
2026-04-06 11:01:39,798 [INFO] LoadServerUpdatesThread:375 - End of LoadServerUpdate Thread
2026-04-06 11:01:39,887 [INFO] CheckServerUpdateThread:120 - End of CheckServer Thread
2026-04-06 11:01:40,368 [WARN] PackLoader:240 - Cannot read IP mode file for STMicroelectronics.X-CUBE-AZRTOS-H7.3.5.0
2026-04-06 11:01:40,375 [WARN] PackLoader:240 - Cannot read IP mode file for STMicroelectronics.FP-SNS-MOTENVWB1.1.4.0
2026-04-06 11:01:40,379 [WARN] PackLoader:240 - Cannot read IP mode file for STMicroelectronics.FP-ATR-ASTRA1.2.0.2
2026-04-06 11:01:40,384 [WARN] PackLoader:240 - Cannot read IP mode file for STMicroelectronics.X-CUBE-SMBUS.2.1.0
2026-04-06 11:01:40,387 [WARN] PackLoader:240 - Cannot read IP mode file for STMicroelectronics.X-CUBE-ST60.1.0.0
2026-04-06 11:01:40,403 [WARN] PackLoader:240 - Cannot read IP mode file for STMicroelectronics.X-CUBE-AZRTOS-F7.1.1.0
2026-04-06 11:01:40,409 [WARN] PackLoader:240 - Cannot read IP mode file for STMicroelectronics.FP-SNS-MOTENV1.5.1.0
2026-04-06 11:01:40,427 [WARN] PackLoader:240 - Cannot read IP mode file for Infineon.AIROC-Wi-Fi-Bluetooth-STM32.1.7.1
2026-04-06 11:01:40,447 [WARN] PackLoader:240 - Cannot read IP mode file for STMicroelectronics.X-CUBE-AZRTOS-H7.3.4.0
2026-04-06 11:01:40,455 [WARN] PackLoader:240 - Cannot read IP mode file for STMicroelectronics.X-CUBE-DISPLAY.3.0.0
2026-04-06 11:01:40,461 [WARN] PackLoader:240 - Cannot read IP mode file for STMicroelectronics.FP-SNS-MOTENVWB1.1.5.0
2026-04-06 11:01:40,467 [WARN] PackLoader:240 - Cannot read IP mode file for STMicroelectronics.X-CUBE-NFC10.1.0.0
2026-04-06 11:01:40,475 [WARN] PackLoader:240 - Cannot read IP mode file for STMicroelectronics.X-CUBE-BLEMGR.4.0.0
2026-04-06 11:01:40,481 [WARN] PackLoader:240 - Cannot read IP mode file for STMicroelectronics.X-CUBE-ST60.1.1.0
2026-04-06 11:01:40,485 [WARN] PackLoader:240 - Cannot read IP mode file for emotas.I-CUBE-CANOPEN.1.3.0
2026-04-06 11:01:40,489 [WARN] PackLoader:240 - Cannot read IP mode file for STMicroelectronics.X-CUBE-GNSS1.7.1.0
2026-04-06 11:01:40,492 [WARN] ConditionMgr:438 - getConditionDescription Invalid condition id : Cortex-A Device cause : null
2026-04-06 11:01:40,500 [WARN] ConditionMgr:1044 - genDependencies : Invalid condition id : Cortex-A Device cause : null
2026-04-06 11:01:40,500 [WARN] ConditionMgr:1044 - genDependencies : Invalid condition id : Cortex-A Device cause : null
2026-04-06 11:01:40,500 [WARN] ConditionMgr:1044 - genDependencies : Invalid condition id : Cortex-A Device cause : null
2026-04-06 11:01:40,504 [WARN] PackLoader:240 - Cannot read IP mode file for STMicroelectronics.FP-SNS-STBOX1.2.1.0
2026-04-06 11:01:40,508 [WARN] PackLoader:240 - Cannot read IP mode file for STMicroelectronics.FP-SNS-SMARTAG2.1.2.0
2026-04-06 11:01:40,511 [WARN] PackLoader:240 - Cannot read IP mode file for STMicroelectronics.FP-SNS-FLIGHT1.5.1.0
2026-04-06 11:01:40,518 [INFO] LogOutputStream:77 - [STDOUT_REDIRECT] 1 : Invalid condition id : UX_CORESTACK_Condition cause : null
2026-04-06 11:01:40,518 [INFO] LogOutputStream:77 - [STDOUT_REDIRECT] 1 : Invalid condition id : UX_CORESTACK_Condition cause : null
2026-04-06 11:01:40,518 [INFO] LogOutputStream:77 - [STDOUT_REDIRECT] 1 : Invalid condition id : UX_CORESTACK_Condition cause : null
2026-04-06 11:01:40,519 [INFO] LogOutputStream:77 - [STDOUT_REDIRECT] 1 : Invalid condition id : UX_CORESTACK_Condition cause : null
2026-04-06 11:01:40,519 [INFO] LogOutputStream:77 - [STDOUT_REDIRECT] 1 : Invalid condition id : UX_CORESTACK_Condition cause : null
2026-04-06 11:01:40,522 [WARN] PackLoader:240 - Cannot read IP mode file for STMicroelectronics.X-CUBE-AZRTOS-WL.2.0.0
2026-04-06 11:01:40,526 [WARN] PackLoader:240 - Cannot read IP mode file for STMicroelectronics.FP-SNS-MOTENV1.5.0.0
2026-04-06 11:01:40,539 [WARN] PackLoader:240 - Cannot read IP mode file for STMicroelectronics.X-CUBE-AZRTOS-H7RS.1.2.0
2026-04-06 11:01:40,546 [WARN] PackLoader:240 - Cannot read IP mode file for WES.I-CUBE-Cesium.1.3.0
2026-04-06 11:01:40,550 [WARN] PackLoader:240 - Cannot read IP mode file for STMicroelectronics.X-CUBE-BLE2.3.3.0
2026-04-06 11:01:40,561 [WARN] PackLoader:240 - Cannot read IP mode file for STMicroelectronics.X-CUBE-NFC9.1.0.0
2026-04-06 11:01:40,567 [WARN] PackLoader:240 - Cannot read IP mode file for wolfSSL.I-CUBE-wolfSSL.5.8.0
2026-04-06 11:01:40,571 [WARN] PackLoader:240 - Cannot read IP mode file for STMicroelectronics.X-CUBE-BLE1.7.1.0
2026-04-06 11:01:40,574 [WARN] PackLoader:240 - Cannot read IP mode file for wolfSSL.I-CUBE-wolfMQTT.1.19.2
2026-04-06 11:01:40,578 [WARN] PackLoader:240 - Cannot read IP mode file for STMicroelectronics.X-CUBE-FREERTOS.1.4.0
2026-04-06 11:01:40,583 [WARN] PackLoader:240 - Cannot read IP mode file for STMicroelectronics.X-CUBE-EEPRMA1.5.2.0
2026-04-06 11:01:40,589 [WARN] PackLoader:240 - Cannot read IP mode file for STMicroelectronics.X-CUBE-ST67W61.1.1.0
2026-04-06 11:01:40,592 [WARN] PackLoader:240 - Cannot read IP mode file for STMicroelectronics.X-CUBE-AI.10.1.0
2026-04-06 11:01:40,635 [WARN] PackLoader:240 - Cannot read IP mode file for STMicroelectronics.X-CUBE-MEMS1.12.0.0
2026-04-06 11:01:40,704 [WARN] PackLoader:240 - Cannot read IP mode file for STMicroelectronics.X-CUBE-AZRTOS-G0.1.1.0
2026-04-06 11:01:40,710 [WARN] PackLoader:240 - Cannot read IP mode file for STMicroelectronics.X-CUBE-SAFEA1.1.2.2
2026-04-06 11:01:40,714 [WARN] PackLoader:240 - Cannot read IP mode file for STMicroelectronics.X-CUBE-NFC4.3.0.0
2026-04-06 11:01:40,720 [WARN] PackLoader:240 - Cannot read IP mode file for EmbeddedOffice.I-CUBE-FS-RTOS.1.0.1
2026-04-06 11:01:40,723 [WARN] PackLoader:240 - Cannot read IP mode file for STMicroelectronics.X-CUBE-WB05N.2.0.0
2026-04-06 11:01:40,726 [WARN] PackLoader:240 - Cannot read IP mode file for wolfSSL.I-CUBE-wolfTPM.3.8.0
2026-04-06 11:01:40,730 [WARN] PackLoader:240 - Cannot read IP mode file for STMicroelectronics.X-CUBE-TCPP.4.2.0
2026-04-06 11:01:40,734 [WARN] PackLoader:240 - Cannot read IP mode file for RealThread.X-CUBE-RT-Thread_Nano.4.1.1
2026-04-06 11:01:40,736 [WARN] PackLoader:240 - Cannot read IP mode file for STMicroelectronics.FP-ATR-SIGFOX1.3.2.0
2026-04-06 11:01:40,740 [WARN] PackLoader:240 - Cannot read IP mode file for STMicroelectronics.X-CUBE-EEPRMA1.5.1.0
2026-04-06 11:01:40,744 [WARN] PackLoader:240 - Cannot read IP mode file for ITTIA_DB.I-CUBE-ITTIADB.8.9.0
2026-04-06 11:01:40,748 [WARN] PackLoader:240 - Cannot read IP mode file for STMicroelectronics.X-CUBE-NFC6.3.2.0
2026-04-06 11:01:40,753 [WARN] PackLoader:240 - Cannot read IP mode file for STMicroelectronics.X-CUBE-ST67W61.1.0.0
2026-04-06 11:01:40,755 [WARN] PackLoader:240 - Cannot read IP mode file for STMicroelectronics.X-CUBE-AI.10.2.0
2026-04-06 11:01:40,771 [WARN] PackLoader:240 - Cannot read IP mode file for SEGGER.I-CUBE-embOS.1.3.1
2026-04-06 11:01:40,797 [WARN] PackLoader:240 - Cannot read IP mode file for STMicroelectronics.X-CUBE-ALGOBUILD.1.4.0
2026-04-06 11:01:40,823 [WARN] PackLoader:240 - Cannot read IP mode file for STMicroelectronics.X-CUBE-MEMS1.11.3.0
2026-04-06 11:01:40,911 [WARN] PackLoader:240 - Cannot read IP mode file for STMicroelectronics.X-CUBE-PM33A1.1.0.0
2026-04-06 11:01:40,921 [WARN] PackLoader:240 - Cannot read IP mode file for STMicroelectronics.X-CUBE-AZRTOS-F4.1.1.0
2026-04-06 11:01:40,925 [WARN] PackLoader:240 - Cannot read IP mode file for Avnet-IotConnect.X-CUBE-IoTC-DA16k-PMOD.1.0.0
2026-04-06 11:01:40,928 [WARN] PackLoader:240 - Cannot read IP mode file for STMicroelectronics.X-CUBE-ISPU.2.1.0
2026-04-06 11:01:40,935 [WARN] PackLoader:240 - Cannot read IP mode file for STMicroelectronics.X-CUBE-IPS.3.2.0
2026-04-06 11:01:40,941 [WARN] PackLoader:240 - Cannot read IP mode file for STMicroelectronics.eDS-WB_DPC_TT-BIDIR.2.1.1
2026-04-06 11:01:40,946 [WARN] PackLoader:240 - Cannot read IP mode file for STMicroelectronics.X-CUBE-NFC12.1.0.0
2026-04-06 11:01:40,957 [WARN] PackLoader:240 - Cannot read IP mode file for STMicroelectronics.X-CUBE-AZRTOS-L5.2.0.0
2026-04-06 11:01:40,963 [WARN] PackLoader:240 - Cannot read IP mode file for STMicroelectronics.X-CUBE-NFC6.3.1.0
2026-04-06 11:01:40,967 [WARN] PackLoader:240 - Cannot read IP mode file for STMicroelectronics.eDS-WB_DPC_VIENNA.1.2.0
2026-04-06 11:01:40,968 [WARN] PackLoader:240 - Cannot read IP mode file for STMicroelectronics.eDS-WB_DPC_3PH2L-BIDIR.1.1.1
2026-04-06 11:01:40,971 [WARN] PackLoader:240 - Cannot read IP mode file for STMicroelectronics.X-CUBE-FREERTOS.1.3.1
2026-04-06 11:01:40,975 [WARN] PackLoader:240 - Cannot read IP mode file for STMicroelectronics.X-CUBE-TOUCHGFX.4.26.0
2026-04-06 11:01:40,979 [WARN] PackLoader:240 - Cannot read IP mode file for STMicroelectronics.FP-SNS-STAIOTCFT.1.0.0
2026-04-06 11:01:40,983 [WARN] PackLoader:240 - Cannot read IP mode file for STMicroelectronics.X-CUBE-DPower.1.3.0
2026-04-06 11:01:40,995 [WARN] ConditionMgr:438 - getConditionDescription Invalid condition id : LAN8742 Phy interface Condition cause : null
2026-04-06 11:01:40,995 [WARN] PackLoader:240 - Cannot read IP mode file for STMicroelectronics.X-CUBE-AZRTOS-L4.2.0.0
2026-04-06 11:01:40,996 [WARN] ConditionMgr:1044 - genDependencies : Invalid condition id : LAN8742 Phy interface Condition cause : null
2026-04-06 11:01:40,996 [WARN] ConditionMgr:1044 - genDependencies : Invalid condition id : LAN8742 Phy interface Condition cause : null
2026-04-06 11:01:40,996 [WARN] ConditionMgr:1044 - genDependencies : Invalid condition id : LAN8742 Phy interface Condition cause : null
2026-04-06 11:01:41,003 [WARN] PackLoader:240 - Cannot read IP mode file for STMicroelectronics.X-CUBE-SFXS2LP1.4.0.0
2026-04-06 11:01:41,008 [WARN] PackLoader:240 - Cannot read IP mode file for STMicroelectronics.X-CUBE-ST67W61.1.2.0
2026-04-06 11:01:41,015 [WARN] PackLoader:240 - Cannot read IP mode file for STMicroelectronics.X-CUBE-BLEMGR.4.1.0
2026-04-06 11:01:41,026 [WARN] ConditionMgr:438 - getConditionDescription Invalid condition id : UX DEVICE CLASS RTOS Condition cause : null
2026-04-06 11:01:41,026 [WARN] ConditionMgr:438 - getConditionDescription Invalid condition id : UX DEVICE CLASS RTOS Condition cause : null
2026-04-06 11:01:41,027 [WARN] PackLoader:240 - Cannot read IP mode file for STMicroelectronics.X-CUBE-AZRTOS-WB.2.0.0
2026-04-06 11:01:41,028 [WARN] ConditionMgr:1044 - genDependencies : Invalid condition id : UX DEVICE CLASS RTOS Condition cause : null
2026-04-06 11:01:41,028 [WARN] ConditionMgr:1044 - genDependencies : Invalid condition id : UX DEVICE CLASS RTOS Condition cause : null
2026-04-06 11:01:41,028 [WARN] ConditionMgr:1044 - genDependencies : Invalid condition id : UX DEVICE CLASS RTOS Condition cause : null
2026-04-06 11:01:41,028 [WARN] ConditionMgr:1044 - genDependencies : Invalid condition id : UX DEVICE CLASS RTOS Condition cause : null
2026-04-06 11:01:41,028 [WARN] ConditionMgr:1044 - genDependencies : Invalid condition id : UX DEVICE CLASS RTOS Condition cause : null
2026-04-06 11:01:41,032 [WARN] PackLoader:240 - Cannot read IP mode file for STMicroelectronics.X-CUBE-GNSS1.7.0.1
2026-04-06 11:01:41,035 [WARN] PackLoader:240 - Cannot read IP mode file for STMicroelectronics.X-CUBE-TOUCHGFX.4.25.0
2026-04-06 11:01:41,039 [WARN] PackLoader:240 - Cannot read IP mode file for STMicroelectronics.FP-SNS-STBOX1.2.0.0
2026-04-06 11:01:41,045 [WARN] PackLoader:240 - Cannot read IP mode file for STMicroelectronics.X-CUBE-STSE01.2.0.0
2026-04-06 11:01:41,052 [WARN] PackLoader:240 - Cannot read IP mode file for STMicroelectronics.X-CUBE-SUBG2.5.0.0
2026-04-06 11:01:41,068 [WARN] PackLoader:240 - Cannot read IP mode file for STMicroelectronics.X-CUBE-AZRTOS-H7RS.1.1.0
2026-04-06 11:01:41,072 [WARN] PackLoader:240 - Cannot read IP mode file for Cesanta.I-CUBE-Mongoose.7.13.0
2026-04-06 11:01:41,083 [WARN] PackLoader:240 - Cannot read IP mode file for STMicroelectronics.X-CUBE-AZRTOS-G4.2.0.0
2026-04-06 11:01:41,087 [WARN] PackLoader:240 - Cannot read IP mode file for wolfSSL.I-CUBE-wolfSSH.1.4.20
2026-04-06 11:01:41,090 [WARN] PackLoader:240 - Cannot read IP mode file for STMicroelectronics.X-CUBE-NFC7.2.0.0
2026-04-06 11:01:41,097 [WARN] PackLoader:240 - Cannot read IP mode file for STMicroelectronics.X-CUBE-IPS.3.1.0
2026-04-06 11:01:41,102 [WARN] PackLoader:240 - Cannot read IP mode file for STMicroelectronics.X-CUBE-ALS.1.0.2
2026-04-06 11:01:41,106 [WARN] PackLoader:240 - Cannot read IP mode file for STMicroelectronics.X-CUBE-STSE01.1.0.0
2026-04-06 11:01:41,110 [WARN] PackLoader:240 - Cannot read IP mode file for portGmbH.I-Cube-SoM-uGOAL.1.1.0
2026-04-06 11:01:41,116 [WARN] PackLoader:240 - Cannot read IP mode file for STMicroelectronics.X-CUBE-TOF1.3.4.3
2026-04-06 11:01:41,134 [INFO] ThirdParty:978 - Integrity check success = true
2026-04-06 11:01:41,135 [INFO] IntegrityCheckThread:100 - exiting critical section [integrity check]
2026-04-06 11:01:41,135 [INFO] IntegrityCheckThread:103 - End integrity checks thread
2026-04-06 11:02:31,167 [ERROR] LogOutputStream:75 - [STDERR_REDIRECT] 
