2026-01-18 20:36:42,654 [INFO] Activator:176 - 


2026-01-18 20:36:42,658 [INFO] Activator:177 - !SESSION log4j initialized
2026-01-18 20:36:47,593 [INFO] LogOutputStream:77 - [STDOUT_REDIRECT] 
2026-01-18 20:36:51,413 [INFO] ApplicationProperties:184 - Using Application install path: /opt/st/stm32cubeide_1.19.0/plugins/com.st.stm32cube.common.mx_6.15.0.202507011659
2026-01-18 20:36:51,432 [INFO] DbMcusXml:78 - Set database path to: /opt/st/stm32cubeide_1.19.0/plugins/com.st.stm32cube.common.mx_6.15.0.202507011659//db//mcu/
2026-01-18 20:36:51,433 [INFO] ApiDb:274 - Set plugin database path to: /opt/st/stm32cubeide_1.19.0/plugins/com.st.stm32cube.common.mx_6.15.0.202507011659//db//plugins/boardmanager/
2026-01-18 20:36:51,433 [WARN] ApiDb:259 - Overriding images path with different value:  => /opt/st/stm32cubeide_1.19.0/plugins/com.st.stm32cube.common.mx_6.15.0.202507011659//db//plugins/mcufinder/images/
2026-01-18 20:36:51,440 [INFO] ApiDb:250 - Set database path to: /home/sunbeam/.stmcufinder/plugins/mcufinder//mcu/
2026-01-18 20:36:51,442 [INFO] DbMcusAds:125 - Set database path to: /home/sunbeam/.stmcufinder/plugins/mcufinder//mcu/
2026-01-18 20:36:51,784 [INFO] CrossReferenceDbSqlite:203 - Set database path to: /home/sunbeam/.stmcufinder/plugins/mcufinder//mcu/cs/
2026-01-18 20:36:51,941 [INFO] RulesReader:64 - Compatibility file has been processed (317 Rules)
2026-01-18 20:36:51,998 [INFO] DbMcusXml:78 - Set database path to: /opt/st/stm32cubeide_1.19.0/plugins/com.st.stm32cube.common.mx_6.15.0.202507011659//db//mcu/
2026-01-18 20:36:51,998 [INFO] ApiDb:274 - Set plugin database path to: /opt/st/stm32cubeide_1.19.0/plugins/com.st.stm32cube.common.mx_6.15.0.202507011659//db//plugins/boardmanager/
2026-01-18 20:36:51,999 [INFO] ApiDb:261 - Set plugin images path to: /opt/st/stm32cubeide_1.19.0/plugins/com.st.stm32cube.common.mx_6.15.0.202507011659//db//plugins/mcufinder/images/
2026-01-18 20:36:51,999 [WARN] DbFile:41 - Overriding database path with different value: /home/sunbeam/.stmcufinder/plugins/mcufinder/ => /home/sunbeam/.stmcufinder/plugins/mcufinder
2026-01-18 20:36:51,999 [INFO] ApiDb:250 - Set database path to: /home/sunbeam/.stmcufinder/plugins/mcufinder//mcu/
2026-01-18 20:36:51,999 [WARN] DbFile:41 - Overriding database path with different value: /home/sunbeam/.stmcufinder/plugins/mcufinder/ => /home/sunbeam/.stmcufinder/plugins/mcufinder
2026-01-18 20:36:51,999 [INFO] DbMcusAds:125 - Set database path to: /home/sunbeam/.stmcufinder/plugins/mcufinder//mcu/
2026-01-18 20:36:51,999 [WARN] DbFile:41 - Overriding database path with different value: /home/sunbeam/.stmcufinder/plugins/mcufinder/ => /home/sunbeam/.stmcufinder/plugins/mcufinder
2026-01-18 20:36:51,999 [WARN] DbFile:41 - Overriding database path with different value: /home/sunbeam/.stmcufinder/plugins/mcufinder/ => /home/sunbeam/.stmcufinder/plugins/mcufinder
2026-01-18 20:36:52,191 [INFO] CrossReferenceDbSqlite:203 - Set database path to: /home/sunbeam/.stmcufinder/plugins/mcufinder//mcu/cs/
2026-01-18 20:36:52,291 [INFO] MainPanel:274 - HeapMemory: 268435456
2026-01-18 20:36:52,406 [INFO] DbMcusXml:78 - Set database path to: /opt/st/stm32cubeide_1.19.0/plugins/com.st.stm32cube.common.mx_6.15.0.202507011659//db//mcu/
2026-01-18 20:36:52,406 [INFO] ApiDb:274 - Set plugin database path to: /opt/st/stm32cubeide_1.19.0/plugins/com.st.stm32cube.common.mx_6.15.0.202507011659//db//plugins/boardmanager/
2026-01-18 20:36:52,406 [INFO] ApiDb:261 - Set plugin images path to: /opt/st/stm32cubeide_1.19.0/plugins/com.st.stm32cube.common.mx_6.15.0.202507011659//db//plugins/mcufinder/images/
2026-01-18 20:36:52,406 [WARN] DbFile:41 - Overriding database path with different value: /home/sunbeam/.stmcufinder/plugins/mcufinder/ => /home/sunbeam/.stmcufinder/plugins/mcufinder
2026-01-18 20:36:52,406 [INFO] ApiDb:250 - Set database path to: /home/sunbeam/.stmcufinder/plugins/mcufinder//mcu/
2026-01-18 20:36:52,407 [WARN] DbFile:41 - Overriding database path with different value: /home/sunbeam/.stmcufinder/plugins/mcufinder/ => /home/sunbeam/.stmcufinder/plugins/mcufinder
2026-01-18 20:36:52,407 [INFO] DbMcusAds:125 - Set database path to: /home/sunbeam/.stmcufinder/plugins/mcufinder//mcu/
2026-01-18 20:36:52,407 [WARN] DbFile:41 - Overriding database path with different value: /home/sunbeam/.stmcufinder/plugins/mcufinder/ => /home/sunbeam/.stmcufinder/plugins/mcufinder
2026-01-18 20:36:52,407 [WARN] DbFile:41 - Overriding database path with different value: /home/sunbeam/.stmcufinder/plugins/mcufinder/ => /home/sunbeam/.stmcufinder/plugins/mcufinder
2026-01-18 20:36:52,741 [INFO] CrossReferenceDbSqlite:203 - Set database path to: /home/sunbeam/.stmcufinder/plugins/mcufinder//mcu/cs/
2026-01-18 20:36:52,799 [INFO] ApplicationProperties:184 - Using Application install path: /opt/st/stm32cubeide_1.19.0/plugins/com.st.stm32cube.common.mx_6.15.0.202507011659
2026-01-18 20:36:52,802 [INFO] PluginManage:196 - Search for loadable plugins [exclusion list=, ]
2026-01-18 20:36:52,804 [INFO] PluginManage:310 - Check plugin analytics
2026-01-18 20:36:53,495 [INFO] AnalyticsPlugin:253 - Accepted Software Licenses: 
2026-01-18 20:36:53,495 [INFO] AnalyticsPlugin:255 - Accepted CMSIS Pack Licenses: 
2026-01-18 20:36:53,496 [INFO] AnalyticsPlugin:257 - Accepted Firmware Licenses: FW.F4.1.28.0
2026-01-18 20:36:53,498 [INFO] PluginManage:359 - Loaded plugin analytics (category:tool,tabindex:-1)
2026-01-18 20:36:53,499 [INFO] PluginManage:310 - Check plugin cadmodel
2026-01-18 20:36:53,503 [INFO] CADModel:105 - Init CAD model plugin
2026-01-18 20:36:53,504 [INFO] PluginManage:359 - Loaded plugin cadmodel (category:power,tabindex:5)
2026-01-18 20:36:53,504 [INFO] PluginManage:310 - Check plugin clock
2026-01-18 20:36:53,513 [INFO] PluginManage:359 - Loaded plugin clock (category:base,tabindex:2)
2026-01-18 20:36:53,513 [INFO] PluginManage:310 - Check plugin ddr
2026-01-18 20:36:53,515 [INFO] PluginManage:359 - Loaded plugin ddr (category:tool,tabindex:6)
2026-01-18 20:36:53,515 [INFO] PluginManage:310 - Check plugin filemanager
2026-01-18 20:36:53,650 [INFO] PluginManage:359 - Loaded plugin filemanager (category:base,tabindex:10)
2026-01-18 20:36:53,650 [INFO] PluginManage:310 - Check plugin ipmanager
2026-01-18 20:36:53,655 [INFO] PluginManage:359 - Loaded plugin ipmanager (category:base,tabindex:5)
2026-01-18 20:36:53,655 [INFO] PluginManage:310 - Check plugin lpbam
2026-01-18 20:36:53,663 [INFO] PluginManage:359 - Loaded plugin lpbam (category:base,tabindex:0)
2026-01-18 20:36:53,663 [INFO] PluginManage:310 - Check plugin memorymap
2026-01-18 20:36:53,673 [INFO] PluginManage:359 - Loaded plugin memorymap (category:base,tabindex:4)
2026-01-18 20:36:53,674 [INFO] PluginManage:310 - Check plugin pinoutandconfiguration
2026-01-18 20:36:53,681 [INFO] PluginManage:359 - Loaded plugin pinoutandconfiguration (category:base,tabindex:1)
2026-01-18 20:36:53,681 [INFO] PluginManage:310 - Check plugin pinoutconfig
2026-01-18 20:36:53,755 [WARN] SupportedApi:132 - Cannot load RTOS API schema: s4s-elt-must-match.1: The content of 'definitions' must match (annotation?, (simpleType | complexType)?, (unique | key | keyref)*)). A problem was found starting at: attribute.
2026-01-18 20:36:53,870 [INFO] PluginManage:359 - Loaded plugin pinoutconfig (category:base,tabindex:0)
2026-01-18 20:36:53,870 [INFO] PluginManage:310 - Check plugin power
2026-01-18 20:36:53,879 [INFO] PluginManage:359 - Loaded plugin power (category:power,tabindex:4)
2026-01-18 20:36:53,879 [INFO] PluginManage:310 - Check plugin projectmanager
2026-01-18 20:36:53,893 [INFO] PluginManage:359 - Loaded plugin projectmanager (category:projectmanager,tabindex:4)
2026-01-18 20:36:53,893 [INFO] PluginManage:310 - Check plugin rif
2026-01-18 20:36:53,902 [INFO] PluginManage:359 - Loaded plugin rif (category:base,tabindex:3)
2026-01-18 20:36:53,902 [INFO] PluginManage:310 - Check plugin thirdparty
2026-01-18 20:36:54,005 [INFO] PluginManage:359 - Loaded plugin thirdparty (category:base,tabindex:-1)
2026-01-18 20:36:54,004 [WARN] IntegrityCheckThread:84 - waiting for thirdparty lock release [integrity check]
2026-01-18 20:36:54,005 [INFO] PluginManage:310 - Check plugin tools
2026-01-18 20:36:54,005 [INFO] IntegrityCheckThread:86 - entering critical section [integrity check]
2026-01-18 20:36:54,005 [INFO] ThirdPartyUpdaterWithRetryManager:70 - Updater plugin not ready yet. [1/15]
2026-01-18 20:36:54,007 [INFO] PluginManage:359 - Loaded plugin tools (category:base,tabindex:7)
2026-01-18 20:36:54,007 [INFO] PluginManage:310 - Check plugin tutovideos
2026-01-18 20:36:54,182 [INFO] PluginManage:359 - Loaded plugin tutovideos (category:base,tabindex:-1)
2026-01-18 20:36:54,183 [INFO] PluginManage:310 - Check plugin updater
2026-01-18 20:36:54,204 [INFO] PluginManage:359 - Loaded plugin updater (category:base,tabindex:12)
2026-01-18 20:36:54,204 [INFO] PluginManage:310 - Check plugin userauth
2026-01-18 20:36:54,209 [INFO] UserAuth:118 - Init User Auth plugin
2026-01-18 20:36:54,209 [INFO] PluginManage:359 - Loaded plugin userauth (category:base,tabindex:14)
2026-01-18 20:36:54,210 [INFO] PluginManage:283 - PluginManage : Loaded plugins [18]
2026-01-18 20:36:54,394 [INFO] PinOutPanel:1589 - setPackage(No Configuration,No Configuration)
2026-01-18 20:36:54,463 [INFO] CADModel:165 - CPN selected for project level
2026-01-18 20:36:54,463 [INFO] CADModel:114 - Register for checkConnection events
2026-01-18 20:36:54,472 [INFO] IPUIPlugin:80 - create IPUIPlugin
2026-01-18 20:36:54,473 [INFO] PluginManager:220 - loadIPPluginJar : add dfsdm
2026-01-18 20:36:54,477 [INFO] IPUIPlugin:80 - create IPUIPlugin
2026-01-18 20:36:54,477 [INFO] PluginManager:220 - loadIPPluginJar : add gfxmmu
2026-01-18 20:36:54,479 [INFO] IPUIPlugin:80 - create IPUIPlugin
2026-01-18 20:36:54,480 [INFO] PluginManager:220 - loadIPPluginJar : add i3c
2026-01-18 20:36:54,482 [INFO] IPUIPlugin:80 - create IPUIPlugin
2026-01-18 20:36:54,482 [INFO] PluginManager:220 - loadIPPluginJar : add sai
2026-01-18 20:36:54,487 [INFO] IPUIPlugin:80 - create IPUIPlugin
2026-01-18 20:36:54,488 [INFO] PluginManager:220 - loadIPPluginJar : add dma
2026-01-18 20:36:54,489 [INFO] IPUIPlugin:80 - create IPUIPlugin
2026-01-18 20:36:54,489 [INFO] PluginManager:220 - loadIPPluginJar : add quadspi
2026-01-18 20:36:54,493 [INFO] IPUIPlugin:80 - create IPUIPlugin
2026-01-18 20:36:54,493 [INFO] PluginManager:220 - loadIPPluginJar : add opamp
2026-01-18 20:36:54,494 [INFO] IPUIPlugin:80 - create IPUIPlugin
2026-01-18 20:36:54,494 [INFO] PluginManager:220 - loadIPPluginJar : add comp
2026-01-18 20:36:54,500 [INFO] IPUIPlugin:80 - create IPUIPlugin
2026-01-18 20:36:54,502 [INFO] PluginManager:220 - loadIPPluginJar : add plateformsettings
2026-01-18 20:36:54,504 [INFO] IPUIPlugin:80 - create IPUIPlugin
2026-01-18 20:36:54,504 [INFO] PluginManager:220 - loadIPPluginJar : add ltdc
2026-01-18 20:36:54,507 [INFO] IPUIPlugin:80 - create IPUIPlugin
2026-01-18 20:36:54,507 [INFO] PluginManager:220 - loadIPPluginJar : add nvic
2026-01-18 20:36:54,508 [INFO] IPUIPlugin:80 - create IPUIPlugin
2026-01-18 20:36:54,508 [INFO] PluginManager:220 - loadIPPluginJar : add fatfs
2026-01-18 20:36:54,512 [INFO] IPUIPlugin:80 - create IPUIPlugin
2026-01-18 20:36:54,512 [INFO] PluginManager:220 - loadIPPluginJar : add gpio
2026-01-18 20:36:54,514 [INFO] IPUIPlugin:80 - create IPUIPlugin
2026-01-18 20:36:54,514 [INFO] PluginManager:220 - loadIPPluginJar : add aes
2026-01-18 20:36:54,519 [INFO] IPUIPlugin:80 - create IPUIPlugin
2026-01-18 20:36:54,519 [INFO] PluginManager:220 - loadIPPluginJar : add mdma
2026-01-18 20:36:54,521 [INFO] IPUIPlugin:80 - create IPUIPlugin
2026-01-18 20:36:54,521 [INFO] PluginManager:220 - loadIPPluginJar : add pdm2pcm
2026-01-18 20:36:54,527 [INFO] IPUIPlugin:80 - create IPUIPlugin
2026-01-18 20:36:54,527 [INFO] PluginManager:220 - loadIPPluginJar : add linkedlist
2026-01-18 20:36:54,529 [INFO] IPUIPlugin:80 - create IPUIPlugin
2026-01-18 20:36:54,529 [INFO] PluginManager:220 - loadIPPluginJar : add usart
2026-01-18 20:36:54,531 [INFO] IPUIPlugin:80 - create IPUIPlugin
2026-01-18 20:36:54,531 [INFO] PluginManager:220 - loadIPPluginJar : add i2c
2026-01-18 20:36:54,533 [INFO] IPUIPlugin:80 - create IPUIPlugin
2026-01-18 20:36:54,533 [INFO] PluginManager:220 - loadIPPluginJar : add lorawan
2026-01-18 20:36:54,536 [INFO] IPUIPlugin:80 - create IPUIPlugin
2026-01-18 20:36:54,536 [INFO] PluginManager:220 - loadIPPluginJar : add usbx
2026-01-18 20:36:54,539 [INFO] IPUIPlugin:80 - create IPUIPlugin
2026-01-18 20:36:54,540 [INFO] PluginManager:220 - loadIPPluginJar : add fmc
2026-01-18 20:36:54,542 [INFO] IPUIPlugin:80 - create IPUIPlugin
2026-01-18 20:36:54,542 [INFO] PluginManager:220 - loadIPPluginJar : add extmemmanager
2026-01-18 20:36:54,547 [INFO] IPUIPlugin:80 - create IPUIPlugin
2026-01-18 20:36:54,548 [INFO] PluginManager:220 - loadIPPluginJar : add freertos
2026-01-18 20:36:54,550 [INFO] IPUIPlugin:80 - create IPUIPlugin
2026-01-18 20:36:54,550 [INFO] PluginManager:220 - loadIPPluginJar : add can
2026-01-18 20:36:54,553 [INFO] IPUIPlugin:80 - create IPUIPlugin
2026-01-18 20:36:54,553 [INFO] PluginManager:220 - loadIPPluginJar : add touchsensing
2026-01-18 20:36:54,555 [INFO] IPUIPlugin:80 - create IPUIPlugin
2026-01-18 20:36:54,555 [INFO] PluginManager:220 - loadIPPluginJar : add tracer_emb
2026-01-18 20:36:54,556 [INFO] IPUIPlugin:80 - create IPUIPlugin
2026-01-18 20:36:54,556 [INFO] PluginManager:220 - loadIPPluginJar : add ucpd
2026-01-18 20:36:54,558 [INFO] IPUIPlugin:80 - create IPUIPlugin
2026-01-18 20:36:54,558 [INFO] PluginManager:220 - loadIPPluginJar : add ts
2026-01-18 20:36:54,559 [INFO] IPUIPlugin:80 - create IPUIPlugin
2026-01-18 20:36:54,559 [INFO] PluginManager:220 - loadIPPluginJar : add tsc
2026-01-18 20:36:54,561 [INFO] IPUIPlugin:80 - create IPUIPlugin
2026-01-18 20:36:54,562 [INFO] PluginManager:220 - loadIPPluginJar : add resmgrutility
2026-01-18 20:36:54,563 [INFO] IPUIPlugin:80 - create IPUIPlugin
2026-01-18 20:36:54,564 [INFO] PluginManager:220 - loadIPPluginJar : add cryp
2026-01-18 20:36:54,566 [INFO] IPUIPlugin:80 - create IPUIPlugin
2026-01-18 20:36:54,566 [INFO] PluginManager:220 - loadIPPluginJar : add openamp
2026-01-18 20:36:54,571 [INFO] IPUIPlugin:80 - create IPUIPlugin
2026-01-18 20:36:54,571 [INFO] PluginManager:220 - loadIPPluginJar : add adc
2026-01-18 20:36:54,573 [INFO] IPUIPlugin:80 - create IPUIPlugin
2026-01-18 20:36:54,573 [INFO] PluginManager:220 - loadIPPluginJar : add spi
2026-01-18 20:36:54,576 [INFO] IPUIPlugin:80 - create IPUIPlugin
2026-01-18 20:36:54,577 [INFO] PluginManager:220 - loadIPPluginJar : add ipddr
2026-01-18 20:36:54,583 [INFO] IPUIPlugin:80 - create IPUIPlugin
2026-01-18 20:36:54,583 [INFO] PluginManager:220 - loadIPPluginJar : add stm32_wpan
2026-01-18 20:36:54,588 [INFO] IPUIPlugin:80 - create IPUIPlugin
2026-01-18 20:36:54,588 [INFO] PluginManager:220 - loadIPPluginJar : add gic
2026-01-18 20:36:54,591 [INFO] IPUIPlugin:80 - create IPUIPlugin
2026-01-18 20:36:54,591 [INFO] PluginManager:220 - loadIPPluginJar : add ddr_ctrl_phy
2026-01-18 20:36:54,593 [INFO] IPUIPlugin:80 - create IPUIPlugin
2026-01-18 20:36:54,593 [INFO] PluginManager:220 - loadIPPluginJar : add genericplugin
2026-01-18 20:36:54,595 [INFO] IPUIPlugin:80 - create IPUIPlugin
2026-01-18 20:36:54,595 [INFO] PluginManager:220 - loadIPPluginJar : add hash
2026-01-18 20:36:54,597 [INFO] IPUIPlugin:80 - create IPUIPlugin
2026-01-18 20:36:54,597 [INFO] PluginManager:220 - loadIPPluginJar : add tim
2026-01-18 20:36:54,598 [INFO] IPUIPlugin:80 - create IPUIPlugin
2026-01-18 20:36:54,599 [INFO] PluginManager:220 - loadIPPluginJar : add radio
2026-01-18 20:36:54,601 [INFO] IPUIPlugin:80 - create IPUIPlugin
2026-01-18 20:36:54,601 [INFO] PluginManager:220 - loadIPPluginJar : add gtzc
2026-01-18 20:36:54,603 [INFO] IPUIPlugin:80 - create IPUIPlugin
2026-01-18 20:36:54,604 [INFO] PluginManager:220 - loadIPPluginJar : add i2s
2026-01-18 20:36:54,605 [INFO] IPUIPlugin:80 - create IPUIPlugin
2026-01-18 20:36:54,606 [INFO] PluginManager:220 - loadIPPluginJar : add dma3
2026-01-18 20:36:54,710 [FATAL] Updater:351 - Updater called before beeing initialized
2026-01-18 20:36:54,743 [INFO] RulesReader:64 - Compatibility file has been processed (317 Rules)
2026-01-18 20:36:54,754 [INFO] RulesReader:64 - Compatibility file has been processed (317 Rules)
2026-01-18 20:36:54,762 [INFO] CADModel:165 - CPN selected for project level
2026-01-18 20:36:54,762 [INFO] CADModel:114 - Register for checkConnection events
2026-01-18 20:36:54,762 [FATAL] Updater:351 - Updater called before beeing initialized
2026-01-18 20:36:54,762 [ERROR] CADModel:125 - Updater not yet initialized, retry later 
2026-01-18 20:36:54,877 [FATAL] Updater:351 - Updater called before beeing initialized
2026-01-18 20:36:54,880 [INFO] CADModel:165 - CPN selected for project level
2026-01-18 20:36:54,880 [INFO] CADModel:114 - Register for checkConnection events
2026-01-18 20:36:54,880 [FATAL] Updater:351 - Updater called before beeing initialized
2026-01-18 20:36:54,880 [ERROR] CADModel:125 - Updater not yet initialized, retry later 
2026-01-18 20:36:54,884 [FATAL] Updater:351 - Updater called before beeing initialized
2026-01-18 20:36:54,976 [FATAL] Updater:351 - Updater called before beeing initialized
2026-01-18 20:36:54,981 [INFO] DbMcusAds:53 - JSON generation date=Thu Jan 08 21:26:32 IST 2026 (1767887792457)
2026-01-18 20:36:54,981 [FATAL] Updater:351 - Updater called before beeing initialized
2026-01-18 20:36:55,013 [WARN] DetailPanel:346 - Failed to get advertising image, set to default
2026-01-18 20:36:55,086 [FATAL] Updater:351 - Updater called before beeing initialized
2026-01-18 20:36:55,088 [FATAL] Updater:351 - Updater called before beeing initialized
2026-01-18 20:36:55,089 [FATAL] Updater:351 - Updater called before beeing initialized
2026-01-18 20:36:55,089 [WARN] DetailPanel:346 - Failed to get advertising image, set to default
2026-01-18 20:36:55,089 [FATAL] Updater:351 - Updater called before beeing initialized
2026-01-18 20:36:55,119 [ERROR] Updater:1198 - MainUpdater not yet initialized. External WinMGr cannot be set.
2026-01-18 20:36:55,121 [INFO] Updater:1134 - Updater Version found : 6.15.0
2026-01-18 20:36:55,144 [INFO] ApplicationProperties:184 - Using Application install path: /opt/st/stm32cubeide_1.19.0/plugins/com.st.stm32cube.common.mx_6.15.0.202507011659
2026-01-18 20:36:55,894 [INFO] MainUpdater:2872 - connection check result : 10
2026-01-18 20:36:55,895 [INFO] MainUpdater:289 - Updater Check For Update Now.
2026-01-18 20:36:55,895 [INFO] MicroXplorer:498 - Change Database Version : DB.6.0.150
2026-01-18 20:36:55,907 [INFO] McuFinderGlobals:63 - Set McuFinder mode to 2 (CubeIDE integrated)
2026-01-18 20:36:55,908 [INFO] UserAuth:171 - activating auth plugin
2026-01-18 20:36:55,912 [INFO] UserAuth:487 - Internet connection configuration mode: 1
2026-01-18 20:36:55,939 [INFO] JxBrowserEngine:152 - Initiate JxBrowser Engine with user profile folder
2026-01-18 20:36:56,148 [INFO] CheckServerUpdateThread:120 - End of CheckServer Thread
2026-01-18 20:36:57,042 [INFO] WebApp:169 - Instantiating new browser for Auth
2026-01-18 20:36:57,201 [WARN] PackLoader:240 - Cannot read IP mode file for STMicroelectronics.FP-SNS-MOTENVWB1.1.4.0
2026-01-18 20:36:57,210 [WARN] PackLoader:240 - Cannot read IP mode file for STMicroelectronics.FP-ATR-ASTRA1.2.0.2
2026-01-18 20:36:57,216 [WARN] PackLoader:240 - Cannot read IP mode file for STMicroelectronics.X-CUBE-SMBUS.2.1.0
2026-01-18 20:36:57,219 [WARN] PackLoader:240 - Cannot read IP mode file for STMicroelectronics.X-CUBE-ST60.1.0.0
2026-01-18 20:36:57,255 [WARN] PackLoader:240 - Cannot read IP mode file for STMicroelectronics.X-CUBE-AZRTOS-F7.1.1.0
2026-01-18 20:36:57,264 [WARN] PackLoader:240 - Cannot read IP mode file for STMicroelectronics.FP-SNS-MOTENV1.5.1.0
2026-01-18 20:36:57,289 [WARN] PackLoader:240 - Cannot read IP mode file for Infineon.AIROC-Wi-Fi-Bluetooth-STM32.1.7.1
2026-01-18 20:36:57,312 [WARN] PackLoader:240 - Cannot read IP mode file for STMicroelectronics.X-CUBE-AZRTOS-H7.3.4.0
2026-01-18 20:36:57,321 [WARN] PackLoader:240 - Cannot read IP mode file for STMicroelectronics.X-CUBE-DISPLAY.3.0.0
2026-01-18 20:36:57,332 [WARN] PackLoader:240 - Cannot read IP mode file for STMicroelectronics.X-CUBE-NFC10.1.0.0
2026-01-18 20:36:57,344 [WARN] PackLoader:240 - Cannot read IP mode file for STMicroelectronics.X-CUBE-BLEMGR.4.0.0
2026-01-18 20:36:57,353 [WARN] PackLoader:240 - Cannot read IP mode file for STMicroelectronics.X-CUBE-ST60.1.1.0
2026-01-18 20:36:57,359 [WARN] PackLoader:240 - Cannot read IP mode file for emotas.I-CUBE-CANOPEN.1.3.0
2026-01-18 20:36:57,364 [WARN] PackLoader:240 - Cannot read IP mode file for STMicroelectronics.X-CUBE-GNSS1.7.1.0
2026-01-18 20:36:57,368 [WARN] ConditionMgr:438 - getConditionDescription Invalid condition id : Cortex-A Device cause : null
2026-01-18 20:36:57,379 [WARN] ConditionMgr:1044 - genDependencies : Invalid condition id : Cortex-A Device cause : null
2026-01-18 20:36:57,379 [WARN] ConditionMgr:1044 - genDependencies : Invalid condition id : Cortex-A Device cause : null
2026-01-18 20:36:57,379 [WARN] ConditionMgr:1044 - genDependencies : Invalid condition id : Cortex-A Device cause : null
2026-01-18 20:36:57,386 [WARN] PackLoader:240 - Cannot read IP mode file for STMicroelectronics.FP-SNS-STBOX1.2.1.0
2026-01-18 20:36:57,391 [WARN] PackLoader:240 - Cannot read IP mode file for STMicroelectronics.FP-SNS-SMARTAG2.1.2.0
2026-01-18 20:36:57,395 [WARN] PackLoader:240 - Cannot read IP mode file for STMicroelectronics.FP-SNS-FLIGHT1.5.1.0
2026-01-18 20:36:57,403 [INFO] LogOutputStream:77 - [STDOUT_REDIRECT] 1 : Invalid condition id : UX_CORESTACK_Condition cause : null
2026-01-18 20:36:57,404 [INFO] LogOutputStream:77 - [STDOUT_REDIRECT] 1 : Invalid condition id : UX_CORESTACK_Condition cause : null
2026-01-18 20:36:57,404 [INFO] LogOutputStream:77 - [STDOUT_REDIRECT] 1 : Invalid condition id : UX_CORESTACK_Condition cause : null
2026-01-18 20:36:57,405 [INFO] LogOutputStream:77 - [STDOUT_REDIRECT] 1 : Invalid condition id : UX_CORESTACK_Condition cause : null
2026-01-18 20:36:57,405 [INFO] LogOutputStream:77 - [STDOUT_REDIRECT] 1 : Invalid condition id : UX_CORESTACK_Condition cause : null
2026-01-18 20:36:57,408 [WARN] PackLoader:240 - Cannot read IP mode file for STMicroelectronics.X-CUBE-AZRTOS-WL.2.0.0
2026-01-18 20:36:57,413 [WARN] PackLoader:240 - Cannot read IP mode file for STMicroelectronics.FP-SNS-MOTENV1.5.0.0
2026-01-18 20:36:57,436 [WARN] PackLoader:240 - Cannot read IP mode file for STMicroelectronics.X-CUBE-AZRTOS-H7RS.1.2.0
2026-01-18 20:36:57,446 [WARN] PackLoader:240 - Cannot read IP mode file for WES.I-CUBE-Cesium.1.3.0
2026-01-18 20:36:57,450 [WARN] PackLoader:240 - Cannot read IP mode file for STMicroelectronics.X-CUBE-BLE2.3.3.0
2026-01-18 20:36:57,464 [WARN] PackLoader:240 - Cannot read IP mode file for STMicroelectronics.X-CUBE-NFC9.1.0.0
2026-01-18 20:36:57,468 [WARN] PackLoader:240 - Cannot read IP mode file for wolfSSL.I-CUBE-wolfSSL.5.8.0
2026-01-18 20:36:57,471 [WARN] PackLoader:240 - Cannot read IP mode file for STMicroelectronics.X-CUBE-BLE1.7.1.0
2026-01-18 20:36:57,474 [WARN] PackLoader:240 - Cannot read IP mode file for wolfSSL.I-CUBE-wolfMQTT.1.19.2
2026-01-18 20:36:57,478 [WARN] PackLoader:240 - Cannot read IP mode file for STMicroelectronics.X-CUBE-FREERTOS.1.4.0
2026-01-18 20:36:57,492 [WARN] PackLoader:240 - Cannot read IP mode file for STMicroelectronics.X-CUBE-EEPRMA1.5.2.0
2026-01-18 20:36:57,500 [WARN] PackLoader:240 - Cannot read IP mode file for STMicroelectronics.X-CUBE-ST67W61.1.1.0
2026-01-18 20:36:57,504 [WARN] PackLoader:240 - Cannot read IP mode file for STMicroelectronics.X-CUBE-AI.10.1.0
2026-01-18 20:36:57,543 [WARN] PackLoader:240 - Cannot read IP mode file for STMicroelectronics.X-CUBE-MEMS1.12.0.0
2026-01-18 20:36:57,622 [WARN] PackLoader:240 - Cannot read IP mode file for STMicroelectronics.X-CUBE-AZRTOS-G0.1.1.0
2026-01-18 20:36:57,628 [WARN] PackLoader:240 - Cannot read IP mode file for STMicroelectronics.X-CUBE-SAFEA1.1.2.2
2026-01-18 20:36:57,632 [WARN] PackLoader:240 - Cannot read IP mode file for STMicroelectronics.X-CUBE-NFC4.3.0.0
2026-01-18 20:36:57,637 [WARN] PackLoader:240 - Cannot read IP mode file for EmbeddedOffice.I-CUBE-FS-RTOS.1.0.1
2026-01-18 20:36:57,641 [WARN] PackLoader:240 - Cannot read IP mode file for STMicroelectronics.X-CUBE-WB05N.2.0.0
2026-01-18 20:36:57,644 [WARN] PackLoader:240 - Cannot read IP mode file for wolfSSL.I-CUBE-wolfTPM.3.8.0
2026-01-18 20:36:57,647 [WARN] PackLoader:240 - Cannot read IP mode file for STMicroelectronics.X-CUBE-TCPP.4.2.0
2026-01-18 20:36:57,651 [WARN] PackLoader:240 - Cannot read IP mode file for RealThread.X-CUBE-RT-Thread_Nano.4.1.1
2026-01-18 20:36:57,654 [WARN] PackLoader:240 - Cannot read IP mode file for STMicroelectronics.FP-ATR-SIGFOX1.3.2.0
2026-01-18 20:36:57,657 [WARN] PackLoader:240 - Cannot read IP mode file for STMicroelectronics.X-CUBE-EEPRMA1.5.1.0
2026-01-18 20:36:57,662 [WARN] PackLoader:240 - Cannot read IP mode file for ITTIA_DB.I-CUBE-ITTIADB.8.9.0
2026-01-18 20:36:57,665 [WARN] PackLoader:240 - Cannot read IP mode file for STMicroelectronics.X-CUBE-ST67W61.1.0.0
2026-01-18 20:36:57,668 [WARN] PackLoader:240 - Cannot read IP mode file for STMicroelectronics.X-CUBE-AI.10.2.0
2026-01-18 20:36:57,693 [WARN] PackLoader:240 - Cannot read IP mode file for SEGGER.I-CUBE-embOS.1.3.1
2026-01-18 20:36:57,747 [WARN] PackLoader:240 - Cannot read IP mode file for STMicroelectronics.X-CUBE-ALGOBUILD.1.4.0
2026-01-18 20:36:57,807 [WARN] PackLoader:240 - Cannot read IP mode file for STMicroelectronics.X-CUBE-MEMS1.11.3.0
2026-01-18 20:36:57,919 [WARN] PackLoader:240 - Cannot read IP mode file for STMicroelectronics.X-CUBE-PM33A1.1.0.0
2026-01-18 20:36:57,936 [WARN] PackLoader:240 - Cannot read IP mode file for STMicroelectronics.X-CUBE-AZRTOS-F4.1.1.0
2026-01-18 20:36:57,942 [WARN] PackLoader:240 - Cannot read IP mode file for Avnet-IotConnect.X-CUBE-IoTC-DA16k-PMOD.1.0.0
2026-01-18 20:36:57,945 [WARN] PackLoader:240 - Cannot read IP mode file for STMicroelectronics.X-CUBE-ISPU.2.1.0
2026-01-18 20:36:57,959 [WARN] PackLoader:240 - Cannot read IP mode file for STMicroelectronics.X-CUBE-IPS.3.2.0
2026-01-18 20:36:57,971 [WARN] PackLoader:240 - Cannot read IP mode file for STMicroelectronics.X-CUBE-NFC12.1.0.0
2026-01-18 20:36:57,979 [INFO] WebApp:463 - Apply proxy settings
2026-01-18 20:36:57,979 [INFO] WebApp:548 - Chromium requires no authentication
2026-01-18 20:36:57,989 [WARN] PackLoader:240 - Cannot read IP mode file for STMicroelectronics.X-CUBE-AZRTOS-L5.2.0.0
2026-01-18 20:36:57,989 [INFO] WebApp:491 - Direct internet connection detected
2026-01-18 20:36:57,998 [WARN] PackLoader:240 - Cannot read IP mode file for STMicroelectronics.X-CUBE-NFC6.3.1.0
2026-01-18 20:36:58,002 [WARN] PackLoader:240 - Cannot read IP mode file for STMicroelectronics.X-CUBE-FREERTOS.1.3.1
2026-01-18 20:36:58,006 [WARN] PackLoader:240 - Cannot read IP mode file for STMicroelectronics.X-CUBE-TOUCHGFX.4.26.0
2026-01-18 20:36:58,010 [WARN] PackLoader:240 - Cannot read IP mode file for STMicroelectronics.FP-SNS-STAIOTCFT.1.0.0
2026-01-18 20:36:58,013 [INFO] WebApp:900 - Register for checkConnection events
2026-01-18 20:36:58,013 [INFO] WebApp:463 - Apply proxy settings
2026-01-18 20:36:58,013 [INFO] WebApp:548 - Chromium requires no authentication
2026-01-18 20:36:58,014 [INFO] WebApp:491 - Direct internet connection detected
2026-01-18 20:36:58,015 [WARN] PackLoader:240 - Cannot read IP mode file for STMicroelectronics.X-CUBE-DPower.1.3.0
2026-01-18 20:36:58,033 [WARN] ConditionMgr:438 - getConditionDescription Invalid condition id : LAN8742 Phy interface Condition cause : null
2026-01-18 20:36:58,034 [WARN] PackLoader:240 - Cannot read IP mode file for STMicroelectronics.X-CUBE-AZRTOS-L4.2.0.0
2026-01-18 20:36:58,035 [WARN] ConditionMgr:1044 - genDependencies : Invalid condition id : LAN8742 Phy interface Condition cause : null
2026-01-18 20:36:58,035 [WARN] ConditionMgr:1044 - genDependencies : Invalid condition id : LAN8742 Phy interface Condition cause : null
2026-01-18 20:36:58,036 [WARN] ConditionMgr:1044 - genDependencies : Invalid condition id : LAN8742 Phy interface Condition cause : null
2026-01-18 20:36:58,042 [WARN] PackLoader:240 - Cannot read IP mode file for STMicroelectronics.X-CUBE-SFXS2LP1.4.0.0
2026-01-18 20:36:58,049 [WARN] PackLoader:240 - Cannot read IP mode file for STMicroelectronics.X-CUBE-ST67W61.1.2.0
2026-01-18 20:36:58,060 [WARN] PackLoader:240 - Cannot read IP mode file for STMicroelectronics.X-CUBE-BLEMGR.4.1.0
2026-01-18 20:36:58,075 [WARN] ConditionMgr:438 - getConditionDescription Invalid condition id : UX DEVICE CLASS RTOS Condition cause : null
2026-01-18 20:36:58,075 [WARN] ConditionMgr:438 - getConditionDescription Invalid condition id : UX DEVICE CLASS RTOS Condition cause : null
2026-01-18 20:36:58,078 [WARN] PackLoader:240 - Cannot read IP mode file for STMicroelectronics.X-CUBE-AZRTOS-WB.2.0.0
2026-01-18 20:36:58,078 [WARN] ConditionMgr:1044 - genDependencies : Invalid condition id : UX DEVICE CLASS RTOS Condition cause : null
2026-01-18 20:36:58,078 [WARN] ConditionMgr:1044 - genDependencies : Invalid condition id : UX DEVICE CLASS RTOS Condition cause : null
2026-01-18 20:36:58,079 [WARN] ConditionMgr:1044 - genDependencies : Invalid condition id : UX DEVICE CLASS RTOS Condition cause : null
2026-01-18 20:36:58,079 [WARN] ConditionMgr:1044 - genDependencies : Invalid condition id : UX DEVICE CLASS RTOS Condition cause : null
2026-01-18 20:36:58,079 [WARN] ConditionMgr:1044 - genDependencies : Invalid condition id : UX DEVICE CLASS RTOS Condition cause : null
2026-01-18 20:36:58,084 [WARN] PackLoader:240 - Cannot read IP mode file for STMicroelectronics.X-CUBE-GNSS1.7.0.1
2026-01-18 20:36:58,088 [WARN] PackLoader:240 - Cannot read IP mode file for STMicroelectronics.X-CUBE-TOUCHGFX.4.25.0
2026-01-18 20:36:58,093 [WARN] PackLoader:240 - Cannot read IP mode file for STMicroelectronics.FP-SNS-STBOX1.2.0.0
2026-01-18 20:36:58,104 [WARN] PackLoader:240 - Cannot read IP mode file for STMicroelectronics.X-CUBE-SUBG2.5.0.0
2026-01-18 20:36:58,134 [WARN] PackLoader:240 - Cannot read IP mode file for STMicroelectronics.X-CUBE-AZRTOS-H7RS.1.1.0
2026-01-18 20:36:58,138 [WARN] PackLoader:240 - Cannot read IP mode file for Cesanta.I-CUBE-Mongoose.7.13.0
2026-01-18 20:36:58,148 [WARN] PackLoader:240 - Cannot read IP mode file for STMicroelectronics.X-CUBE-AZRTOS-G4.2.0.0
2026-01-18 20:36:58,152 [WARN] PackLoader:240 - Cannot read IP mode file for wolfSSL.I-CUBE-wolfSSH.1.4.20
2026-01-18 20:36:58,155 [WARN] PackLoader:240 - Cannot read IP mode file for STMicroelectronics.X-CUBE-NFC7.2.0.0
2026-01-18 20:36:58,163 [INFO] WebApp:225 - Starting web application
2026-01-18 20:36:58,163 [INFO] WebApp:593 - Web application path used /opt/st/stm32cubeide_1.19.0/plugins/com.st.stm32cube.common.mx_6.15.0.202507011659/db/plugins/mcufinder/reactClient1/index.html
2026-01-18 20:36:58,164 [WARN] PackLoader:240 - Cannot read IP mode file for STMicroelectronics.X-CUBE-IPS.3.1.0
2026-01-18 20:36:58,174 [WARN] PackLoader:240 - Cannot read IP mode file for STMicroelectronics.X-CUBE-ALS.1.0.2
2026-01-18 20:36:58,180 [WARN] PackLoader:240 - Cannot read IP mode file for STMicroelectronics.X-CUBE-STSE01.1.0.0
2026-01-18 20:36:58,186 [WARN] PackLoader:240 - Cannot read IP mode file for portGmbH.I-Cube-SoM-uGOAL.1.1.0
2026-01-18 20:36:58,197 [WARN] PackLoader:240 - Cannot read IP mode file for STMicroelectronics.X-CUBE-TOF1.3.4.3
2026-01-18 20:36:58,206 [INFO] ThirdParty:978 - Integrity check success = true
2026-01-18 20:36:58,206 [INFO] IntegrityCheckThread:100 - exiting critical section [integrity check]
2026-01-18 20:36:58,206 [INFO] IntegrityCheckThread:103 - End integrity checks thread
2026-01-18 20:36:58,611 [INFO] WebApp:191 - Connection restablished
2026-01-18 21:26:38,340 [INFO] WebApp:194 - Connection lost
2026-01-18 21:26:45,136 [INFO] WebApp:191 - Connection restablished
2026-01-18 21:26:47,712 [INFO] WebApp:194 - Connection lost
2026-01-18 21:26:48,500 [INFO] WebApp:191 - Connection restablished
2026-01-18 21:53:32,272 [INFO] WebApp:194 - Connection lost
2026-01-18 21:53:41,316 [INFO] WebApp:191 - Connection restablished
2026-01-18 21:53:51,971 [ERROR] LogOutputStream:75 - [STDERR_REDIRECT] 
