2026-01-21 11:11:31,932 [INFO] Activator:176 - 


2026-01-21 11:11:31,935 [INFO] Activator:177 - !SESSION log4j initialized
2026-01-21 11:11:36,295 [INFO] LogOutputStream:77 - [STDOUT_REDIRECT] 
2026-01-21 11:11:39,552 [INFO] ApplicationProperties:184 - Using Application install path: /opt/st/stm32cubeide_1.19.0/plugins/com.st.stm32cube.common.mx_6.15.0.202507011659
2026-01-21 11:11:39,567 [INFO] DbMcusXml:78 - Set database path to: /opt/st/stm32cubeide_1.19.0/plugins/com.st.stm32cube.common.mx_6.15.0.202507011659//db//mcu/
2026-01-21 11:11:39,568 [INFO] ApiDb:274 - Set plugin database path to: /opt/st/stm32cubeide_1.19.0/plugins/com.st.stm32cube.common.mx_6.15.0.202507011659//db//plugins/boardmanager/
2026-01-21 11:11:39,568 [WARN] ApiDb:259 - Overriding images path with different value:  => /opt/st/stm32cubeide_1.19.0/plugins/com.st.stm32cube.common.mx_6.15.0.202507011659//db//plugins/mcufinder/images/
2026-01-21 11:11:39,574 [INFO] ApiDb:250 - Set database path to: /home/sunbeam/.stmcufinder/plugins/mcufinder//mcu/
2026-01-21 11:11:39,575 [INFO] DbMcusAds:125 - Set database path to: /home/sunbeam/.stmcufinder/plugins/mcufinder//mcu/
2026-01-21 11:11:39,962 [INFO] CrossReferenceDbSqlite:203 - Set database path to: /home/sunbeam/.stmcufinder/plugins/mcufinder//mcu/cs/
2026-01-21 11:11:40,082 [INFO] RulesReader:64 - Compatibility file has been processed (317 Rules)
2026-01-21 11:11:40,145 [INFO] DbMcusXml:78 - Set database path to: /opt/st/stm32cubeide_1.19.0/plugins/com.st.stm32cube.common.mx_6.15.0.202507011659//db//mcu/
2026-01-21 11:11:40,145 [INFO] ApiDb:274 - Set plugin database path to: /opt/st/stm32cubeide_1.19.0/plugins/com.st.stm32cube.common.mx_6.15.0.202507011659//db//plugins/boardmanager/
2026-01-21 11:11:40,145 [INFO] ApiDb:261 - Set plugin images path to: /opt/st/stm32cubeide_1.19.0/plugins/com.st.stm32cube.common.mx_6.15.0.202507011659//db//plugins/mcufinder/images/
2026-01-21 11:11:40,145 [WARN] DbFile:41 - Overriding database path with different value: /home/sunbeam/.stmcufinder/plugins/mcufinder/ => /home/sunbeam/.stmcufinder/plugins/mcufinder
2026-01-21 11:11:40,146 [INFO] ApiDb:250 - Set database path to: /home/sunbeam/.stmcufinder/plugins/mcufinder//mcu/
2026-01-21 11:11:40,146 [WARN] DbFile:41 - Overriding database path with different value: /home/sunbeam/.stmcufinder/plugins/mcufinder/ => /home/sunbeam/.stmcufinder/plugins/mcufinder
2026-01-21 11:11:40,146 [INFO] DbMcusAds:125 - Set database path to: /home/sunbeam/.stmcufinder/plugins/mcufinder//mcu/
2026-01-21 11:11:40,146 [WARN] DbFile:41 - Overriding database path with different value: /home/sunbeam/.stmcufinder/plugins/mcufinder/ => /home/sunbeam/.stmcufinder/plugins/mcufinder
2026-01-21 11:11:40,146 [WARN] DbFile:41 - Overriding database path with different value: /home/sunbeam/.stmcufinder/plugins/mcufinder/ => /home/sunbeam/.stmcufinder/plugins/mcufinder
2026-01-21 11:11:40,474 [INFO] CrossReferenceDbSqlite:203 - Set database path to: /home/sunbeam/.stmcufinder/plugins/mcufinder//mcu/cs/
2026-01-21 11:11:40,537 [INFO] MainPanel:274 - HeapMemory: 268435456
2026-01-21 11:11:40,646 [INFO] DbMcusXml:78 - Set database path to: /opt/st/stm32cubeide_1.19.0/plugins/com.st.stm32cube.common.mx_6.15.0.202507011659//db//mcu/
2026-01-21 11:11:40,646 [INFO] ApiDb:274 - Set plugin database path to: /opt/st/stm32cubeide_1.19.0/plugins/com.st.stm32cube.common.mx_6.15.0.202507011659//db//plugins/boardmanager/
2026-01-21 11:11:40,646 [INFO] ApiDb:261 - Set plugin images path to: /opt/st/stm32cubeide_1.19.0/plugins/com.st.stm32cube.common.mx_6.15.0.202507011659//db//plugins/mcufinder/images/
2026-01-21 11:11:40,646 [WARN] DbFile:41 - Overriding database path with different value: /home/sunbeam/.stmcufinder/plugins/mcufinder/ => /home/sunbeam/.stmcufinder/plugins/mcufinder
2026-01-21 11:11:40,646 [INFO] ApiDb:250 - Set database path to: /home/sunbeam/.stmcufinder/plugins/mcufinder//mcu/
2026-01-21 11:11:40,646 [WARN] DbFile:41 - Overriding database path with different value: /home/sunbeam/.stmcufinder/plugins/mcufinder/ => /home/sunbeam/.stmcufinder/plugins/mcufinder
2026-01-21 11:11:40,646 [INFO] DbMcusAds:125 - Set database path to: /home/sunbeam/.stmcufinder/plugins/mcufinder//mcu/
2026-01-21 11:11:40,646 [WARN] DbFile:41 - Overriding database path with different value: /home/sunbeam/.stmcufinder/plugins/mcufinder/ => /home/sunbeam/.stmcufinder/plugins/mcufinder
2026-01-21 11:11:40,647 [WARN] DbFile:41 - Overriding database path with different value: /home/sunbeam/.stmcufinder/plugins/mcufinder/ => /home/sunbeam/.stmcufinder/plugins/mcufinder
2026-01-21 11:11:40,986 [INFO] CrossReferenceDbSqlite:203 - Set database path to: /home/sunbeam/.stmcufinder/plugins/mcufinder//mcu/cs/
2026-01-21 11:11:41,007 [INFO] ApplicationProperties:184 - Using Application install path: /opt/st/stm32cubeide_1.19.0/plugins/com.st.stm32cube.common.mx_6.15.0.202507011659
2026-01-21 11:11:41,009 [INFO] PluginManage:196 - Search for loadable plugins [exclusion list=, ]
2026-01-21 11:11:41,010 [INFO] PluginManage:310 - Check plugin analytics
2026-01-21 11:11:41,465 [INFO] AnalyticsPlugin:253 - Accepted Software Licenses: 
2026-01-21 11:11:41,465 [INFO] AnalyticsPlugin:255 - Accepted CMSIS Pack Licenses: 
2026-01-21 11:11:41,465 [INFO] AnalyticsPlugin:257 - Accepted Firmware Licenses: FW.F4.1.28.0
2026-01-21 11:11:41,467 [INFO] PluginManage:359 - Loaded plugin analytics (category:tool,tabindex:-1)
2026-01-21 11:11:41,467 [INFO] PluginManage:310 - Check plugin cadmodel
2026-01-21 11:11:41,472 [INFO] CADModel:105 - Init CAD model plugin
2026-01-21 11:11:41,472 [INFO] PluginManage:359 - Loaded plugin cadmodel (category:power,tabindex:5)
2026-01-21 11:11:41,472 [INFO] PluginManage:310 - Check plugin clock
2026-01-21 11:11:41,480 [INFO] PluginManage:359 - Loaded plugin clock (category:base,tabindex:2)
2026-01-21 11:11:41,480 [INFO] PluginManage:310 - Check plugin ddr
2026-01-21 11:11:41,482 [INFO] PluginManage:359 - Loaded plugin ddr (category:tool,tabindex:6)
2026-01-21 11:11:41,482 [INFO] PluginManage:310 - Check plugin filemanager
2026-01-21 11:11:41,670 [INFO] PluginManage:359 - Loaded plugin filemanager (category:base,tabindex:10)
2026-01-21 11:11:41,670 [INFO] PluginManage:310 - Check plugin ipmanager
2026-01-21 11:11:41,681 [INFO] PluginManage:359 - Loaded plugin ipmanager (category:base,tabindex:5)
2026-01-21 11:11:41,682 [INFO] PluginManage:310 - Check plugin lpbam
2026-01-21 11:11:41,694 [INFO] PluginManage:359 - Loaded plugin lpbam (category:base,tabindex:0)
2026-01-21 11:11:41,695 [INFO] PluginManage:310 - Check plugin memorymap
2026-01-21 11:11:41,709 [INFO] PluginManage:359 - Loaded plugin memorymap (category:base,tabindex:4)
2026-01-21 11:11:41,710 [INFO] PluginManage:310 - Check plugin pinoutandconfiguration
2026-01-21 11:11:41,718 [INFO] PluginManage:359 - Loaded plugin pinoutandconfiguration (category:base,tabindex:1)
2026-01-21 11:11:41,718 [INFO] PluginManage:310 - Check plugin pinoutconfig
2026-01-21 11:11:41,897 [WARN] SupportedApi:132 - Cannot load RTOS API schema: s4s-elt-must-match.1: The content of 'definitions' must match (annotation?, (simpleType | complexType)?, (unique | key | keyref)*)). A problem was found starting at: attribute.
2026-01-21 11:11:42,042 [INFO] PluginManage:359 - Loaded plugin pinoutconfig (category:base,tabindex:0)
2026-01-21 11:11:42,043 [INFO] PluginManage:310 - Check plugin power
2026-01-21 11:11:42,052 [INFO] PluginManage:359 - Loaded plugin power (category:power,tabindex:4)
2026-01-21 11:11:42,053 [INFO] PluginManage:310 - Check plugin projectmanager
2026-01-21 11:11:42,070 [INFO] PluginManage:359 - Loaded plugin projectmanager (category:projectmanager,tabindex:4)
2026-01-21 11:11:42,070 [INFO] PluginManage:310 - Check plugin rif
2026-01-21 11:11:42,081 [INFO] PluginManage:359 - Loaded plugin rif (category:base,tabindex:3)
2026-01-21 11:11:42,081 [INFO] PluginManage:310 - Check plugin thirdparty
2026-01-21 11:11:42,203 [INFO] PluginManage:359 - Loaded plugin thirdparty (category:base,tabindex:-1)
2026-01-21 11:11:42,203 [WARN] IntegrityCheckThread:84 - waiting for thirdparty lock release [integrity check]
2026-01-21 11:11:42,203 [INFO] PluginManage:310 - Check plugin tools
2026-01-21 11:11:42,203 [INFO] IntegrityCheckThread:86 - entering critical section [integrity check]
2026-01-21 11:11:42,203 [INFO] ThirdPartyUpdaterWithRetryManager:70 - Updater plugin not ready yet. [1/15]
2026-01-21 11:11:42,206 [INFO] PluginManage:359 - Loaded plugin tools (category:base,tabindex:7)
2026-01-21 11:11:42,206 [INFO] PluginManage:310 - Check plugin tutovideos
2026-01-21 11:11:42,369 [INFO] PluginManage:359 - Loaded plugin tutovideos (category:base,tabindex:-1)
2026-01-21 11:11:42,369 [INFO] PluginManage:310 - Check plugin updater
2026-01-21 11:11:42,388 [INFO] PluginManage:359 - Loaded plugin updater (category:base,tabindex:12)
2026-01-21 11:11:42,388 [INFO] PluginManage:310 - Check plugin userauth
2026-01-21 11:11:42,393 [INFO] UserAuth:118 - Init User Auth plugin
2026-01-21 11:11:42,394 [INFO] PluginManage:359 - Loaded plugin userauth (category:base,tabindex:14)
2026-01-21 11:11:42,395 [INFO] PluginManage:283 - PluginManage : Loaded plugins [18]
2026-01-21 11:11:42,540 [INFO] PinOutPanel:1589 - setPackage(No Configuration,No Configuration)
2026-01-21 11:11:42,598 [INFO] CADModel:165 - CPN selected for project level
2026-01-21 11:11:42,598 [INFO] CADModel:114 - Register for checkConnection events
2026-01-21 11:11:42,607 [INFO] IPUIPlugin:80 - create IPUIPlugin
2026-01-21 11:11:42,607 [INFO] PluginManager:220 - loadIPPluginJar : add dfsdm
2026-01-21 11:11:42,611 [INFO] IPUIPlugin:80 - create IPUIPlugin
2026-01-21 11:11:42,611 [INFO] PluginManager:220 - loadIPPluginJar : add gfxmmu
2026-01-21 11:11:42,613 [INFO] IPUIPlugin:80 - create IPUIPlugin
2026-01-21 11:11:42,613 [INFO] PluginManager:220 - loadIPPluginJar : add i3c
2026-01-21 11:11:42,616 [INFO] IPUIPlugin:80 - create IPUIPlugin
2026-01-21 11:11:42,616 [INFO] PluginManager:220 - loadIPPluginJar : add sai
2026-01-21 11:11:42,622 [INFO] IPUIPlugin:80 - create IPUIPlugin
2026-01-21 11:11:42,622 [INFO] PluginManager:220 - loadIPPluginJar : add dma
2026-01-21 11:11:42,623 [INFO] IPUIPlugin:80 - create IPUIPlugin
2026-01-21 11:11:42,623 [INFO] PluginManager:220 - loadIPPluginJar : add quadspi
2026-01-21 11:11:42,627 [INFO] IPUIPlugin:80 - create IPUIPlugin
2026-01-21 11:11:42,627 [INFO] PluginManager:220 - loadIPPluginJar : add opamp
2026-01-21 11:11:42,628 [INFO] IPUIPlugin:80 - create IPUIPlugin
2026-01-21 11:11:42,628 [INFO] PluginManager:220 - loadIPPluginJar : add comp
2026-01-21 11:11:42,632 [INFO] IPUIPlugin:80 - create IPUIPlugin
2026-01-21 11:11:42,634 [INFO] PluginManager:220 - loadIPPluginJar : add plateformsettings
2026-01-21 11:11:42,635 [INFO] IPUIPlugin:80 - create IPUIPlugin
2026-01-21 11:11:42,635 [INFO] PluginManager:220 - loadIPPluginJar : add ltdc
2026-01-21 11:11:42,638 [INFO] IPUIPlugin:80 - create IPUIPlugin
2026-01-21 11:11:42,638 [INFO] PluginManager:220 - loadIPPluginJar : add nvic
2026-01-21 11:11:42,639 [INFO] IPUIPlugin:80 - create IPUIPlugin
2026-01-21 11:11:42,639 [INFO] PluginManager:220 - loadIPPluginJar : add fatfs
2026-01-21 11:11:42,642 [INFO] IPUIPlugin:80 - create IPUIPlugin
2026-01-21 11:11:42,642 [INFO] PluginManager:220 - loadIPPluginJar : add gpio
2026-01-21 11:11:42,643 [INFO] IPUIPlugin:80 - create IPUIPlugin
2026-01-21 11:11:42,643 [INFO] PluginManager:220 - loadIPPluginJar : add aes
2026-01-21 11:11:42,648 [INFO] IPUIPlugin:80 - create IPUIPlugin
2026-01-21 11:11:42,648 [INFO] PluginManager:220 - loadIPPluginJar : add mdma
2026-01-21 11:11:42,650 [INFO] IPUIPlugin:80 - create IPUIPlugin
2026-01-21 11:11:42,650 [INFO] PluginManager:220 - loadIPPluginJar : add pdm2pcm
2026-01-21 11:11:42,654 [INFO] IPUIPlugin:80 - create IPUIPlugin
2026-01-21 11:11:42,654 [INFO] PluginManager:220 - loadIPPluginJar : add linkedlist
2026-01-21 11:11:42,655 [INFO] IPUIPlugin:80 - create IPUIPlugin
2026-01-21 11:11:42,656 [INFO] PluginManager:220 - loadIPPluginJar : add usart
2026-01-21 11:11:42,657 [INFO] IPUIPlugin:80 - create IPUIPlugin
2026-01-21 11:11:42,657 [INFO] PluginManager:220 - loadIPPluginJar : add i2c
2026-01-21 11:11:42,659 [INFO] IPUIPlugin:80 - create IPUIPlugin
2026-01-21 11:11:42,659 [INFO] PluginManager:220 - loadIPPluginJar : add lorawan
2026-01-21 11:11:42,661 [INFO] IPUIPlugin:80 - create IPUIPlugin
2026-01-21 11:11:42,661 [INFO] PluginManager:220 - loadIPPluginJar : add usbx
2026-01-21 11:11:42,664 [INFO] IPUIPlugin:80 - create IPUIPlugin
2026-01-21 11:11:42,664 [INFO] PluginManager:220 - loadIPPluginJar : add fmc
2026-01-21 11:11:42,666 [INFO] IPUIPlugin:80 - create IPUIPlugin
2026-01-21 11:11:42,666 [INFO] PluginManager:220 - loadIPPluginJar : add extmemmanager
2026-01-21 11:11:42,670 [INFO] IPUIPlugin:80 - create IPUIPlugin
2026-01-21 11:11:42,671 [INFO] PluginManager:220 - loadIPPluginJar : add freertos
2026-01-21 11:11:42,673 [INFO] IPUIPlugin:80 - create IPUIPlugin
2026-01-21 11:11:42,673 [INFO] PluginManager:220 - loadIPPluginJar : add can
2026-01-21 11:11:42,675 [INFO] IPUIPlugin:80 - create IPUIPlugin
2026-01-21 11:11:42,675 [INFO] PluginManager:220 - loadIPPluginJar : add touchsensing
2026-01-21 11:11:42,676 [INFO] IPUIPlugin:80 - create IPUIPlugin
2026-01-21 11:11:42,676 [INFO] PluginManager:220 - loadIPPluginJar : add tracer_emb
2026-01-21 11:11:42,677 [INFO] IPUIPlugin:80 - create IPUIPlugin
2026-01-21 11:11:42,678 [INFO] PluginManager:220 - loadIPPluginJar : add ucpd
2026-01-21 11:11:42,679 [INFO] IPUIPlugin:80 - create IPUIPlugin
2026-01-21 11:11:42,679 [INFO] PluginManager:220 - loadIPPluginJar : add ts
2026-01-21 11:11:42,680 [INFO] IPUIPlugin:80 - create IPUIPlugin
2026-01-21 11:11:42,680 [INFO] PluginManager:220 - loadIPPluginJar : add tsc
2026-01-21 11:11:42,682 [INFO] IPUIPlugin:80 - create IPUIPlugin
2026-01-21 11:11:42,682 [INFO] PluginManager:220 - loadIPPluginJar : add resmgrutility
2026-01-21 11:11:42,684 [INFO] IPUIPlugin:80 - create IPUIPlugin
2026-01-21 11:11:42,684 [INFO] PluginManager:220 - loadIPPluginJar : add cryp
2026-01-21 11:11:42,685 [INFO] IPUIPlugin:80 - create IPUIPlugin
2026-01-21 11:11:42,685 [INFO] PluginManager:220 - loadIPPluginJar : add openamp
2026-01-21 11:11:42,689 [INFO] IPUIPlugin:80 - create IPUIPlugin
2026-01-21 11:11:42,690 [INFO] PluginManager:220 - loadIPPluginJar : add adc
2026-01-21 11:11:42,691 [INFO] IPUIPlugin:80 - create IPUIPlugin
2026-01-21 11:11:42,691 [INFO] PluginManager:220 - loadIPPluginJar : add spi
2026-01-21 11:11:42,693 [INFO] IPUIPlugin:80 - create IPUIPlugin
2026-01-21 11:11:42,693 [INFO] PluginManager:220 - loadIPPluginJar : add ipddr
2026-01-21 11:11:42,699 [INFO] IPUIPlugin:80 - create IPUIPlugin
2026-01-21 11:11:42,699 [INFO] PluginManager:220 - loadIPPluginJar : add stm32_wpan
2026-01-21 11:11:42,704 [INFO] IPUIPlugin:80 - create IPUIPlugin
2026-01-21 11:11:42,704 [INFO] PluginManager:220 - loadIPPluginJar : add gic
2026-01-21 11:11:42,707 [INFO] IPUIPlugin:80 - create IPUIPlugin
2026-01-21 11:11:42,708 [INFO] PluginManager:220 - loadIPPluginJar : add ddr_ctrl_phy
2026-01-21 11:11:42,709 [INFO] IPUIPlugin:80 - create IPUIPlugin
2026-01-21 11:11:42,709 [INFO] PluginManager:220 - loadIPPluginJar : add genericplugin
2026-01-21 11:11:42,711 [INFO] IPUIPlugin:80 - create IPUIPlugin
2026-01-21 11:11:42,711 [INFO] PluginManager:220 - loadIPPluginJar : add hash
2026-01-21 11:11:42,712 [INFO] IPUIPlugin:80 - create IPUIPlugin
2026-01-21 11:11:42,712 [INFO] PluginManager:220 - loadIPPluginJar : add tim
2026-01-21 11:11:42,714 [INFO] IPUIPlugin:80 - create IPUIPlugin
2026-01-21 11:11:42,714 [INFO] PluginManager:220 - loadIPPluginJar : add radio
2026-01-21 11:11:42,717 [INFO] IPUIPlugin:80 - create IPUIPlugin
2026-01-21 11:11:42,717 [INFO] PluginManager:220 - loadIPPluginJar : add gtzc
2026-01-21 11:11:42,719 [INFO] IPUIPlugin:80 - create IPUIPlugin
2026-01-21 11:11:42,719 [INFO] PluginManager:220 - loadIPPluginJar : add i2s
2026-01-21 11:11:42,721 [INFO] IPUIPlugin:80 - create IPUIPlugin
2026-01-21 11:11:42,721 [INFO] PluginManager:220 - loadIPPluginJar : add dma3
2026-01-21 11:11:42,818 [FATAL] Updater:351 - Updater called before beeing initialized
2026-01-21 11:11:42,848 [INFO] RulesReader:64 - Compatibility file has been processed (317 Rules)
2026-01-21 11:11:42,857 [INFO] RulesReader:64 - Compatibility file has been processed (317 Rules)
2026-01-21 11:11:42,862 [INFO] CADModel:165 - CPN selected for project level
2026-01-21 11:11:42,862 [INFO] CADModel:114 - Register for checkConnection events
2026-01-21 11:11:42,862 [FATAL] Updater:351 - Updater called before beeing initialized
2026-01-21 11:11:42,862 [ERROR] CADModel:125 - Updater not yet initialized, retry later 
2026-01-21 11:11:42,953 [FATAL] Updater:351 - Updater called before beeing initialized
2026-01-21 11:11:42,955 [INFO] CADModel:165 - CPN selected for project level
2026-01-21 11:11:42,955 [INFO] CADModel:114 - Register for checkConnection events
2026-01-21 11:11:42,955 [FATAL] Updater:351 - Updater called before beeing initialized
2026-01-21 11:11:42,955 [ERROR] CADModel:125 - Updater not yet initialized, retry later 
2026-01-21 11:11:42,958 [FATAL] Updater:351 - Updater called before beeing initialized
2026-01-21 11:11:43,040 [FATAL] Updater:351 - Updater called before beeing initialized
2026-01-21 11:11:43,045 [INFO] DbMcusAds:53 - JSON generation date=Thu Jan 08 21:26:32 IST 2026 (1767887792457)
2026-01-21 11:11:43,046 [FATAL] Updater:351 - Updater called before beeing initialized
2026-01-21 11:11:43,080 [WARN] DetailPanel:346 - Failed to get advertising image, set to default
2026-01-21 11:11:43,136 [FATAL] Updater:351 - Updater called before beeing initialized
2026-01-21 11:11:43,137 [FATAL] Updater:351 - Updater called before beeing initialized
2026-01-21 11:11:43,138 [FATAL] Updater:351 - Updater called before beeing initialized
2026-01-21 11:11:43,138 [WARN] DetailPanel:346 - Failed to get advertising image, set to default
2026-01-21 11:11:43,138 [FATAL] Updater:351 - Updater called before beeing initialized
2026-01-21 11:11:43,163 [ERROR] Updater:1198 - MainUpdater not yet initialized. External WinMGr cannot be set.
2026-01-21 11:11:43,164 [INFO] Updater:1134 - Updater Version found : 6.15.0
2026-01-21 11:11:43,178 [INFO] ApplicationProperties:184 - Using Application install path: /opt/st/stm32cubeide_1.19.0/plugins/com.st.stm32cube.common.mx_6.15.0.202507011659
2026-01-21 11:11:43,939 [INFO] MainUpdater:2872 - connection check result : 10
2026-01-21 11:11:43,939 [INFO] MainUpdater:3604 - Updater definition file requires update
2026-01-21 11:11:43,940 [INFO] MainUpdater:289 - Updater Check For Update Now.
2026-01-21 11:11:43,940 [INFO] MicroXplorer:498 - Change Database Version : DB.6.0.150
2026-01-21 11:11:43,945 [INFO] McuFinderGlobals:63 - Set McuFinder mode to 2 (CubeIDE integrated)
2026-01-21 11:11:43,946 [INFO] UserAuth:171 - activating auth plugin
2026-01-21 11:11:43,948 [INFO] UserAuth:487 - Internet connection configuration mode: 1
2026-01-21 11:11:43,964 [INFO] JxBrowserEngine:152 - Initiate JxBrowser Engine with user profile folder
2026-01-21 11:11:44,059 [INFO] ServerAccessManage:452 - Complete download http(s) 200
2026-01-21 11:11:44,060 [INFO] ServerAccessManage:509 - Download File updaters.zip
2026-01-21 11:11:44,614 [INFO] FileExtend:248 - Unzip File : updaters.zip
2026-01-21 11:11:44,615 [INFO] FileExtend:263 - Standard Zip Deflate
2026-01-21 11:11:44,881 [INFO] WebApp:169 - Instantiating new browser for Auth
2026-01-21 11:11:44,979 [INFO] ServerAccessManage:452 - Complete download http(s) 200
2026-01-21 11:11:44,979 [INFO] ServerAccessManage:509 - Download File PacksControlFlags.xml
2026-01-21 11:11:45,204 [WARN] MainUpdater:1193 - Updater busy. Cannot search thirdparties
2026-01-21 11:11:45,204 [INFO] ThirdPartyUpdaterWithRetryManager:96 - Updater plugin is busy. [1/15]
2026-01-21 11:11:45,393 [INFO] ServerAccessManage:452 - Complete download http(s) 200
2026-01-21 11:11:45,393 [INFO] ServerAccessManage:509 - Download File cubemx.pidx
2026-01-21 11:11:45,487 [INFO] WebApp:463 - Apply proxy settings
2026-01-21 11:11:45,487 [INFO] WebApp:548 - Chromium requires no authentication
2026-01-21 11:11:45,498 [INFO] WebApp:491 - Direct internet connection detected
2026-01-21 11:11:45,520 [INFO] WebApp:900 - Register for checkConnection events
2026-01-21 11:11:45,520 [INFO] WebApp:463 - Apply proxy settings
2026-01-21 11:11:45,521 [INFO] WebApp:548 - Chromium requires no authentication
2026-01-21 11:11:45,521 [INFO] WebApp:491 - Direct internet connection detected
2026-01-21 11:11:45,700 [INFO] WebApp:225 - Starting web application
2026-01-21 11:11:45,700 [INFO] WebApp:593 - Web application path used /opt/st/stm32cubeide_1.19.0/plugins/com.st.stm32cube.common.mx_6.15.0.202507011659/db/plugins/mcufinder/reactClient1/index.html
2026-01-21 11:11:46,156 [INFO] ServerAccessManage:452 - Complete download http(s) 200
2026-01-21 11:11:46,157 [INFO] ServerAccessManage:509 - Download File STMicroelectronics.X-CUBE-NFC6.pdsc
2026-01-21 11:11:46,275 [INFO] WebApp:191 - Connection restablished
2026-01-21 11:11:46,809 [INFO] ServerAccessManage:452 - Complete download http(s) 200
2026-01-21 11:11:46,809 [INFO] ServerAccessManage:509 - Download File STMicroelectronics.X-CUBE-STSE01.pdsc
2026-01-21 11:11:47,525 [WARN] PackLoader:240 - Cannot read IP mode file for STMicroelectronics.X-CUBE-NFC6.3.2.0
2026-01-21 11:11:47,537 [WARN] PackLoader:240 - Cannot read IP mode file for STMicroelectronics.X-CUBE-STSE01.2.0.0
2026-01-21 11:11:47,541 [INFO] PopulateThirdPartyThread:66 - Ending populate Thread
2026-01-21 11:11:47,542 [INFO] ThirdParty:1030 - CMSIS Pack Vendor :STMicroelectronics X-CUBE-STSE01 2.0.0
2026-01-21 11:11:47,542 [INFO] ThirdParty:1030 - CMSIS Pack Vendor :STMicroelectronics X-CUBE-NFC6 3.2.0
2026-01-21 11:11:47,542 [INFO] LoadServerUpdatesThread:375 - End of LoadServerUpdate Thread
2026-01-21 11:11:47,655 [INFO] CheckServerUpdateThread:120 - End of CheckServer Thread
2026-01-21 11:11:48,304 [WARN] PackLoader:240 - Cannot read IP mode file for STMicroelectronics.FP-SNS-MOTENVWB1.1.4.0
2026-01-21 11:11:48,308 [WARN] PackLoader:240 - Cannot read IP mode file for STMicroelectronics.FP-ATR-ASTRA1.2.0.2
2026-01-21 11:11:48,312 [WARN] PackLoader:240 - Cannot read IP mode file for STMicroelectronics.X-CUBE-SMBUS.2.1.0
2026-01-21 11:11:48,315 [WARN] PackLoader:240 - Cannot read IP mode file for STMicroelectronics.X-CUBE-ST60.1.0.0
2026-01-21 11:11:48,331 [WARN] PackLoader:240 - Cannot read IP mode file for STMicroelectronics.X-CUBE-AZRTOS-F7.1.1.0
2026-01-21 11:11:48,337 [WARN] PackLoader:240 - Cannot read IP mode file for STMicroelectronics.FP-SNS-MOTENV1.5.1.0
2026-01-21 11:11:48,354 [WARN] PackLoader:240 - Cannot read IP mode file for Infineon.AIROC-Wi-Fi-Bluetooth-STM32.1.7.1
2026-01-21 11:11:48,372 [WARN] PackLoader:240 - Cannot read IP mode file for STMicroelectronics.X-CUBE-AZRTOS-H7.3.4.0
2026-01-21 11:11:48,379 [WARN] PackLoader:240 - Cannot read IP mode file for STMicroelectronics.X-CUBE-DISPLAY.3.0.0
2026-01-21 11:11:48,385 [WARN] PackLoader:240 - Cannot read IP mode file for STMicroelectronics.X-CUBE-NFC10.1.0.0
2026-01-21 11:11:48,392 [WARN] PackLoader:240 - Cannot read IP mode file for STMicroelectronics.X-CUBE-BLEMGR.4.0.0
2026-01-21 11:11:48,397 [WARN] PackLoader:240 - Cannot read IP mode file for STMicroelectronics.X-CUBE-ST60.1.1.0
2026-01-21 11:11:48,400 [WARN] PackLoader:240 - Cannot read IP mode file for emotas.I-CUBE-CANOPEN.1.3.0
2026-01-21 11:11:48,404 [WARN] PackLoader:240 - Cannot read IP mode file for STMicroelectronics.X-CUBE-GNSS1.7.1.0
2026-01-21 11:11:48,407 [WARN] ConditionMgr:438 - getConditionDescription Invalid condition id : Cortex-A Device cause : null
2026-01-21 11:11:48,413 [WARN] ConditionMgr:1044 - genDependencies : Invalid condition id : Cortex-A Device cause : null
2026-01-21 11:11:48,413 [WARN] ConditionMgr:1044 - genDependencies : Invalid condition id : Cortex-A Device cause : null
2026-01-21 11:11:48,413 [WARN] ConditionMgr:1044 - genDependencies : Invalid condition id : Cortex-A Device cause : null
2026-01-21 11:11:48,417 [WARN] PackLoader:240 - Cannot read IP mode file for STMicroelectronics.FP-SNS-STBOX1.2.1.0
2026-01-21 11:11:48,421 [WARN] PackLoader:240 - Cannot read IP mode file for STMicroelectronics.FP-SNS-SMARTAG2.1.2.0
2026-01-21 11:11:48,423 [WARN] PackLoader:240 - Cannot read IP mode file for STMicroelectronics.FP-SNS-FLIGHT1.5.1.0
2026-01-21 11:11:48,428 [INFO] LogOutputStream:77 - [STDOUT_REDIRECT] 1 : Invalid condition id : UX_CORESTACK_Condition cause : null
2026-01-21 11:11:48,428 [INFO] LogOutputStream:77 - [STDOUT_REDIRECT] 1 : Invalid condition id : UX_CORESTACK_Condition cause : null
2026-01-21 11:11:48,428 [INFO] LogOutputStream:77 - [STDOUT_REDIRECT] 1 : Invalid condition id : UX_CORESTACK_Condition cause : null
2026-01-21 11:11:48,429 [INFO] LogOutputStream:77 - [STDOUT_REDIRECT] 1 : Invalid condition id : UX_CORESTACK_Condition cause : null
2026-01-21 11:11:48,429 [INFO] LogOutputStream:77 - [STDOUT_REDIRECT] 1 : Invalid condition id : UX_CORESTACK_Condition cause : null
2026-01-21 11:11:48,431 [WARN] PackLoader:240 - Cannot read IP mode file for STMicroelectronics.X-CUBE-AZRTOS-WL.2.0.0
2026-01-21 11:11:48,434 [WARN] PackLoader:240 - Cannot read IP mode file for STMicroelectronics.FP-SNS-MOTENV1.5.0.0
2026-01-21 11:11:48,446 [WARN] PackLoader:240 - Cannot read IP mode file for STMicroelectronics.X-CUBE-AZRTOS-H7RS.1.2.0
2026-01-21 11:11:48,452 [WARN] PackLoader:240 - Cannot read IP mode file for WES.I-CUBE-Cesium.1.3.0
2026-01-21 11:11:48,454 [WARN] PackLoader:240 - Cannot read IP mode file for STMicroelectronics.X-CUBE-BLE2.3.3.0
2026-01-21 11:11:48,462 [WARN] PackLoader:240 - Cannot read IP mode file for STMicroelectronics.X-CUBE-NFC9.1.0.0
2026-01-21 11:11:48,465 [WARN] PackLoader:240 - Cannot read IP mode file for wolfSSL.I-CUBE-wolfSSL.5.8.0
2026-01-21 11:11:48,468 [WARN] PackLoader:240 - Cannot read IP mode file for STMicroelectronics.X-CUBE-BLE1.7.1.0
2026-01-21 11:11:48,470 [WARN] PackLoader:240 - Cannot read IP mode file for wolfSSL.I-CUBE-wolfMQTT.1.19.2
2026-01-21 11:11:48,473 [WARN] PackLoader:240 - Cannot read IP mode file for STMicroelectronics.X-CUBE-FREERTOS.1.4.0
2026-01-21 11:11:48,476 [WARN] PackLoader:240 - Cannot read IP mode file for STMicroelectronics.X-CUBE-EEPRMA1.5.2.0
2026-01-21 11:11:48,480 [WARN] PackLoader:240 - Cannot read IP mode file for STMicroelectronics.X-CUBE-ST67W61.1.1.0
2026-01-21 11:11:48,483 [WARN] PackLoader:240 - Cannot read IP mode file for STMicroelectronics.X-CUBE-AI.10.1.0
2026-01-21 11:11:48,507 [WARN] PackLoader:240 - Cannot read IP mode file for STMicroelectronics.X-CUBE-MEMS1.12.0.0
2026-01-21 11:11:48,561 [WARN] PackLoader:240 - Cannot read IP mode file for STMicroelectronics.X-CUBE-AZRTOS-G0.1.1.0
2026-01-21 11:11:48,566 [WARN] PackLoader:240 - Cannot read IP mode file for STMicroelectronics.X-CUBE-SAFEA1.1.2.2
2026-01-21 11:11:48,568 [WARN] PackLoader:240 - Cannot read IP mode file for STMicroelectronics.X-CUBE-NFC4.3.0.0
2026-01-21 11:11:48,573 [WARN] PackLoader:240 - Cannot read IP mode file for EmbeddedOffice.I-CUBE-FS-RTOS.1.0.1
2026-01-21 11:11:48,576 [WARN] PackLoader:240 - Cannot read IP mode file for STMicroelectronics.X-CUBE-WB05N.2.0.0
2026-01-21 11:11:48,578 [WARN] PackLoader:240 - Cannot read IP mode file for wolfSSL.I-CUBE-wolfTPM.3.8.0
2026-01-21 11:11:48,581 [WARN] PackLoader:240 - Cannot read IP mode file for STMicroelectronics.X-CUBE-TCPP.4.2.0
2026-01-21 11:11:48,584 [WARN] PackLoader:240 - Cannot read IP mode file for RealThread.X-CUBE-RT-Thread_Nano.4.1.1
2026-01-21 11:11:48,586 [WARN] PackLoader:240 - Cannot read IP mode file for STMicroelectronics.FP-ATR-SIGFOX1.3.2.0
2026-01-21 11:11:48,589 [WARN] PackLoader:240 - Cannot read IP mode file for STMicroelectronics.X-CUBE-EEPRMA1.5.1.0
2026-01-21 11:11:48,592 [WARN] PackLoader:240 - Cannot read IP mode file for ITTIA_DB.I-CUBE-ITTIADB.8.9.0
2026-01-21 11:11:48,596 [WARN] PackLoader:240 - Cannot read IP mode file for STMicroelectronics.X-CUBE-NFC6.3.2.0
2026-01-21 11:11:48,600 [WARN] PackLoader:240 - Cannot read IP mode file for STMicroelectronics.X-CUBE-ST67W61.1.0.0
2026-01-21 11:11:48,602 [WARN] PackLoader:240 - Cannot read IP mode file for STMicroelectronics.X-CUBE-AI.10.2.0
2026-01-21 11:11:48,615 [WARN] PackLoader:240 - Cannot read IP mode file for SEGGER.I-CUBE-embOS.1.3.1
2026-01-21 11:11:48,651 [WARN] PackLoader:240 - Cannot read IP mode file for STMicroelectronics.X-CUBE-ALGOBUILD.1.4.0
2026-01-21 11:11:48,675 [WARN] PackLoader:240 - Cannot read IP mode file for STMicroelectronics.X-CUBE-MEMS1.11.3.0
2026-01-21 11:11:48,753 [WARN] PackLoader:240 - Cannot read IP mode file for STMicroelectronics.X-CUBE-PM33A1.1.0.0
2026-01-21 11:11:48,761 [WARN] PackLoader:240 - Cannot read IP mode file for STMicroelectronics.X-CUBE-AZRTOS-F4.1.1.0
2026-01-21 11:11:48,764 [WARN] PackLoader:240 - Cannot read IP mode file for Avnet-IotConnect.X-CUBE-IoTC-DA16k-PMOD.1.0.0
2026-01-21 11:11:48,766 [WARN] PackLoader:240 - Cannot read IP mode file for STMicroelectronics.X-CUBE-ISPU.2.1.0
2026-01-21 11:11:48,772 [WARN] PackLoader:240 - Cannot read IP mode file for STMicroelectronics.X-CUBE-IPS.3.2.0
2026-01-21 11:11:48,779 [WARN] PackLoader:240 - Cannot read IP mode file for STMicroelectronics.X-CUBE-NFC12.1.0.0
2026-01-21 11:11:48,788 [WARN] PackLoader:240 - Cannot read IP mode file for STMicroelectronics.X-CUBE-AZRTOS-L5.2.0.0
2026-01-21 11:11:48,793 [WARN] PackLoader:240 - Cannot read IP mode file for STMicroelectronics.X-CUBE-NFC6.3.1.0
2026-01-21 11:11:48,796 [WARN] PackLoader:240 - Cannot read IP mode file for STMicroelectronics.X-CUBE-FREERTOS.1.3.1
2026-01-21 11:11:48,799 [WARN] PackLoader:240 - Cannot read IP mode file for STMicroelectronics.X-CUBE-TOUCHGFX.4.26.0
2026-01-21 11:11:48,801 [WARN] PackLoader:240 - Cannot read IP mode file for STMicroelectronics.FP-SNS-STAIOTCFT.1.0.0
2026-01-21 11:11:48,804 [WARN] PackLoader:240 - Cannot read IP mode file for STMicroelectronics.X-CUBE-DPower.1.3.0
2026-01-21 11:11:48,812 [WARN] ConditionMgr:438 - getConditionDescription Invalid condition id : LAN8742 Phy interface Condition cause : null
2026-01-21 11:11:48,813 [WARN] PackLoader:240 - Cannot read IP mode file for STMicroelectronics.X-CUBE-AZRTOS-L4.2.0.0
2026-01-21 11:11:48,813 [WARN] ConditionMgr:1044 - genDependencies : Invalid condition id : LAN8742 Phy interface Condition cause : null
2026-01-21 11:11:48,814 [WARN] ConditionMgr:1044 - genDependencies : Invalid condition id : LAN8742 Phy interface Condition cause : null
2026-01-21 11:11:48,814 [WARN] ConditionMgr:1044 - genDependencies : Invalid condition id : LAN8742 Phy interface Condition cause : null
2026-01-21 11:11:48,817 [WARN] PackLoader:240 - Cannot read IP mode file for STMicroelectronics.X-CUBE-SFXS2LP1.4.0.0
2026-01-21 11:11:48,821 [WARN] PackLoader:240 - Cannot read IP mode file for STMicroelectronics.X-CUBE-ST67W61.1.2.0
2026-01-21 11:11:48,827 [WARN] PackLoader:240 - Cannot read IP mode file for STMicroelectronics.X-CUBE-BLEMGR.4.1.0
2026-01-21 11:11:48,835 [WARN] ConditionMgr:438 - getConditionDescription Invalid condition id : UX DEVICE CLASS RTOS Condition cause : null
2026-01-21 11:11:48,835 [WARN] ConditionMgr:438 - getConditionDescription Invalid condition id : UX DEVICE CLASS RTOS Condition cause : null
2026-01-21 11:11:48,836 [WARN] PackLoader:240 - Cannot read IP mode file for STMicroelectronics.X-CUBE-AZRTOS-WB.2.0.0
2026-01-21 11:11:48,837 [WARN] ConditionMgr:1044 - genDependencies : Invalid condition id : UX DEVICE CLASS RTOS Condition cause : null
2026-01-21 11:11:48,837 [WARN] ConditionMgr:1044 - genDependencies : Invalid condition id : UX DEVICE CLASS RTOS Condition cause : null
2026-01-21 11:11:48,837 [WARN] ConditionMgr:1044 - genDependencies : Invalid condition id : UX DEVICE CLASS RTOS Condition cause : null
2026-01-21 11:11:48,837 [WARN] ConditionMgr:1044 - genDependencies : Invalid condition id : UX DEVICE CLASS RTOS Condition cause : null
2026-01-21 11:11:48,837 [WARN] ConditionMgr:1044 - genDependencies : Invalid condition id : UX DEVICE CLASS RTOS Condition cause : null
2026-01-21 11:11:48,840 [WARN] PackLoader:240 - Cannot read IP mode file for STMicroelectronics.X-CUBE-GNSS1.7.0.1
2026-01-21 11:11:48,842 [WARN] PackLoader:240 - Cannot read IP mode file for STMicroelectronics.X-CUBE-TOUCHGFX.4.25.0
2026-01-21 11:11:48,846 [WARN] PackLoader:240 - Cannot read IP mode file for STMicroelectronics.FP-SNS-STBOX1.2.0.0
2026-01-21 11:11:48,850 [WARN] PackLoader:240 - Cannot read IP mode file for STMicroelectronics.X-CUBE-STSE01.2.0.0
2026-01-21 11:11:48,855 [WARN] PackLoader:240 - Cannot read IP mode file for STMicroelectronics.X-CUBE-SUBG2.5.0.0
2026-01-21 11:11:48,866 [WARN] PackLoader:240 - Cannot read IP mode file for STMicroelectronics.X-CUBE-AZRTOS-H7RS.1.1.0
2026-01-21 11:11:48,870 [WARN] PackLoader:240 - Cannot read IP mode file for Cesanta.I-CUBE-Mongoose.7.13.0
2026-01-21 11:11:48,877 [WARN] PackLoader:240 - Cannot read IP mode file for STMicroelectronics.X-CUBE-AZRTOS-G4.2.0.0
2026-01-21 11:11:48,880 [WARN] PackLoader:240 - Cannot read IP mode file for wolfSSL.I-CUBE-wolfSSH.1.4.20
2026-01-21 11:11:48,883 [WARN] PackLoader:240 - Cannot read IP mode file for STMicroelectronics.X-CUBE-NFC7.2.0.0
2026-01-21 11:11:48,892 [WARN] PackLoader:240 - Cannot read IP mode file for STMicroelectronics.X-CUBE-IPS.3.1.0
2026-01-21 11:11:48,897 [WARN] PackLoader:240 - Cannot read IP mode file for STMicroelectronics.X-CUBE-ALS.1.0.2
2026-01-21 11:11:48,903 [WARN] PackLoader:240 - Cannot read IP mode file for STMicroelectronics.X-CUBE-STSE01.1.0.0
2026-01-21 11:11:48,907 [WARN] PackLoader:240 - Cannot read IP mode file for portGmbH.I-Cube-SoM-uGOAL.1.1.0
2026-01-21 11:11:48,917 [WARN] PackLoader:240 - Cannot read IP mode file for STMicroelectronics.X-CUBE-TOF1.3.4.3
2026-01-21 11:11:48,927 [INFO] ThirdParty:978 - Integrity check success = true
2026-01-21 11:11:48,927 [INFO] IntegrityCheckThread:100 - exiting critical section [integrity check]
2026-01-21 11:11:48,927 [INFO] IntegrityCheckThread:103 - End integrity checks thread
2026-01-21 18:01:27,334 [INFO] WebApp:194 - Connection lost
2026-01-21 18:02:08,369 [INFO] WebApp:191 - Connection restablished
2026-01-21 20:48:40,218 [INFO] WebApp:194 - Connection lost
2026-01-21 20:48:46,146 [INFO] WebApp:191 - Connection restablished
2026-01-21 20:48:47,545 [INFO] WebApp:194 - Connection lost
2026-01-21 20:48:47,827 [INFO] WebApp:191 - Connection restablished
2026-01-21 20:48:53,240 [INFO] WebApp:194 - Connection lost
2026-01-21 20:48:53,896 [INFO] WebApp:191 - Connection restablished
2026-01-21 21:56:30,876 [ERROR] LogOutputStream:75 - [STDERR_REDIRECT] 
