2026-02-25 21:09:24,638 [ERROR] LogOutputStream:75 - [STDERR_REDIRECT] 
2026-02-25 21:09:30,863 [INFO] Activator:176 - 


2026-02-25 21:09:30,865 [INFO] Activator:177 - !SESSION log4j initialized
2026-02-25 21:09:35,703 [INFO] LogOutputStream:77 - [STDOUT_REDIRECT] 
2026-02-25 21:09:37,166 [INFO] ApplicationProperties:184 - Using Application install path: /opt/st/stm32cubeide_1.19.0/plugins/com.st.stm32cube.common.mx_6.15.0.202507011659
2026-02-25 21:09:37,193 [INFO] DbMcusXml:78 - Set database path to: /opt/st/stm32cubeide_1.19.0/plugins/com.st.stm32cube.common.mx_6.15.0.202507011659//db//mcu/
2026-02-25 21:09:37,193 [INFO] ApiDb:274 - Set plugin database path to: /opt/st/stm32cubeide_1.19.0/plugins/com.st.stm32cube.common.mx_6.15.0.202507011659//db//plugins/boardmanager/
2026-02-25 21:09:37,193 [WARN] ApiDb:259 - Overriding images path with different value:  => /opt/st/stm32cubeide_1.19.0/plugins/com.st.stm32cube.common.mx_6.15.0.202507011659//db//plugins/mcufinder/images/
2026-02-25 21:09:37,202 [INFO] ApiDb:250 - Set database path to: /home/sunbeam/.stmcufinder/plugins/mcufinder//mcu/
2026-02-25 21:09:37,204 [INFO] DbMcusAds:125 - Set database path to: /home/sunbeam/.stmcufinder/plugins/mcufinder//mcu/
2026-02-25 21:09:37,333 [INFO] CrossReferenceDbSqlite:203 - Set database path to: /home/sunbeam/.stmcufinder/plugins/mcufinder//mcu/cs/
2026-02-25 21:09:37,529 [INFO] RulesReader:64 - Compatibility file has been processed (317 Rules)
2026-02-25 21:09:37,594 [INFO] DbMcusXml:78 - Set database path to: /opt/st/stm32cubeide_1.19.0/plugins/com.st.stm32cube.common.mx_6.15.0.202507011659//db//mcu/
2026-02-25 21:09:37,594 [INFO] ApiDb:274 - Set plugin database path to: /opt/st/stm32cubeide_1.19.0/plugins/com.st.stm32cube.common.mx_6.15.0.202507011659//db//plugins/boardmanager/
2026-02-25 21:09:37,594 [INFO] ApiDb:261 - Set plugin images path to: /opt/st/stm32cubeide_1.19.0/plugins/com.st.stm32cube.common.mx_6.15.0.202507011659//db//plugins/mcufinder/images/
2026-02-25 21:09:37,594 [WARN] DbFile:41 - Overriding database path with different value: /home/sunbeam/.stmcufinder/plugins/mcufinder/ => /home/sunbeam/.stmcufinder/plugins/mcufinder
2026-02-25 21:09:37,594 [INFO] ApiDb:250 - Set database path to: /home/sunbeam/.stmcufinder/plugins/mcufinder//mcu/
2026-02-25 21:09:37,594 [WARN] DbFile:41 - Overriding database path with different value: /home/sunbeam/.stmcufinder/plugins/mcufinder/ => /home/sunbeam/.stmcufinder/plugins/mcufinder
2026-02-25 21:09:37,594 [INFO] DbMcusAds:125 - Set database path to: /home/sunbeam/.stmcufinder/plugins/mcufinder//mcu/
2026-02-25 21:09:37,594 [WARN] DbFile:41 - Overriding database path with different value: /home/sunbeam/.stmcufinder/plugins/mcufinder/ => /home/sunbeam/.stmcufinder/plugins/mcufinder
2026-02-25 21:09:37,595 [WARN] DbFile:41 - Overriding database path with different value: /home/sunbeam/.stmcufinder/plugins/mcufinder/ => /home/sunbeam/.stmcufinder/plugins/mcufinder
2026-02-25 21:09:37,845 [INFO] CrossReferenceDbSqlite:203 - Set database path to: /home/sunbeam/.stmcufinder/plugins/mcufinder//mcu/cs/
2026-02-25 21:09:37,910 [INFO] MainPanel:274 - HeapMemory: 268435456
2026-02-25 21:09:38,022 [INFO] DbMcusXml:78 - Set database path to: /opt/st/stm32cubeide_1.19.0/plugins/com.st.stm32cube.common.mx_6.15.0.202507011659//db//mcu/
2026-02-25 21:09:38,022 [INFO] ApiDb:274 - Set plugin database path to: /opt/st/stm32cubeide_1.19.0/plugins/com.st.stm32cube.common.mx_6.15.0.202507011659//db//plugins/boardmanager/
2026-02-25 21:09:38,022 [INFO] ApiDb:261 - Set plugin images path to: /opt/st/stm32cubeide_1.19.0/plugins/com.st.stm32cube.common.mx_6.15.0.202507011659//db//plugins/mcufinder/images/
2026-02-25 21:09:38,022 [WARN] DbFile:41 - Overriding database path with different value: /home/sunbeam/.stmcufinder/plugins/mcufinder/ => /home/sunbeam/.stmcufinder/plugins/mcufinder
2026-02-25 21:09:38,023 [INFO] ApiDb:250 - Set database path to: /home/sunbeam/.stmcufinder/plugins/mcufinder//mcu/
2026-02-25 21:09:38,023 [WARN] DbFile:41 - Overriding database path with different value: /home/sunbeam/.stmcufinder/plugins/mcufinder/ => /home/sunbeam/.stmcufinder/plugins/mcufinder
2026-02-25 21:09:38,023 [INFO] DbMcusAds:125 - Set database path to: /home/sunbeam/.stmcufinder/plugins/mcufinder//mcu/
2026-02-25 21:09:38,023 [WARN] DbFile:41 - Overriding database path with different value: /home/sunbeam/.stmcufinder/plugins/mcufinder/ => /home/sunbeam/.stmcufinder/plugins/mcufinder
2026-02-25 21:09:38,023 [WARN] DbFile:41 - Overriding database path with different value: /home/sunbeam/.stmcufinder/plugins/mcufinder/ => /home/sunbeam/.stmcufinder/plugins/mcufinder
2026-02-25 21:09:38,117 [INFO] CrossReferenceDbSqlite:203 - Set database path to: /home/sunbeam/.stmcufinder/plugins/mcufinder//mcu/cs/
2026-02-25 21:09:38,131 [INFO] ApplicationProperties:184 - Using Application install path: /opt/st/stm32cubeide_1.19.0/plugins/com.st.stm32cube.common.mx_6.15.0.202507011659
2026-02-25 21:09:38,132 [INFO] PluginManage:196 - Search for loadable plugins [exclusion list=, ]
2026-02-25 21:09:38,133 [INFO] PluginManage:310 - Check plugin analytics
2026-02-25 21:09:38,420 [INFO] AnalyticsPlugin:253 - Accepted Software Licenses: 
2026-02-25 21:09:38,420 [INFO] AnalyticsPlugin:255 - Accepted CMSIS Pack Licenses: 
2026-02-25 21:09:38,420 [INFO] AnalyticsPlugin:257 - Accepted Firmware Licenses: FW.F4.1.28.0
2026-02-25 21:09:38,423 [INFO] PluginManage:359 - Loaded plugin analytics (category:tool,tabindex:-1)
2026-02-25 21:09:38,423 [INFO] PluginManage:310 - Check plugin cadmodel
2026-02-25 21:09:38,428 [INFO] CADModel:105 - Init CAD model plugin
2026-02-25 21:09:38,429 [INFO] PluginManage:359 - Loaded plugin cadmodel (category:power,tabindex:5)
2026-02-25 21:09:38,429 [INFO] PluginManage:310 - Check plugin clock
2026-02-25 21:09:38,438 [INFO] PluginManage:359 - Loaded plugin clock (category:base,tabindex:2)
2026-02-25 21:09:38,438 [INFO] PluginManage:310 - Check plugin ddr
2026-02-25 21:09:38,440 [INFO] PluginManage:359 - Loaded plugin ddr (category:tool,tabindex:6)
2026-02-25 21:09:38,440 [INFO] PluginManage:310 - Check plugin filemanager
2026-02-25 21:09:38,560 [INFO] PluginManage:359 - Loaded plugin filemanager (category:base,tabindex:10)
2026-02-25 21:09:38,560 [INFO] PluginManage:310 - Check plugin ipmanager
2026-02-25 21:09:38,564 [INFO] PluginManage:359 - Loaded plugin ipmanager (category:base,tabindex:5)
2026-02-25 21:09:38,564 [INFO] PluginManage:310 - Check plugin lpbam
2026-02-25 21:09:38,572 [INFO] PluginManage:359 - Loaded plugin lpbam (category:base,tabindex:0)
2026-02-25 21:09:38,572 [INFO] PluginManage:310 - Check plugin memorymap
2026-02-25 21:09:38,583 [INFO] PluginManage:359 - Loaded plugin memorymap (category:base,tabindex:4)
2026-02-25 21:09:38,583 [INFO] PluginManage:310 - Check plugin pinoutandconfiguration
2026-02-25 21:09:38,590 [INFO] PluginManage:359 - Loaded plugin pinoutandconfiguration (category:base,tabindex:1)
2026-02-25 21:09:38,590 [INFO] PluginManage:310 - Check plugin pinoutconfig
2026-02-25 21:09:38,668 [WARN] SupportedApi:132 - Cannot load RTOS API schema: s4s-elt-must-match.1: The content of 'definitions' must match (annotation?, (simpleType | complexType)?, (unique | key | keyref)*)). A problem was found starting at: attribute.
2026-02-25 21:09:38,788 [INFO] PluginManage:359 - Loaded plugin pinoutconfig (category:base,tabindex:0)
2026-02-25 21:09:38,788 [INFO] PluginManage:310 - Check plugin power
2026-02-25 21:09:38,796 [INFO] PluginManage:359 - Loaded plugin power (category:power,tabindex:4)
2026-02-25 21:09:38,796 [INFO] PluginManage:310 - Check plugin projectmanager
2026-02-25 21:09:38,809 [INFO] PluginManage:359 - Loaded plugin projectmanager (category:projectmanager,tabindex:4)
2026-02-25 21:09:38,809 [INFO] PluginManage:310 - Check plugin rif
2026-02-25 21:09:38,817 [INFO] PluginManage:359 - Loaded plugin rif (category:base,tabindex:3)
2026-02-25 21:09:38,818 [INFO] PluginManage:310 - Check plugin thirdparty
2026-02-25 21:09:38,928 [INFO] PluginManage:359 - Loaded plugin thirdparty (category:base,tabindex:-1)
2026-02-25 21:09:38,928 [WARN] IntegrityCheckThread:84 - waiting for thirdparty lock release [integrity check]
2026-02-25 21:09:38,929 [INFO] PluginManage:310 - Check plugin tools
2026-02-25 21:09:38,929 [INFO] IntegrityCheckThread:86 - entering critical section [integrity check]
2026-02-25 21:09:38,929 [INFO] ThirdPartyUpdaterWithRetryManager:70 - Updater plugin not ready yet. [1/15]
2026-02-25 21:09:38,931 [INFO] PluginManage:359 - Loaded plugin tools (category:base,tabindex:7)
2026-02-25 21:09:38,931 [INFO] PluginManage:310 - Check plugin tutovideos
2026-02-25 21:09:39,100 [INFO] PluginManage:359 - Loaded plugin tutovideos (category:base,tabindex:-1)
2026-02-25 21:09:39,100 [INFO] PluginManage:310 - Check plugin updater
2026-02-25 21:09:39,120 [INFO] PluginManage:359 - Loaded plugin updater (category:base,tabindex:12)
2026-02-25 21:09:39,120 [INFO] PluginManage:310 - Check plugin userauth
2026-02-25 21:09:39,125 [INFO] UserAuth:118 - Init User Auth plugin
2026-02-25 21:09:39,126 [INFO] PluginManage:359 - Loaded plugin userauth (category:base,tabindex:14)
2026-02-25 21:09:39,126 [INFO] PluginManage:283 - PluginManage : Loaded plugins [18]
2026-02-25 21:09:39,294 [INFO] PinOutPanel:1589 - setPackage(No Configuration,No Configuration)
2026-02-25 21:09:39,358 [INFO] CADModel:165 - CPN selected for project level
2026-02-25 21:09:39,358 [INFO] CADModel:114 - Register for checkConnection events
2026-02-25 21:09:39,369 [INFO] IPUIPlugin:80 - create IPUIPlugin
2026-02-25 21:09:39,369 [INFO] PluginManager:220 - loadIPPluginJar : add dfsdm
2026-02-25 21:09:39,374 [INFO] IPUIPlugin:80 - create IPUIPlugin
2026-02-25 21:09:39,374 [INFO] PluginManager:220 - loadIPPluginJar : add gfxmmu
2026-02-25 21:09:39,376 [INFO] IPUIPlugin:80 - create IPUIPlugin
2026-02-25 21:09:39,376 [INFO] PluginManager:220 - loadIPPluginJar : add i3c
2026-02-25 21:09:39,379 [INFO] IPUIPlugin:80 - create IPUIPlugin
2026-02-25 21:09:39,379 [INFO] PluginManager:220 - loadIPPluginJar : add sai
2026-02-25 21:09:39,384 [INFO] IPUIPlugin:80 - create IPUIPlugin
2026-02-25 21:09:39,384 [INFO] PluginManager:220 - loadIPPluginJar : add dma
2026-02-25 21:09:39,385 [INFO] IPUIPlugin:80 - create IPUIPlugin
2026-02-25 21:09:39,385 [INFO] PluginManager:220 - loadIPPluginJar : add quadspi
2026-02-25 21:09:39,388 [INFO] IPUIPlugin:80 - create IPUIPlugin
2026-02-25 21:09:39,388 [INFO] PluginManager:220 - loadIPPluginJar : add opamp
2026-02-25 21:09:39,390 [INFO] IPUIPlugin:80 - create IPUIPlugin
2026-02-25 21:09:39,390 [INFO] PluginManager:220 - loadIPPluginJar : add comp
2026-02-25 21:09:39,395 [INFO] IPUIPlugin:80 - create IPUIPlugin
2026-02-25 21:09:39,397 [INFO] PluginManager:220 - loadIPPluginJar : add plateformsettings
2026-02-25 21:09:39,398 [INFO] IPUIPlugin:80 - create IPUIPlugin
2026-02-25 21:09:39,398 [INFO] PluginManager:220 - loadIPPluginJar : add ltdc
2026-02-25 21:09:39,401 [INFO] IPUIPlugin:80 - create IPUIPlugin
2026-02-25 21:09:39,401 [INFO] PluginManager:220 - loadIPPluginJar : add nvic
2026-02-25 21:09:39,402 [INFO] IPUIPlugin:80 - create IPUIPlugin
2026-02-25 21:09:39,402 [INFO] PluginManager:220 - loadIPPluginJar : add fatfs
2026-02-25 21:09:39,406 [INFO] IPUIPlugin:80 - create IPUIPlugin
2026-02-25 21:09:39,406 [INFO] PluginManager:220 - loadIPPluginJar : add gpio
2026-02-25 21:09:39,408 [INFO] IPUIPlugin:80 - create IPUIPlugin
2026-02-25 21:09:39,409 [INFO] PluginManager:220 - loadIPPluginJar : add aes
2026-02-25 21:09:39,415 [INFO] IPUIPlugin:80 - create IPUIPlugin
2026-02-25 21:09:39,415 [INFO] PluginManager:220 - loadIPPluginJar : add mdma
2026-02-25 21:09:39,418 [INFO] IPUIPlugin:80 - create IPUIPlugin
2026-02-25 21:09:39,419 [INFO] PluginManager:220 - loadIPPluginJar : add pdm2pcm
2026-02-25 21:09:39,426 [INFO] IPUIPlugin:80 - create IPUIPlugin
2026-02-25 21:09:39,426 [INFO] PluginManager:220 - loadIPPluginJar : add linkedlist
2026-02-25 21:09:39,428 [INFO] IPUIPlugin:80 - create IPUIPlugin
2026-02-25 21:09:39,428 [INFO] PluginManager:220 - loadIPPluginJar : add usart
2026-02-25 21:09:39,431 [INFO] IPUIPlugin:80 - create IPUIPlugin
2026-02-25 21:09:39,431 [INFO] PluginManager:220 - loadIPPluginJar : add i2c
2026-02-25 21:09:39,434 [INFO] IPUIPlugin:80 - create IPUIPlugin
2026-02-25 21:09:39,434 [INFO] PluginManager:220 - loadIPPluginJar : add lorawan
2026-02-25 21:09:39,438 [INFO] IPUIPlugin:80 - create IPUIPlugin
2026-02-25 21:09:39,438 [INFO] PluginManager:220 - loadIPPluginJar : add usbx
2026-02-25 21:09:39,442 [INFO] IPUIPlugin:80 - create IPUIPlugin
2026-02-25 21:09:39,442 [INFO] PluginManager:220 - loadIPPluginJar : add fmc
2026-02-25 21:09:39,444 [INFO] IPUIPlugin:80 - create IPUIPlugin
2026-02-25 21:09:39,444 [INFO] PluginManager:220 - loadIPPluginJar : add extmemmanager
2026-02-25 21:09:39,450 [INFO] IPUIPlugin:80 - create IPUIPlugin
2026-02-25 21:09:39,450 [INFO] PluginManager:220 - loadIPPluginJar : add freertos
2026-02-25 21:09:39,453 [INFO] IPUIPlugin:80 - create IPUIPlugin
2026-02-25 21:09:39,453 [INFO] PluginManager:220 - loadIPPluginJar : add can
2026-02-25 21:09:39,456 [INFO] IPUIPlugin:80 - create IPUIPlugin
2026-02-25 21:09:39,456 [INFO] PluginManager:220 - loadIPPluginJar : add touchsensing
2026-02-25 21:09:39,458 [INFO] IPUIPlugin:80 - create IPUIPlugin
2026-02-25 21:09:39,458 [INFO] PluginManager:220 - loadIPPluginJar : add tracer_emb
2026-02-25 21:09:39,460 [INFO] IPUIPlugin:80 - create IPUIPlugin
2026-02-25 21:09:39,460 [INFO] PluginManager:220 - loadIPPluginJar : add ucpd
2026-02-25 21:09:39,462 [INFO] IPUIPlugin:80 - create IPUIPlugin
2026-02-25 21:09:39,462 [INFO] PluginManager:220 - loadIPPluginJar : add ts
2026-02-25 21:09:39,463 [INFO] IPUIPlugin:80 - create IPUIPlugin
2026-02-25 21:09:39,463 [INFO] PluginManager:220 - loadIPPluginJar : add tsc
2026-02-25 21:09:39,466 [INFO] IPUIPlugin:80 - create IPUIPlugin
2026-02-25 21:09:39,467 [INFO] PluginManager:220 - loadIPPluginJar : add resmgrutility
2026-02-25 21:09:39,468 [INFO] IPUIPlugin:80 - create IPUIPlugin
2026-02-25 21:09:39,468 [INFO] PluginManager:220 - loadIPPluginJar : add cryp
2026-02-25 21:09:39,470 [INFO] IPUIPlugin:80 - create IPUIPlugin
2026-02-25 21:09:39,471 [INFO] PluginManager:220 - loadIPPluginJar : add openamp
2026-02-25 21:09:39,475 [INFO] IPUIPlugin:80 - create IPUIPlugin
2026-02-25 21:09:39,475 [INFO] PluginManager:220 - loadIPPluginJar : add adc
2026-02-25 21:09:39,477 [INFO] IPUIPlugin:80 - create IPUIPlugin
2026-02-25 21:09:39,477 [INFO] PluginManager:220 - loadIPPluginJar : add spi
2026-02-25 21:09:39,480 [INFO] IPUIPlugin:80 - create IPUIPlugin
2026-02-25 21:09:39,480 [INFO] PluginManager:220 - loadIPPluginJar : add ipddr
2026-02-25 21:09:39,485 [INFO] IPUIPlugin:80 - create IPUIPlugin
2026-02-25 21:09:39,486 [INFO] PluginManager:220 - loadIPPluginJar : add stm32_wpan
2026-02-25 21:09:39,490 [INFO] IPUIPlugin:80 - create IPUIPlugin
2026-02-25 21:09:39,490 [INFO] PluginManager:220 - loadIPPluginJar : add gic
2026-02-25 21:09:39,492 [INFO] IPUIPlugin:80 - create IPUIPlugin
2026-02-25 21:09:39,493 [INFO] PluginManager:220 - loadIPPluginJar : add ddr_ctrl_phy
2026-02-25 21:09:39,494 [INFO] IPUIPlugin:80 - create IPUIPlugin
2026-02-25 21:09:39,494 [INFO] PluginManager:220 - loadIPPluginJar : add genericplugin
2026-02-25 21:09:39,495 [INFO] IPUIPlugin:80 - create IPUIPlugin
2026-02-25 21:09:39,496 [INFO] PluginManager:220 - loadIPPluginJar : add hash
2026-02-25 21:09:39,497 [INFO] IPUIPlugin:80 - create IPUIPlugin
2026-02-25 21:09:39,497 [INFO] PluginManager:220 - loadIPPluginJar : add tim
2026-02-25 21:09:39,498 [INFO] IPUIPlugin:80 - create IPUIPlugin
2026-02-25 21:09:39,498 [INFO] PluginManager:220 - loadIPPluginJar : add radio
2026-02-25 21:09:39,500 [INFO] IPUIPlugin:80 - create IPUIPlugin
2026-02-25 21:09:39,500 [INFO] PluginManager:220 - loadIPPluginJar : add gtzc
2026-02-25 21:09:39,502 [INFO] IPUIPlugin:80 - create IPUIPlugin
2026-02-25 21:09:39,502 [INFO] PluginManager:220 - loadIPPluginJar : add i2s
2026-02-25 21:09:39,503 [INFO] IPUIPlugin:80 - create IPUIPlugin
2026-02-25 21:09:39,503 [INFO] PluginManager:220 - loadIPPluginJar : add dma3
2026-02-25 21:09:39,600 [FATAL] Updater:351 - Updater called before beeing initialized
2026-02-25 21:09:39,627 [INFO] RulesReader:64 - Compatibility file has been processed (317 Rules)
2026-02-25 21:09:39,641 [INFO] RulesReader:64 - Compatibility file has been processed (317 Rules)
2026-02-25 21:09:39,647 [INFO] CADModel:165 - CPN selected for project level
2026-02-25 21:09:39,647 [INFO] CADModel:114 - Register for checkConnection events
2026-02-25 21:09:39,647 [FATAL] Updater:351 - Updater called before beeing initialized
2026-02-25 21:09:39,647 [ERROR] CADModel:125 - Updater not yet initialized, retry later 
2026-02-25 21:09:39,745 [FATAL] Updater:351 - Updater called before beeing initialized
2026-02-25 21:09:39,746 [INFO] CADModel:165 - CPN selected for project level
2026-02-25 21:09:39,746 [INFO] CADModel:114 - Register for checkConnection events
2026-02-25 21:09:39,746 [FATAL] Updater:351 - Updater called before beeing initialized
2026-02-25 21:09:39,746 [ERROR] CADModel:125 - Updater not yet initialized, retry later 
2026-02-25 21:09:39,749 [FATAL] Updater:351 - Updater called before beeing initialized
2026-02-25 21:09:39,819 [FATAL] Updater:351 - Updater called before beeing initialized
2026-02-25 21:09:39,822 [INFO] DbMcusAds:53 - JSON generation date=Wed Feb 18 20:02:49 IST 2026 (1771425169665)
2026-02-25 21:09:39,822 [FATAL] Updater:351 - Updater called before beeing initialized
2026-02-25 21:09:39,848 [WARN] DetailPanel:346 - Failed to get advertising image, set to default
2026-02-25 21:09:39,905 [FATAL] Updater:351 - Updater called before beeing initialized
2026-02-25 21:09:39,907 [FATAL] Updater:351 - Updater called before beeing initialized
2026-02-25 21:09:39,907 [FATAL] Updater:351 - Updater called before beeing initialized
2026-02-25 21:09:39,907 [WARN] DetailPanel:346 - Failed to get advertising image, set to default
2026-02-25 21:09:39,908 [FATAL] Updater:351 - Updater called before beeing initialized
2026-02-25 21:09:39,933 [ERROR] Updater:1198 - MainUpdater not yet initialized. External WinMGr cannot be set.
2026-02-25 21:09:39,934 [INFO] Updater:1134 - Updater Version found : 6.15.0
2026-02-25 21:09:39,949 [INFO] ApplicationProperties:184 - Using Application install path: /opt/st/stm32cubeide_1.19.0/plugins/com.st.stm32cube.common.mx_6.15.0.202507011659
2026-02-25 21:09:40,419 [INFO] MainUpdater:2872 - connection check result : 10
2026-02-25 21:09:40,419 [INFO] MainUpdater:3604 - Updater definition file requires update
2026-02-25 21:09:40,420 [INFO] MainUpdater:289 - Updater Check For Update Now.
2026-02-25 21:09:40,420 [INFO] MicroXplorer:498 - Change Database Version : DB.6.0.150
2026-02-25 21:09:40,431 [INFO] McuFinderGlobals:63 - Set McuFinder mode to 2 (CubeIDE integrated)
2026-02-25 21:09:40,431 [INFO] UserAuth:171 - activating auth plugin
2026-02-25 21:09:40,434 [INFO] UserAuth:487 - Internet connection configuration mode: 1
2026-02-25 21:09:40,451 [INFO] JxBrowserEngine:152 - Initiate JxBrowser Engine with user profile folder
2026-02-25 21:09:40,611 [INFO] ServerAccessManage:452 - Complete download http(s) 200
2026-02-25 21:09:40,612 [INFO] ServerAccessManage:509 - Download File updaters.zip
2026-02-25 21:09:41,146 [INFO] WebApp:169 - Instantiating new browser for Auth
2026-02-25 21:09:41,319 [INFO] FileExtend:248 - Unzip File : updaters.zip
2026-02-25 21:09:41,319 [INFO] FileExtend:263 - Standard Zip Deflate
2026-02-25 21:09:41,930 [WARN] MainUpdater:1193 - Updater busy. Cannot search thirdparties
2026-02-25 21:09:41,930 [INFO] ThirdPartyUpdaterWithRetryManager:96 - Updater plugin is busy. [1/15]
2026-02-25 21:09:41,946 [INFO] ServerAccessManage:452 - Complete download http(s) 200
2026-02-25 21:09:41,946 [INFO] ServerAccessManage:509 - Download File PacksControlFlags.xml
2026-02-25 21:09:42,029 [INFO] WebApp:463 - Apply proxy settings
2026-02-25 21:09:42,029 [INFO] WebApp:548 - Chromium requires no authentication
2026-02-25 21:09:42,039 [INFO] WebApp:491 - Direct internet connection detected
2026-02-25 21:09:42,065 [INFO] WebApp:900 - Register for checkConnection events
2026-02-25 21:09:42,065 [INFO] WebApp:463 - Apply proxy settings
2026-02-25 21:09:42,066 [INFO] WebApp:548 - Chromium requires no authentication
2026-02-25 21:09:42,067 [INFO] WebApp:491 - Direct internet connection detected
2026-02-25 21:09:42,161 [INFO] ServerAccessManage:452 - Complete download http(s) 200
2026-02-25 21:09:42,161 [INFO] ServerAccessManage:509 - Download File cubemx.pidx
2026-02-25 21:09:42,281 [INFO] WebApp:225 - Starting web application
2026-02-25 21:09:42,282 [INFO] WebApp:593 - Web application path used /opt/st/stm32cubeide_1.19.0/plugins/com.st.stm32cube.common.mx_6.15.0.202507011659/db/plugins/mcufinder/reactClient1/index.html
2026-02-25 21:09:42,320 [INFO] LoadServerUpdatesThread:375 - End of LoadServerUpdate Thread
2026-02-25 21:09:42,493 [INFO] CheckServerUpdateThread:120 - End of CheckServer Thread
2026-02-25 21:09:42,610 [INFO] WebApp:191 - Connection restablished
2026-02-25 21:09:45,032 [WARN] PackLoader:240 - Cannot read IP mode file for STMicroelectronics.FP-SNS-MOTENVWB1.1.4.0
2026-02-25 21:09:45,038 [WARN] PackLoader:240 - Cannot read IP mode file for STMicroelectronics.FP-ATR-ASTRA1.2.0.2
2026-02-25 21:09:45,043 [WARN] PackLoader:240 - Cannot read IP mode file for STMicroelectronics.X-CUBE-SMBUS.2.1.0
2026-02-25 21:09:45,047 [WARN] PackLoader:240 - Cannot read IP mode file for STMicroelectronics.X-CUBE-ST60.1.0.0
2026-02-25 21:09:45,074 [WARN] PackLoader:240 - Cannot read IP mode file for STMicroelectronics.X-CUBE-AZRTOS-F7.1.1.0
2026-02-25 21:09:45,080 [WARN] PackLoader:240 - Cannot read IP mode file for STMicroelectronics.FP-SNS-MOTENV1.5.1.0
2026-02-25 21:09:45,101 [WARN] PackLoader:240 - Cannot read IP mode file for Infineon.AIROC-Wi-Fi-Bluetooth-STM32.1.7.1
2026-02-25 21:09:45,124 [WARN] PackLoader:240 - Cannot read IP mode file for STMicroelectronics.X-CUBE-AZRTOS-H7.3.4.0
2026-02-25 21:09:45,131 [WARN] PackLoader:240 - Cannot read IP mode file for STMicroelectronics.X-CUBE-DISPLAY.3.0.0
2026-02-25 21:09:45,139 [WARN] PackLoader:240 - Cannot read IP mode file for STMicroelectronics.FP-SNS-MOTENVWB1.1.5.0
2026-02-25 21:09:45,146 [WARN] PackLoader:240 - Cannot read IP mode file for STMicroelectronics.X-CUBE-NFC10.1.0.0
2026-02-25 21:09:45,159 [WARN] PackLoader:240 - Cannot read IP mode file for STMicroelectronics.X-CUBE-BLEMGR.4.0.0
2026-02-25 21:09:45,167 [WARN] PackLoader:240 - Cannot read IP mode file for STMicroelectronics.X-CUBE-ST60.1.1.0
2026-02-25 21:09:45,172 [WARN] PackLoader:240 - Cannot read IP mode file for emotas.I-CUBE-CANOPEN.1.3.0
2026-02-25 21:09:45,178 [WARN] PackLoader:240 - Cannot read IP mode file for STMicroelectronics.X-CUBE-GNSS1.7.1.0
2026-02-25 21:09:45,184 [WARN] ConditionMgr:438 - getConditionDescription Invalid condition id : Cortex-A Device cause : null
2026-02-25 21:09:45,196 [WARN] ConditionMgr:1044 - genDependencies : Invalid condition id : Cortex-A Device cause : null
2026-02-25 21:09:45,196 [WARN] ConditionMgr:1044 - genDependencies : Invalid condition id : Cortex-A Device cause : null
2026-02-25 21:09:45,196 [WARN] ConditionMgr:1044 - genDependencies : Invalid condition id : Cortex-A Device cause : null
2026-02-25 21:09:45,203 [WARN] PackLoader:240 - Cannot read IP mode file for STMicroelectronics.FP-SNS-STBOX1.2.1.0
2026-02-25 21:09:45,208 [WARN] PackLoader:240 - Cannot read IP mode file for STMicroelectronics.FP-SNS-SMARTAG2.1.2.0
2026-02-25 21:09:45,212 [WARN] PackLoader:240 - Cannot read IP mode file for STMicroelectronics.FP-SNS-FLIGHT1.5.1.0
2026-02-25 21:09:45,221 [INFO] LogOutputStream:77 - [STDOUT_REDIRECT] 1 : Invalid condition id : UX_CORESTACK_Condition cause : null
2026-02-25 21:09:45,222 [INFO] LogOutputStream:77 - [STDOUT_REDIRECT] 1 : Invalid condition id : UX_CORESTACK_Condition cause : null
2026-02-25 21:09:45,222 [INFO] LogOutputStream:77 - [STDOUT_REDIRECT] 1 : Invalid condition id : UX_CORESTACK_Condition cause : null
2026-02-25 21:09:45,223 [INFO] LogOutputStream:77 - [STDOUT_REDIRECT] 1 : Invalid condition id : UX_CORESTACK_Condition cause : null
2026-02-25 21:09:45,223 [INFO] LogOutputStream:77 - [STDOUT_REDIRECT] 1 : Invalid condition id : UX_CORESTACK_Condition cause : null
2026-02-25 21:09:45,225 [WARN] PackLoader:240 - Cannot read IP mode file for STMicroelectronics.X-CUBE-AZRTOS-WL.2.0.0
2026-02-25 21:09:45,229 [WARN] PackLoader:240 - Cannot read IP mode file for STMicroelectronics.FP-SNS-MOTENV1.5.0.0
2026-02-25 21:09:45,242 [WARN] PackLoader:240 - Cannot read IP mode file for STMicroelectronics.X-CUBE-AZRTOS-H7RS.1.2.0
2026-02-25 21:09:45,249 [WARN] PackLoader:240 - Cannot read IP mode file for WES.I-CUBE-Cesium.1.3.0
2026-02-25 21:09:45,255 [WARN] PackLoader:240 - Cannot read IP mode file for STMicroelectronics.X-CUBE-BLE2.3.3.0
2026-02-25 21:09:45,265 [WARN] PackLoader:240 - Cannot read IP mode file for STMicroelectronics.X-CUBE-NFC9.1.0.0
2026-02-25 21:09:45,269 [WARN] PackLoader:240 - Cannot read IP mode file for wolfSSL.I-CUBE-wolfSSL.5.8.0
2026-02-25 21:09:45,273 [WARN] PackLoader:240 - Cannot read IP mode file for STMicroelectronics.X-CUBE-BLE1.7.1.0
2026-02-25 21:09:45,275 [WARN] PackLoader:240 - Cannot read IP mode file for wolfSSL.I-CUBE-wolfMQTT.1.19.2
2026-02-25 21:09:45,279 [WARN] PackLoader:240 - Cannot read IP mode file for STMicroelectronics.X-CUBE-FREERTOS.1.4.0
2026-02-25 21:09:45,284 [WARN] PackLoader:240 - Cannot read IP mode file for STMicroelectronics.X-CUBE-EEPRMA1.5.2.0
2026-02-25 21:09:45,291 [WARN] PackLoader:240 - Cannot read IP mode file for STMicroelectronics.X-CUBE-ST67W61.1.1.0
2026-02-25 21:09:45,308 [WARN] PackLoader:240 - Cannot read IP mode file for STMicroelectronics.X-CUBE-AI.10.1.0
2026-02-25 21:09:45,345 [WARN] PackLoader:240 - Cannot read IP mode file for STMicroelectronics.X-CUBE-MEMS1.12.0.0
2026-02-25 21:09:45,434 [WARN] PackLoader:240 - Cannot read IP mode file for STMicroelectronics.X-CUBE-AZRTOS-G0.1.1.0
2026-02-25 21:09:45,439 [WARN] PackLoader:240 - Cannot read IP mode file for STMicroelectronics.X-CUBE-SAFEA1.1.2.2
2026-02-25 21:09:45,443 [WARN] PackLoader:240 - Cannot read IP mode file for STMicroelectronics.X-CUBE-NFC4.3.0.0
2026-02-25 21:09:45,448 [WARN] PackLoader:240 - Cannot read IP mode file for EmbeddedOffice.I-CUBE-FS-RTOS.1.0.1
2026-02-25 21:09:45,454 [WARN] PackLoader:240 - Cannot read IP mode file for STMicroelectronics.X-CUBE-WB05N.2.0.0
2026-02-25 21:09:45,458 [WARN] PackLoader:240 - Cannot read IP mode file for wolfSSL.I-CUBE-wolfTPM.3.8.0
2026-02-25 21:09:45,464 [WARN] PackLoader:240 - Cannot read IP mode file for STMicroelectronics.X-CUBE-TCPP.4.2.0
2026-02-25 21:09:45,468 [WARN] PackLoader:240 - Cannot read IP mode file for RealThread.X-CUBE-RT-Thread_Nano.4.1.1
2026-02-25 21:09:45,471 [WARN] PackLoader:240 - Cannot read IP mode file for STMicroelectronics.FP-ATR-SIGFOX1.3.2.0
2026-02-25 21:09:45,474 [WARN] PackLoader:240 - Cannot read IP mode file for STMicroelectronics.X-CUBE-EEPRMA1.5.1.0
2026-02-25 21:09:45,478 [WARN] PackLoader:240 - Cannot read IP mode file for ITTIA_DB.I-CUBE-ITTIADB.8.9.0
2026-02-25 21:09:45,484 [WARN] PackLoader:240 - Cannot read IP mode file for STMicroelectronics.X-CUBE-NFC6.3.2.0
2026-02-25 21:09:45,494 [WARN] PackLoader:240 - Cannot read IP mode file for STMicroelectronics.X-CUBE-ST67W61.1.0.0
2026-02-25 21:09:45,498 [WARN] PackLoader:240 - Cannot read IP mode file for STMicroelectronics.X-CUBE-AI.10.2.0
2026-02-25 21:09:45,520 [WARN] PackLoader:240 - Cannot read IP mode file for SEGGER.I-CUBE-embOS.1.3.1
2026-02-25 21:09:45,558 [WARN] PackLoader:240 - Cannot read IP mode file for STMicroelectronics.X-CUBE-ALGOBUILD.1.4.0
2026-02-25 21:09:45,594 [WARN] PackLoader:240 - Cannot read IP mode file for STMicroelectronics.X-CUBE-MEMS1.11.3.0
2026-02-25 21:09:45,706 [WARN] PackLoader:240 - Cannot read IP mode file for STMicroelectronics.X-CUBE-PM33A1.1.0.0
2026-02-25 21:09:45,716 [WARN] PackLoader:240 - Cannot read IP mode file for STMicroelectronics.X-CUBE-AZRTOS-F4.1.1.0
2026-02-25 21:09:45,721 [WARN] PackLoader:240 - Cannot read IP mode file for Avnet-IotConnect.X-CUBE-IoTC-DA16k-PMOD.1.0.0
2026-02-25 21:09:45,723 [WARN] PackLoader:240 - Cannot read IP mode file for STMicroelectronics.X-CUBE-ISPU.2.1.0
2026-02-25 21:09:45,732 [WARN] PackLoader:240 - Cannot read IP mode file for STMicroelectronics.X-CUBE-IPS.3.2.0
2026-02-25 21:09:45,740 [WARN] PackLoader:240 - Cannot read IP mode file for STMicroelectronics.X-CUBE-NFC12.1.0.0
2026-02-25 21:09:45,752 [WARN] PackLoader:240 - Cannot read IP mode file for STMicroelectronics.X-CUBE-AZRTOS-L5.2.0.0
2026-02-25 21:09:45,759 [WARN] PackLoader:240 - Cannot read IP mode file for STMicroelectronics.X-CUBE-NFC6.3.1.0
2026-02-25 21:09:45,763 [WARN] PackLoader:240 - Cannot read IP mode file for STMicroelectronics.X-CUBE-FREERTOS.1.3.1
2026-02-25 21:09:45,767 [WARN] PackLoader:240 - Cannot read IP mode file for STMicroelectronics.X-CUBE-TOUCHGFX.4.26.0
2026-02-25 21:09:45,769 [WARN] PackLoader:240 - Cannot read IP mode file for STMicroelectronics.FP-SNS-STAIOTCFT.1.0.0
2026-02-25 21:09:45,772 [WARN] PackLoader:240 - Cannot read IP mode file for STMicroelectronics.X-CUBE-DPower.1.3.0
2026-02-25 21:09:45,783 [WARN] ConditionMgr:438 - getConditionDescription Invalid condition id : LAN8742 Phy interface Condition cause : null
2026-02-25 21:09:45,784 [WARN] PackLoader:240 - Cannot read IP mode file for STMicroelectronics.X-CUBE-AZRTOS-L4.2.0.0
2026-02-25 21:09:45,786 [WARN] ConditionMgr:1044 - genDependencies : Invalid condition id : LAN8742 Phy interface Condition cause : null
2026-02-25 21:09:45,786 [WARN] ConditionMgr:1044 - genDependencies : Invalid condition id : LAN8742 Phy interface Condition cause : null
2026-02-25 21:09:45,787 [WARN] ConditionMgr:1044 - genDependencies : Invalid condition id : LAN8742 Phy interface Condition cause : null
2026-02-25 21:09:45,792 [WARN] PackLoader:240 - Cannot read IP mode file for STMicroelectronics.X-CUBE-SFXS2LP1.4.0.0
2026-02-25 21:09:45,796 [WARN] PackLoader:240 - Cannot read IP mode file for STMicroelectronics.X-CUBE-ST67W61.1.2.0
2026-02-25 21:09:45,805 [WARN] PackLoader:240 - Cannot read IP mode file for STMicroelectronics.X-CUBE-BLEMGR.4.1.0
2026-02-25 21:09:45,814 [WARN] ConditionMgr:438 - getConditionDescription Invalid condition id : UX DEVICE CLASS RTOS Condition cause : null
2026-02-25 21:09:45,814 [WARN] ConditionMgr:438 - getConditionDescription Invalid condition id : UX DEVICE CLASS RTOS Condition cause : null
2026-02-25 21:09:45,815 [WARN] PackLoader:240 - Cannot read IP mode file for STMicroelectronics.X-CUBE-AZRTOS-WB.2.0.0
2026-02-25 21:09:45,816 [WARN] ConditionMgr:1044 - genDependencies : Invalid condition id : UX DEVICE CLASS RTOS Condition cause : null
2026-02-25 21:09:45,816 [WARN] ConditionMgr:1044 - genDependencies : Invalid condition id : UX DEVICE CLASS RTOS Condition cause : null
2026-02-25 21:09:45,816 [WARN] ConditionMgr:1044 - genDependencies : Invalid condition id : UX DEVICE CLASS RTOS Condition cause : null
2026-02-25 21:09:45,817 [WARN] ConditionMgr:1044 - genDependencies : Invalid condition id : UX DEVICE CLASS RTOS Condition cause : null
2026-02-25 21:09:45,817 [WARN] ConditionMgr:1044 - genDependencies : Invalid condition id : UX DEVICE CLASS RTOS Condition cause : null
2026-02-25 21:09:45,821 [WARN] PackLoader:240 - Cannot read IP mode file for STMicroelectronics.X-CUBE-GNSS1.7.0.1
2026-02-25 21:09:45,825 [WARN] PackLoader:240 - Cannot read IP mode file for STMicroelectronics.X-CUBE-TOUCHGFX.4.25.0
2026-02-25 21:09:45,829 [WARN] PackLoader:240 - Cannot read IP mode file for STMicroelectronics.FP-SNS-STBOX1.2.0.0
2026-02-25 21:09:45,834 [WARN] PackLoader:240 - Cannot read IP mode file for STMicroelectronics.X-CUBE-STSE01.2.0.0
2026-02-25 21:09:45,841 [WARN] PackLoader:240 - Cannot read IP mode file for STMicroelectronics.X-CUBE-SUBG2.5.0.0
2026-02-25 21:09:45,857 [WARN] PackLoader:240 - Cannot read IP mode file for STMicroelectronics.X-CUBE-AZRTOS-H7RS.1.1.0
2026-02-25 21:09:45,861 [WARN] PackLoader:240 - Cannot read IP mode file for Cesanta.I-CUBE-Mongoose.7.13.0
2026-02-25 21:09:45,871 [WARN] PackLoader:240 - Cannot read IP mode file for STMicroelectronics.X-CUBE-AZRTOS-G4.2.0.0
2026-02-25 21:09:45,874 [WARN] PackLoader:240 - Cannot read IP mode file for wolfSSL.I-CUBE-wolfSSH.1.4.20
2026-02-25 21:09:45,877 [WARN] PackLoader:240 - Cannot read IP mode file for STMicroelectronics.X-CUBE-NFC7.2.0.0
2026-02-25 21:09:45,886 [WARN] PackLoader:240 - Cannot read IP mode file for STMicroelectronics.X-CUBE-IPS.3.1.0
2026-02-25 21:09:45,894 [WARN] PackLoader:240 - Cannot read IP mode file for STMicroelectronics.X-CUBE-ALS.1.0.2
2026-02-25 21:09:45,897 [WARN] PackLoader:240 - Cannot read IP mode file for STMicroelectronics.X-CUBE-STSE01.1.0.0
2026-02-25 21:09:45,902 [WARN] PackLoader:240 - Cannot read IP mode file for portGmbH.I-Cube-SoM-uGOAL.1.1.0
2026-02-25 21:09:45,907 [WARN] PackLoader:240 - Cannot read IP mode file for STMicroelectronics.X-CUBE-TOF1.3.4.3
2026-02-25 21:09:45,914 [INFO] ThirdParty:978 - Integrity check success = true
2026-02-25 21:09:45,915 [INFO] IntegrityCheckThread:100 - exiting critical section [integrity check]
2026-02-25 21:09:45,915 [INFO] IntegrityCheckThread:103 - End integrity checks thread
2026-02-25 22:37:17,525 [INFO] WebApp:194 - Connection lost
2026-02-25 22:37:23,035 [INFO] WebApp:191 - Connection restablished
2026-02-25 22:37:26,579 [INFO] WebApp:194 - Connection lost
2026-02-25 22:37:27,385 [INFO] WebApp:191 - Connection restablished
