2026-03-13 12:38:58,143 [INFO] Activator:176 - 


2026-03-13 12:38:58,147 [INFO] Activator:177 - !SESSION log4j initialized
2026-03-13 12:39:01,469 [INFO] LogOutputStream:77 - [STDOUT_REDIRECT] 
2026-03-13 12:39:02,513 [INFO] ApplicationProperties:184 - Using Application install path: /opt/st/stm32cubeide_1.19.0/plugins/com.st.stm32cube.common.mx_6.15.0.202507011659
2026-03-13 12:39:02,535 [INFO] DbMcusXml:78 - Set database path to: /opt/st/stm32cubeide_1.19.0/plugins/com.st.stm32cube.common.mx_6.15.0.202507011659//db//mcu/
2026-03-13 12:39:02,536 [INFO] ApiDb:274 - Set plugin database path to: /opt/st/stm32cubeide_1.19.0/plugins/com.st.stm32cube.common.mx_6.15.0.202507011659//db//plugins/boardmanager/
2026-03-13 12:39:02,536 [WARN] ApiDb:259 - Overriding images path with different value:  => /opt/st/stm32cubeide_1.19.0/plugins/com.st.stm32cube.common.mx_6.15.0.202507011659//db//plugins/mcufinder/images/
2026-03-13 12:39:02,544 [INFO] ApiDb:250 - Set database path to: /home/sunbeam/.stmcufinder/plugins/mcufinder//mcu/
2026-03-13 12:39:02,545 [INFO] DbMcusAds:125 - Set database path to: /home/sunbeam/.stmcufinder/plugins/mcufinder//mcu/
2026-03-13 12:39:02,547 [INFO] CrossReferenceDbSqlite:203 - Set database path to: /home/sunbeam/.stmcufinder/plugins/mcufinder//mcu/cs/
2026-03-13 12:39:02,655 [INFO] RulesReader:64 - Compatibility file has been processed (317 Rules)
2026-03-13 12:39:02,709 [INFO] DbMcusXml:78 - Set database path to: /opt/st/stm32cubeide_1.19.0/plugins/com.st.stm32cube.common.mx_6.15.0.202507011659//db//mcu/
2026-03-13 12:39:02,710 [INFO] ApiDb:274 - Set plugin database path to: /opt/st/stm32cubeide_1.19.0/plugins/com.st.stm32cube.common.mx_6.15.0.202507011659//db//plugins/boardmanager/
2026-03-13 12:39:02,710 [INFO] ApiDb:261 - Set plugin images path to: /opt/st/stm32cubeide_1.19.0/plugins/com.st.stm32cube.common.mx_6.15.0.202507011659//db//plugins/mcufinder/images/
2026-03-13 12:39:02,710 [WARN] DbFile:41 - Overriding database path with different value: /home/sunbeam/.stmcufinder/plugins/mcufinder/ => /home/sunbeam/.stmcufinder/plugins/mcufinder
2026-03-13 12:39:02,710 [INFO] ApiDb:250 - Set database path to: /home/sunbeam/.stmcufinder/plugins/mcufinder//mcu/
2026-03-13 12:39:02,710 [WARN] DbFile:41 - Overriding database path with different value: /home/sunbeam/.stmcufinder/plugins/mcufinder/ => /home/sunbeam/.stmcufinder/plugins/mcufinder
2026-03-13 12:39:02,710 [INFO] DbMcusAds:125 - Set database path to: /home/sunbeam/.stmcufinder/plugins/mcufinder//mcu/
2026-03-13 12:39:02,710 [WARN] DbFile:41 - Overriding database path with different value: /home/sunbeam/.stmcufinder/plugins/mcufinder/ => /home/sunbeam/.stmcufinder/plugins/mcufinder
2026-03-13 12:39:02,710 [WARN] DbFile:41 - Overriding database path with different value: /home/sunbeam/.stmcufinder/plugins/mcufinder/ => /home/sunbeam/.stmcufinder/plugins/mcufinder
2026-03-13 12:39:02,710 [INFO] CrossReferenceDbSqlite:203 - Set database path to: /home/sunbeam/.stmcufinder/plugins/mcufinder//mcu/cs/
2026-03-13 12:39:02,761 [INFO] MainPanel:274 - HeapMemory: 268435456
2026-03-13 12:39:02,870 [INFO] DbMcusXml:78 - Set database path to: /opt/st/stm32cubeide_1.19.0/plugins/com.st.stm32cube.common.mx_6.15.0.202507011659//db//mcu/
2026-03-13 12:39:02,871 [INFO] ApiDb:274 - Set plugin database path to: /opt/st/stm32cubeide_1.19.0/plugins/com.st.stm32cube.common.mx_6.15.0.202507011659//db//plugins/boardmanager/
2026-03-13 12:39:02,871 [INFO] ApiDb:261 - Set plugin images path to: /opt/st/stm32cubeide_1.19.0/plugins/com.st.stm32cube.common.mx_6.15.0.202507011659//db//plugins/mcufinder/images/
2026-03-13 12:39:02,871 [WARN] DbFile:41 - Overriding database path with different value: /home/sunbeam/.stmcufinder/plugins/mcufinder/ => /home/sunbeam/.stmcufinder/plugins/mcufinder
2026-03-13 12:39:02,871 [INFO] ApiDb:250 - Set database path to: /home/sunbeam/.stmcufinder/plugins/mcufinder//mcu/
2026-03-13 12:39:02,871 [WARN] DbFile:41 - Overriding database path with different value: /home/sunbeam/.stmcufinder/plugins/mcufinder/ => /home/sunbeam/.stmcufinder/plugins/mcufinder
2026-03-13 12:39:02,871 [INFO] DbMcusAds:125 - Set database path to: /home/sunbeam/.stmcufinder/plugins/mcufinder//mcu/
2026-03-13 12:39:02,872 [WARN] DbFile:41 - Overriding database path with different value: /home/sunbeam/.stmcufinder/plugins/mcufinder/ => /home/sunbeam/.stmcufinder/plugins/mcufinder
2026-03-13 12:39:02,872 [WARN] DbFile:41 - Overriding database path with different value: /home/sunbeam/.stmcufinder/plugins/mcufinder/ => /home/sunbeam/.stmcufinder/plugins/mcufinder
2026-03-13 12:39:02,872 [INFO] CrossReferenceDbSqlite:203 - Set database path to: /home/sunbeam/.stmcufinder/plugins/mcufinder//mcu/cs/
2026-03-13 12:39:02,886 [INFO] ApplicationProperties:184 - Using Application install path: /opt/st/stm32cubeide_1.19.0/plugins/com.st.stm32cube.common.mx_6.15.0.202507011659
2026-03-13 12:39:02,887 [INFO] PluginManage:196 - Search for loadable plugins [exclusion list=, ]
2026-03-13 12:39:02,889 [INFO] PluginManage:310 - Check plugin analytics
2026-03-13 12:39:03,062 [INFO] AnalyticsPlugin:253 - Accepted Software Licenses: 
2026-03-13 12:39:03,062 [INFO] AnalyticsPlugin:255 - Accepted CMSIS Pack Licenses: 
2026-03-13 12:39:03,063 [INFO] AnalyticsPlugin:257 - Accepted Firmware Licenses: FW.F4.1.28.0
2026-03-13 12:39:03,065 [INFO] PluginManage:359 - Loaded plugin analytics (category:tool,tabindex:-1)
2026-03-13 12:39:03,066 [INFO] PluginManage:310 - Check plugin cadmodel
2026-03-13 12:39:03,071 [INFO] CADModel:105 - Init CAD model plugin
2026-03-13 12:39:03,071 [INFO] PluginManage:359 - Loaded plugin cadmodel (category:power,tabindex:5)
2026-03-13 12:39:03,072 [INFO] PluginManage:310 - Check plugin clock
2026-03-13 12:39:03,081 [INFO] PluginManage:359 - Loaded plugin clock (category:base,tabindex:2)
2026-03-13 12:39:03,082 [INFO] PluginManage:310 - Check plugin ddr
2026-03-13 12:39:03,084 [INFO] PluginManage:359 - Loaded plugin ddr (category:tool,tabindex:6)
2026-03-13 12:39:03,085 [INFO] PluginManage:310 - Check plugin filemanager
2026-03-13 12:39:03,228 [INFO] PluginManage:359 - Loaded plugin filemanager (category:base,tabindex:10)
2026-03-13 12:39:03,229 [INFO] PluginManage:310 - Check plugin ipmanager
2026-03-13 12:39:03,235 [INFO] PluginManage:359 - Loaded plugin ipmanager (category:base,tabindex:5)
2026-03-13 12:39:03,235 [INFO] PluginManage:310 - Check plugin lpbam
2026-03-13 12:39:03,244 [INFO] PluginManage:359 - Loaded plugin lpbam (category:base,tabindex:0)
2026-03-13 12:39:03,245 [INFO] PluginManage:310 - Check plugin memorymap
2026-03-13 12:39:03,256 [INFO] PluginManage:359 - Loaded plugin memorymap (category:base,tabindex:4)
2026-03-13 12:39:03,256 [INFO] PluginManage:310 - Check plugin pinoutandconfiguration
2026-03-13 12:39:03,266 [INFO] PluginManage:359 - Loaded plugin pinoutandconfiguration (category:base,tabindex:1)
2026-03-13 12:39:03,266 [INFO] PluginManage:310 - Check plugin pinoutconfig
2026-03-13 12:39:03,337 [WARN] SupportedApi:132 - Cannot load RTOS API schema: s4s-elt-must-match.1: The content of 'definitions' must match (annotation?, (simpleType | complexType)?, (unique | key | keyref)*)). A problem was found starting at: attribute.
2026-03-13 12:39:03,445 [INFO] PluginManage:359 - Loaded plugin pinoutconfig (category:base,tabindex:0)
2026-03-13 12:39:03,446 [INFO] PluginManage:310 - Check plugin power
2026-03-13 12:39:03,455 [INFO] PluginManage:359 - Loaded plugin power (category:power,tabindex:4)
2026-03-13 12:39:03,455 [INFO] PluginManage:310 - Check plugin projectmanager
2026-03-13 12:39:03,467 [INFO] PluginManage:359 - Loaded plugin projectmanager (category:projectmanager,tabindex:4)
2026-03-13 12:39:03,468 [INFO] PluginManage:310 - Check plugin rif
2026-03-13 12:39:03,475 [INFO] PluginManage:359 - Loaded plugin rif (category:base,tabindex:3)
2026-03-13 12:39:03,476 [INFO] PluginManage:310 - Check plugin thirdparty
2026-03-13 12:39:03,589 [INFO] PluginManage:359 - Loaded plugin thirdparty (category:base,tabindex:-1)
2026-03-13 12:39:03,589 [WARN] IntegrityCheckThread:84 - waiting for thirdparty lock release [integrity check]
2026-03-13 12:39:03,589 [INFO] PluginManage:310 - Check plugin tools
2026-03-13 12:39:03,589 [INFO] IntegrityCheckThread:86 - entering critical section [integrity check]
2026-03-13 12:39:03,589 [INFO] ThirdPartyUpdaterWithRetryManager:70 - Updater plugin not ready yet. [1/15]
2026-03-13 12:39:03,591 [INFO] PluginManage:359 - Loaded plugin tools (category:base,tabindex:7)
2026-03-13 12:39:03,591 [INFO] PluginManage:310 - Check plugin tutovideos
2026-03-13 12:39:03,758 [INFO] PluginManage:359 - Loaded plugin tutovideos (category:base,tabindex:-1)
2026-03-13 12:39:03,758 [INFO] PluginManage:310 - Check plugin updater
2026-03-13 12:39:03,777 [INFO] PluginManage:359 - Loaded plugin updater (category:base,tabindex:12)
2026-03-13 12:39:03,777 [INFO] PluginManage:310 - Check plugin userauth
2026-03-13 12:39:03,780 [INFO] UserAuth:118 - Init User Auth plugin
2026-03-13 12:39:03,781 [INFO] PluginManage:359 - Loaded plugin userauth (category:base,tabindex:14)
2026-03-13 12:39:03,781 [INFO] PluginManage:283 - PluginManage : Loaded plugins [18]
2026-03-13 12:39:03,922 [INFO] PinOutPanel:1589 - setPackage(No Configuration,No Configuration)
2026-03-13 12:39:03,979 [INFO] CADModel:165 - CPN selected for project level
2026-03-13 12:39:03,980 [INFO] CADModel:114 - Register for checkConnection events
2026-03-13 12:39:03,989 [INFO] IPUIPlugin:80 - create IPUIPlugin
2026-03-13 12:39:03,990 [INFO] PluginManager:220 - loadIPPluginJar : add dfsdm
2026-03-13 12:39:03,994 [INFO] IPUIPlugin:80 - create IPUIPlugin
2026-03-13 12:39:03,994 [INFO] PluginManager:220 - loadIPPluginJar : add gfxmmu
2026-03-13 12:39:03,996 [INFO] IPUIPlugin:80 - create IPUIPlugin
2026-03-13 12:39:03,996 [INFO] PluginManager:220 - loadIPPluginJar : add i3c
2026-03-13 12:39:03,999 [INFO] IPUIPlugin:80 - create IPUIPlugin
2026-03-13 12:39:03,999 [INFO] PluginManager:220 - loadIPPluginJar : add sai
2026-03-13 12:39:04,005 [INFO] IPUIPlugin:80 - create IPUIPlugin
2026-03-13 12:39:04,005 [INFO] PluginManager:220 - loadIPPluginJar : add dma
2026-03-13 12:39:04,006 [INFO] IPUIPlugin:80 - create IPUIPlugin
2026-03-13 12:39:04,007 [INFO] PluginManager:220 - loadIPPluginJar : add quadspi
2026-03-13 12:39:04,010 [INFO] IPUIPlugin:80 - create IPUIPlugin
2026-03-13 12:39:04,010 [INFO] PluginManager:220 - loadIPPluginJar : add opamp
2026-03-13 12:39:04,011 [INFO] IPUIPlugin:80 - create IPUIPlugin
2026-03-13 12:39:04,011 [INFO] PluginManager:220 - loadIPPluginJar : add comp
2026-03-13 12:39:04,017 [INFO] IPUIPlugin:80 - create IPUIPlugin
2026-03-13 12:39:04,020 [INFO] PluginManager:220 - loadIPPluginJar : add plateformsettings
2026-03-13 12:39:04,021 [INFO] IPUIPlugin:80 - create IPUIPlugin
2026-03-13 12:39:04,021 [INFO] PluginManager:220 - loadIPPluginJar : add ltdc
2026-03-13 12:39:04,024 [INFO] IPUIPlugin:80 - create IPUIPlugin
2026-03-13 12:39:04,024 [INFO] PluginManager:220 - loadIPPluginJar : add nvic
2026-03-13 12:39:04,025 [INFO] IPUIPlugin:80 - create IPUIPlugin
2026-03-13 12:39:04,025 [INFO] PluginManager:220 - loadIPPluginJar : add fatfs
2026-03-13 12:39:04,030 [INFO] IPUIPlugin:80 - create IPUIPlugin
2026-03-13 12:39:04,030 [INFO] PluginManager:220 - loadIPPluginJar : add gpio
2026-03-13 12:39:04,033 [INFO] IPUIPlugin:80 - create IPUIPlugin
2026-03-13 12:39:04,033 [INFO] PluginManager:220 - loadIPPluginJar : add aes
2026-03-13 12:39:04,039 [INFO] IPUIPlugin:80 - create IPUIPlugin
2026-03-13 12:39:04,039 [INFO] PluginManager:220 - loadIPPluginJar : add mdma
2026-03-13 12:39:04,042 [INFO] IPUIPlugin:80 - create IPUIPlugin
2026-03-13 12:39:04,042 [INFO] PluginManager:220 - loadIPPluginJar : add pdm2pcm
2026-03-13 12:39:04,048 [INFO] IPUIPlugin:80 - create IPUIPlugin
2026-03-13 12:39:04,048 [INFO] PluginManager:220 - loadIPPluginJar : add linkedlist
2026-03-13 12:39:04,051 [INFO] IPUIPlugin:80 - create IPUIPlugin
2026-03-13 12:39:04,051 [INFO] PluginManager:220 - loadIPPluginJar : add usart
2026-03-13 12:39:04,054 [INFO] IPUIPlugin:80 - create IPUIPlugin
2026-03-13 12:39:04,054 [INFO] PluginManager:220 - loadIPPluginJar : add i2c
2026-03-13 12:39:04,056 [INFO] IPUIPlugin:80 - create IPUIPlugin
2026-03-13 12:39:04,056 [INFO] PluginManager:220 - loadIPPluginJar : add lorawan
2026-03-13 12:39:04,058 [INFO] IPUIPlugin:80 - create IPUIPlugin
2026-03-13 12:39:04,058 [INFO] PluginManager:220 - loadIPPluginJar : add usbx
2026-03-13 12:39:04,062 [INFO] IPUIPlugin:80 - create IPUIPlugin
2026-03-13 12:39:04,062 [INFO] PluginManager:220 - loadIPPluginJar : add fmc
2026-03-13 12:39:04,064 [INFO] IPUIPlugin:80 - create IPUIPlugin
2026-03-13 12:39:04,064 [INFO] PluginManager:220 - loadIPPluginJar : add extmemmanager
2026-03-13 12:39:04,070 [INFO] IPUIPlugin:80 - create IPUIPlugin
2026-03-13 12:39:04,071 [INFO] PluginManager:220 - loadIPPluginJar : add freertos
2026-03-13 12:39:04,073 [INFO] IPUIPlugin:80 - create IPUIPlugin
2026-03-13 12:39:04,073 [INFO] PluginManager:220 - loadIPPluginJar : add can
2026-03-13 12:39:04,076 [INFO] IPUIPlugin:80 - create IPUIPlugin
2026-03-13 12:39:04,076 [INFO] PluginManager:220 - loadIPPluginJar : add touchsensing
2026-03-13 12:39:04,078 [INFO] IPUIPlugin:80 - create IPUIPlugin
2026-03-13 12:39:04,078 [INFO] PluginManager:220 - loadIPPluginJar : add tracer_emb
2026-03-13 12:39:04,079 [INFO] IPUIPlugin:80 - create IPUIPlugin
2026-03-13 12:39:04,079 [INFO] PluginManager:220 - loadIPPluginJar : add ucpd
2026-03-13 12:39:04,081 [INFO] IPUIPlugin:80 - create IPUIPlugin
2026-03-13 12:39:04,081 [INFO] PluginManager:220 - loadIPPluginJar : add ts
2026-03-13 12:39:04,083 [INFO] IPUIPlugin:80 - create IPUIPlugin
2026-03-13 12:39:04,083 [INFO] PluginManager:220 - loadIPPluginJar : add tsc
2026-03-13 12:39:04,087 [INFO] IPUIPlugin:80 - create IPUIPlugin
2026-03-13 12:39:04,087 [INFO] PluginManager:220 - loadIPPluginJar : add resmgrutility
2026-03-13 12:39:04,089 [INFO] IPUIPlugin:80 - create IPUIPlugin
2026-03-13 12:39:04,089 [INFO] PluginManager:220 - loadIPPluginJar : add cryp
2026-03-13 12:39:04,091 [INFO] IPUIPlugin:80 - create IPUIPlugin
2026-03-13 12:39:04,092 [INFO] PluginManager:220 - loadIPPluginJar : add openamp
2026-03-13 12:39:04,097 [INFO] IPUIPlugin:80 - create IPUIPlugin
2026-03-13 12:39:04,097 [INFO] PluginManager:220 - loadIPPluginJar : add adc
2026-03-13 12:39:04,099 [INFO] IPUIPlugin:80 - create IPUIPlugin
2026-03-13 12:39:04,099 [INFO] PluginManager:220 - loadIPPluginJar : add spi
2026-03-13 12:39:04,103 [INFO] IPUIPlugin:80 - create IPUIPlugin
2026-03-13 12:39:04,103 [INFO] PluginManager:220 - loadIPPluginJar : add ipddr
2026-03-13 12:39:04,109 [INFO] IPUIPlugin:80 - create IPUIPlugin
2026-03-13 12:39:04,109 [INFO] PluginManager:220 - loadIPPluginJar : add stm32_wpan
2026-03-13 12:39:04,113 [INFO] IPUIPlugin:80 - create IPUIPlugin
2026-03-13 12:39:04,113 [INFO] PluginManager:220 - loadIPPluginJar : add gic
2026-03-13 12:39:04,117 [INFO] IPUIPlugin:80 - create IPUIPlugin
2026-03-13 12:39:04,117 [INFO] PluginManager:220 - loadIPPluginJar : add ddr_ctrl_phy
2026-03-13 12:39:04,119 [INFO] IPUIPlugin:80 - create IPUIPlugin
2026-03-13 12:39:04,119 [INFO] PluginManager:220 - loadIPPluginJar : add genericplugin
2026-03-13 12:39:04,121 [INFO] IPUIPlugin:80 - create IPUIPlugin
2026-03-13 12:39:04,121 [INFO] PluginManager:220 - loadIPPluginJar : add hash
2026-03-13 12:39:04,122 [INFO] IPUIPlugin:80 - create IPUIPlugin
2026-03-13 12:39:04,122 [INFO] PluginManager:220 - loadIPPluginJar : add tim
2026-03-13 12:39:04,124 [INFO] IPUIPlugin:80 - create IPUIPlugin
2026-03-13 12:39:04,124 [INFO] PluginManager:220 - loadIPPluginJar : add radio
2026-03-13 12:39:04,126 [INFO] IPUIPlugin:80 - create IPUIPlugin
2026-03-13 12:39:04,126 [INFO] PluginManager:220 - loadIPPluginJar : add gtzc
2026-03-13 12:39:04,128 [INFO] IPUIPlugin:80 - create IPUIPlugin
2026-03-13 12:39:04,128 [INFO] PluginManager:220 - loadIPPluginJar : add i2s
2026-03-13 12:39:04,130 [INFO] IPUIPlugin:80 - create IPUIPlugin
2026-03-13 12:39:04,130 [INFO] PluginManager:220 - loadIPPluginJar : add dma3
2026-03-13 12:39:04,233 [FATAL] Updater:351 - Updater called before beeing initialized
2026-03-13 12:39:04,264 [INFO] RulesReader:64 - Compatibility file has been processed (317 Rules)
2026-03-13 12:39:04,279 [INFO] RulesReader:64 - Compatibility file has been processed (317 Rules)
2026-03-13 12:39:04,287 [INFO] CADModel:165 - CPN selected for project level
2026-03-13 12:39:04,287 [INFO] CADModel:114 - Register for checkConnection events
2026-03-13 12:39:04,287 [FATAL] Updater:351 - Updater called before beeing initialized
2026-03-13 12:39:04,287 [ERROR] CADModel:125 - Updater not yet initialized, retry later 
2026-03-13 12:39:04,384 [FATAL] Updater:351 - Updater called before beeing initialized
2026-03-13 12:39:04,386 [INFO] CADModel:165 - CPN selected for project level
2026-03-13 12:39:04,386 [INFO] CADModel:114 - Register for checkConnection events
2026-03-13 12:39:04,386 [FATAL] Updater:351 - Updater called before beeing initialized
2026-03-13 12:39:04,386 [ERROR] CADModel:125 - Updater not yet initialized, retry later 
2026-03-13 12:39:04,389 [FATAL] Updater:351 - Updater called before beeing initialized
2026-03-13 12:39:04,454 [FATAL] Updater:351 - Updater called before beeing initialized
2026-03-13 12:39:04,458 [INFO] DbMcusAds:53 - JSON generation date=Wed Feb 18 20:02:49 IST 2026 (1771425169665)
2026-03-13 12:39:04,458 [FATAL] Updater:351 - Updater called before beeing initialized
2026-03-13 12:39:04,487 [WARN] DetailPanel:346 - Failed to get advertising image, set to default
2026-03-13 12:39:04,549 [FATAL] Updater:351 - Updater called before beeing initialized
2026-03-13 12:39:04,551 [FATAL] Updater:351 - Updater called before beeing initialized
2026-03-13 12:39:04,551 [FATAL] Updater:351 - Updater called before beeing initialized
2026-03-13 12:39:04,551 [WARN] DetailPanel:346 - Failed to get advertising image, set to default
2026-03-13 12:39:04,552 [FATAL] Updater:351 - Updater called before beeing initialized
2026-03-13 12:39:04,580 [ERROR] Updater:1198 - MainUpdater not yet initialized. External WinMGr cannot be set.
2026-03-13 12:39:04,582 [INFO] Updater:1134 - Updater Version found : 6.15.0
2026-03-13 12:39:04,596 [INFO] ApplicationProperties:184 - Using Application install path: /opt/st/stm32cubeide_1.19.0/plugins/com.st.stm32cube.common.mx_6.15.0.202507011659
2026-03-13 12:39:04,876 [INFO] MainUpdater:2872 - connection check result : 10
2026-03-13 12:39:04,876 [INFO] MainUpdater:3604 - Updater definition file requires update
2026-03-13 12:39:04,877 [INFO] MainUpdater:289 - Updater Check For Update Now.
2026-03-13 12:39:04,878 [INFO] MicroXplorer:498 - Change Database Version : DB.6.0.150
2026-03-13 12:39:04,887 [INFO] McuFinderGlobals:63 - Set McuFinder mode to 2 (CubeIDE integrated)
2026-03-13 12:39:04,888 [INFO] UserAuth:171 - activating auth plugin
2026-03-13 12:39:04,892 [INFO] UserAuth:487 - Internet connection configuration mode: 1
2026-03-13 12:39:04,917 [INFO] JxBrowserEngine:152 - Initiate JxBrowser Engine with user profile folder
2026-03-13 12:39:04,951 [INFO] ServerAccessManage:452 - Complete download http(s) 200
2026-03-13 12:39:04,952 [INFO] ServerAccessManage:509 - Download File updaters.zip
2026-03-13 12:39:05,128 [INFO] FileExtend:248 - Unzip File : updaters.zip
2026-03-13 12:39:05,128 [INFO] FileExtend:263 - Standard Zip Deflate
2026-03-13 12:39:05,356 [INFO] ServerAccessManage:452 - Complete download http(s) 200
2026-03-13 12:39:05,356 [INFO] ServerAccessManage:509 - Download File PacksControlFlags.xml
2026-03-13 12:39:05,436 [INFO] ServerAccessManage:452 - Complete download http(s) 200
2026-03-13 12:39:05,436 [INFO] ServerAccessManage:509 - Download File cubemx.pidx
2026-03-13 12:39:05,947 [INFO] WebApp:169 - Instantiating new browser for Auth
2026-03-13 12:39:06,119 [INFO] ServerAccessManage:452 - Complete download http(s) 200
2026-03-13 12:39:06,119 [INFO] ServerAccessManage:509 - Download File STMicroelectronics.X-CUBE-FREERTOS.pdsc
2026-03-13 12:39:06,540 [INFO] WebApp:463 - Apply proxy settings
2026-03-13 12:39:06,541 [INFO] WebApp:548 - Chromium requires no authentication
2026-03-13 12:39:06,547 [INFO] WebApp:491 - Direct internet connection detected
2026-03-13 12:39:06,561 [INFO] WebApp:900 - Register for checkConnection events
2026-03-13 12:39:06,561 [INFO] WebApp:463 - Apply proxy settings
2026-03-13 12:39:06,561 [INFO] WebApp:548 - Chromium requires no authentication
2026-03-13 12:39:06,561 [INFO] WebApp:491 - Direct internet connection detected
2026-03-13 12:39:06,590 [WARN] MainUpdater:1193 - Updater busy. Cannot search thirdparties
2026-03-13 12:39:06,590 [INFO] ThirdPartyUpdaterWithRetryManager:96 - Updater plugin is busy. [1/15]
2026-03-13 12:39:06,685 [INFO] WebApp:225 - Starting web application
2026-03-13 12:39:06,686 [INFO] WebApp:593 - Web application path used /opt/st/stm32cubeide_1.19.0/plugins/com.st.stm32cube.common.mx_6.15.0.202507011659/db/plugins/mcufinder/reactClient1/index.html
2026-03-13 12:39:07,052 [INFO] ServerAccessManage:452 - Complete download http(s) 200
2026-03-13 12:39:07,053 [INFO] ServerAccessManage:509 - Download File STMicroelectronics.X-CUBE-TOUCHGFX.pdsc
2026-03-13 12:39:07,221 [INFO] WebApp:191 - Connection restablished
2026-03-13 12:39:08,289 [ERROR] ExternalUserPreferencesManager:606 - Error while get path from external application: Cannot invoke "com.st.stm32cube.common.mx.MxActivator.getBundle()" because the return value of "com.st.stm32cube.common.mx.MxActivator.getDefault()" is null
2026-03-13 12:39:08,289 [ERROR] ExternalUserPreferencesManager:336 - Error while get preference info from external application: Cannot invoke "com.st.stm32cube.common.mx.MxActivator.getBundle()" because the return value of "com.st.stm32cube.common.mx.MxActivator.getDefault()" is null
2026-03-13 12:39:08,289 [ERROR] ExternalUserPreferencesManager:560 - Error while get preference info from external application: Cannot invoke "com.st.stm32cube.common.mx.MxActivator.getBundle()" because the return value of "com.st.stm32cube.common.mx.MxActivator.getDefault()" is null
2026-03-13 12:39:08,324 [ERROR] LogOutputStream:75 - [STDERR_REDIRECT] 
