../Core/Src/main.c:71:5:main	48	static,ignoring_inline_asm
../Core/Src/main.c:139:6:SystemClock_Config	88	static
../Core/Src/main.c:186:13:MX_GPIO_Init	56	static
../Core/Src/main.c:334:13:led_green_handler	16	static
../Core/Src/main.c:342:13:led_orange_handler	16	static
../Core/Src/main.c:350:13:led_red_handler	16	static
../Core/Src/main.c:359:6:vApplicationIdleHook	8	static
../Core/Src/main.c:373:6:HAL_TIM_PeriodElapsedCallback	16	static
../Core/Src/main.c:391:6:Error_Handler	4	static,ignoring_inline_asm
